nohup: ignoring input
[DEBUG] Registered SIGUSR1 stack dump. Use: kill -USR1 <pid>
[Train] Launching Isaac Sim: device=cuda:0, headless=True, enable_cameras=False
[Warning] [simulation_app.simulation_app] Modules: ['omni.kit_app'] were loaded before SimulationApp was started and might not be loaded correctly.
[Warning] [simulation_app.simulation_app] Please check to make sure no extra omniverse or pxr modules are imported before the call to SimulationApp(...)
Loading user config located at: '/hdd0/yuxuancheng/miniconda3/envs/mosaic/lib/python3.10/site-packages/omni/data/Kit/Isaac-Sim/4.5/user.config.json'
[Info] [carb] Logging to file: /hdd0/yuxuancheng/miniconda3/envs/mosaic/lib/python3.10/site-packages/omni/logs/Kit/Isaac-Sim/4.5/kit_20260811_175335.log
2026-08-11 17:53:35 [0ms] [Warning] [omni.kit.app.plugin] No crash reporter present, dumps uploading isn't available.
2026-08-11 17:53:35 [3ms] [Warning] [omni.ext.plugin] [ext: rendering_modes] Extensions config 'extension.toml' doesn't exist '/home/yuxuancheng/IsaacLab_mosaic/apps/rendering_modes' or '/home/yuxuancheng/IsaacLab_mosaic/apps/rendering_modes/config'
2026-08-11 17:53:35 [144ms] [Warning] [omni.usd_config.extension] Enable omni.materialx.libs extension to use MaterialX
2026-08-11 17:53:35 [277ms] [Warning] [omni.platforminfo.plugin] failed to open the default display.  Can't verify X Server version.
2026-08-11 17:53:36 [576ms] [Warning] [omni.datastore] OmniHub is inaccessible
2026-08-11 17:53:36 [690ms] [Warning] [omni.isaac.dynamic_control] omni.isaac.dynamic_control is deprecated as of Isaac Sim 4.5. No action is needed from end-users.
2026-08-11 17:53:41 [5,482ms] [Warning] [carb.cudainterop.plugin] CUDA_VISIBLE_DEVICES environment variable is set.
2026-08-11 17:53:41 [5,482ms] [Warning] [carb.cudainterop.plugin] Note CUDA device enumeration and Omniverse device enumeration are different.
2026-08-11 17:53:41 [5,482ms] [Warning] [carb.cudainterop.plugin] Setting CUDA_VISIBLE_DEVICES can lead to undesired behavior or crashes.
2026-08-11 17:53:41 [5,484ms] [Warning] [gpu.foundation.plugin] Skipping NVIDIA GPU due CUDA being in bad state: NVIDIA RTX A6000
2026-08-11 17:53:41 [5,484ms] [Warning] [gpu.foundation.plugin] Please restart your system if CUDA is known to work in your system.
2026-08-11 17:53:41 [5,484ms] [Warning] [gpu.foundation.plugin] Skipping NVIDIA GPU due CUDA being in bad state: NVIDIA RTX A6000
2026-08-11 17:53:41 [5,484ms] [Warning] [gpu.foundation.plugin] Please restart your system if CUDA is known to work in your system.
2026-08-11 17:53:41 [5,484ms] [Warning] [gpu.foundation.plugin] Skipping NVIDIA GPU due CUDA being in bad state: NVIDIA RTX A6000
2026-08-11 17:53:41 [5,484ms] [Warning] [gpu.foundation.plugin] Please restart your system if CUDA is known to work in your system.
2026-08-11 17:53:41 [5,484ms] [Warning] [gpu.foundation.plugin] Skipping NVIDIA GPU due CUDA being in bad state: NVIDIA RTX A6000
2026-08-11 17:53:41 [5,484ms] [Warning] [gpu.foundation.plugin] Please restart your system if CUDA is known to work in your system.
2026-08-11 17:53:41 [5,485ms] [Warning] [gpu.foundation.plugin] Skipping NVIDIA GPU due CUDA being in bad state: NVIDIA RTX A6000
2026-08-11 17:53:41 [5,485ms] [Warning] [gpu.foundation.plugin] Please restart your system if CUDA is known to work in your system.
2026-08-11 17:53:41 [5,485ms] [Warning] [gpu.foundation.plugin] Skipping NVIDIA GPU due CUDA being in bad state: NVIDIA RTX A6000
2026-08-11 17:53:41 [5,485ms] [Warning] [gpu.foundation.plugin] Please restart your system if CUDA is known to work in your system.
2026-08-11 17:53:41 [5,485ms] [Warning] [gpu.foundation.plugin] Skipping NVIDIA GPU due CUDA being in bad state: NVIDIA RTX A6000
2026-08-11 17:53:41 [5,485ms] [Warning] [gpu.foundation.plugin] Please restart your system if CUDA is known to work in your system.
2026-08-11 17:53:41 [5,485ms] [Warning] [gpu.foundation.plugin] Skipping NVIDIA GPU due CUDA being in bad state: NVIDIA RTX A6000
2026-08-11 17:53:41 [5,485ms] [Warning] [gpu.foundation.plugin] Please restart your system if CUDA is known to work in your system.
2026-08-11 17:53:41 [5,485ms] [Warning] [gpu.foundation.plugin] Skipping NVIDIA GPU due CUDA being in bad state: NVIDIA RTX A6000
2026-08-11 17:53:41 [5,485ms] [Warning] [gpu.foundation.plugin] Please restart your system if CUDA is known to work in your system.
2026-08-11 17:53:41 [5,485ms] [Warning] [gpu.foundation.plugin] Skipping NVIDIA GPU due CUDA being in bad state: NVIDIA RTX A6000
2026-08-11 17:53:41 [5,485ms] [Warning] [gpu.foundation.plugin] Please restart your system if CUDA is known to work in your system.
2026-08-11 17:53:41 [5,485ms] [Warning] [gpu.foundation.plugin] Skipping NVIDIA GPU due CUDA being in bad state: NVIDIA RTX A6000
2026-08-11 17:53:41 [5,485ms] [Warning] [gpu.foundation.plugin] Please restart your system if CUDA is known to work in your system.
2026-08-11 17:53:41 [5,485ms] [Warning] [gpu.foundation.plugin] Skipping NVIDIA GPU due CUDA being in bad state: NVIDIA RTX A6000
2026-08-11 17:53:41 [5,485ms] [Warning] [gpu.foundation.plugin] Please restart your system if CUDA is known to work in your system.
2026-08-11 17:53:41 [5,485ms] [Warning] [gpu.foundation.plugin] Skipping NVIDIA GPU due CUDA being in bad state: NVIDIA RTX A6000
2026-08-11 17:53:41 [5,485ms] [Warning] [gpu.foundation.plugin] Please restart your system if CUDA is known to work in your system.
2026-08-11 17:53:41 [5,485ms] [Warning] [gpu.foundation.plugin] Skipping NVIDIA GPU due CUDA being in bad state: NVIDIA RTX A6000
2026-08-11 17:53:41 [5,485ms] [Warning] [gpu.foundation.plugin] Please restart your system if CUDA is known to work in your system.

|---------------------------------------------------------------------------------------------|
| Driver Version: 550.90.12     | Graphics API: Vulkan
|=============================================================================================|
| GPU | Name                             | Active | LDA | GPU Memory | Vendor-ID | LUID       |
|     |                                  |        |     |            | Device-ID | UUID       |
|     |                                  |        |     |            | Bus-ID    |            |
|---------------------------------------------------------------------------------------------|
| 0   | NVIDIA RTX A6000                 | Yes: 0 |     | 49386   MB | 10de      | 0          |
|     |                                  |        |     |            | 2230      | 37c231e9.. |
|     |                                  |        |     |            | 4f        |            |
|---------------------------------------------------------------------------------------------|
| 1   | NVIDIA RTX A6000                 |        |     | 49386   MB | 10de      | 0          |
|     |                                  |        |     |            | 2230      | e2892e08.. |
|     |                                  |        |     |            | 50        |            |
|---------------------------------------------------------------------------------------------|
| 2   | NVIDIA RTX A6000                 |        |     | 49386   MB | 10de      | 0          |
|     |                                  |        |     |            | 2230      | 8040cd6e.. |
|     |                                  |        |     |            | 53        |            |
|---------------------------------------------------------------------------------------------|
| 3   | NVIDIA RTX A6000                 |        |     | 49386   MB | 10de      | 0          |
|     |                                  |        |     |            | 2230      | 54fe3201.. |
|     |                                  |        |     |            | 57        |            |
|---------------------------------------------------------------------------------------------|
| 4   | NVIDIA RTX A6000                 |        |     | 49386   MB | 10de      | 0          |
|     |                                  |        |     |            | 2230      | 97eb4793.. |
|     |                                  |        |     |            | 9c        |            |
|---------------------------------------------------------------------------------------------|
| 5   | NVIDIA RTX A6000                 |        |     | 49386   MB | 10de      | 0          |
|     |    [INFO][AppLauncher]: Using device: cuda:0
[INFO][AppLauncher]: Loading experience file: /home/yuxuancheng/IsaacLab_mosaic/apps/isaaclab.python.headless.kit
[Train] Isaac Sim ready.
[INFO]: Parsing configuration from: <class 'whole_body_tracking.tasks.tracking.config.g1.flat_env_cfg.G1FlatFrontRESFinetuneEnvCfg'>
[INFO]: Parsing configuration from: whole_body_tracking.tasks.tracking.config.g1.agents.rsl_rl_mosaic_cfg:G1FlatFrontRESUnifiedRunnerCfg
[AUDIT-PERTURB-01] specialist_mode=rp perturbation_channels=rp dr_scale=1.25 max_horizon_k=64
[FrontRES Stage] Applied preset: stage3_segment_hrl
[FrontRES Stage] experiment=g1_flat_frontres_stage3_segment_hrl, objective=segment_replay_hrl, segment_replay=True, segment_live=True, segment_sentinel=False, v015_local_sentinel=False, segment_probe=False, segment_storage=False, segment_single_update=False, segment_update_loop=False, segment_train=True, segment_update_steps=1, segment_critic_warmup=200, segment_actor_warmup=500, critic_value_norm=ema-target-std-nonamplifying-v1, critic_value_norm_decay=0.9, critic_value_norm_floor=1.0, formal_runtime_audit=True, segment_k=8, k_curriculum=((8, 4, 200, 500, 1300, 'lower-k8', 0.5, 'linear-coupled-v1', 700, 2.381), (16, 4, 300, 300, 900, 'lower-k16', 0.6, 'linear-coupled-v1', 600, 2.381), (32, 4, 400, 300, 625, 'lower-k32', 0.7, 'linear-coupled-v1', 700, 2.381)), future_offsets=(1, 2), segment_shard_cache_size=8, max_iterations=1, supervised_warmup=0, is_full_resume=False
[FrontRES Stage3 Segment HRL] ppo_schedule_override schedule=fixed
[FrontRES Stage3 Segment HRL] split_lr actor_lr_init=3e-07 actor_lr_joint=1e-06 critic_learning_rate=1e-05 schedule=fixed
[FrontRES Stage3 Segment HRL] motion_loader_cfg has_load_cap=True has_shard_flag=True applied={'motion_dataset_shard_across_gpus': False, 'motion_dataset_load_cap': None, 'motion_dataset_log_shard_info': True}
[INFO] FrontRES perturbation alignment: rp (root_tilt=0.5/0.08, iid_rp=0.4/0.08; xy/yaw/z/joint disabled)
[INFO] PhysX GPU capacities prepared for 64 envs: contact=8388608, patch=1966080, pairs=16777216
                              |        |     |            | 2230      | 3b41bb25.. |
|     |                                  |        |     |            | 9d        |            |
|---------------------------------------------------------------------------------------------|
| 6   | NVIDIA RTX A6000                 |        |     | 49386   MB | 10de      | 0          |
|     |                                  |        |     |            | 2230      | 95c55dc8.. |
|     |                                  |        |     |            | a0        |            |
|---------------------------------------------------------------------------------------------|
| 7   | NVIDIA RTX A6000                 |        |     | 49386   MB | 10de      | 0          |
|     |                                  |        |     |            | 2230      | 64bd5306.. |
|     |                                  |        |     |            | a4        |            |
|=============================================================================================|
| OS: 24.04.1 LTS (Noble Numbat) ubuntu, Version: 24.04.1, Kernel: 6.8.0-134-generic
| Processor: Intel(R) Xeon(R) Gold 6326 CPU @ 2.90GHz
| Cores: 32 | Logical Cores: 64
|---------------------------------------------------------------------------------------------|
| Total Memory (MB): 515613 | Free Memory: 440365
| Total Page/Swap (MB): 8191 | Free Page/Swap: 0
|---------------------------------------------------------------------------------------------|
2026-08-11 17:53:42 [6,436ms] [Warning] [gpu.foundation.plugin] IOMMU is enabled.
2026-08-11 17:53:42 [6,436ms] [Warning] [gpu.foundation.plugin] Detected IOMMU is enabled. Running CUDA peer-to-peer bandwidth and latency validation.
Unidirectional P2P=Enabled Bandwidth (P2P Writes) Matrix (GB/s)
   D\D     0 
     0 673.49 
P2P=Enabled Latency (P2P Writes) Matrix (us)
   GPU     0 
     0   1.65 

   CPU     0 
     0   3.38 
2026-08-11 17:53:44 [8,912ms] [Warning] [carb.windowing-glfw.plugin] GLFW initialization failed.
2026-08-11 17:53:44 [8,912ms] [Warning] [carb] Failed to startup plugin carb.windowing-glfw.plugin (interfaces: [carb::windowing::IGLContext v1.0],[carb::windowing::IWindowing v1.5]) (impl: carb.windowing-glfw.plugin)
2026-08-11 17:53:44 [8,917ms] [Error] [gpu.foundation.plugin] DriverShaderCacheManager::init() called without a shutdown()!
2026-08-11 17:53:44 [9,054ms] [Warning] [gpu.foundation.plugin] Skipping NVIDIA GPU due CUDA being in bad state: NVIDIA RTX A6000
2026-08-11 17:53:44 [9,054ms] [Warning] [gpu.foundation.plugin] Please restart your system if CUDA is known to work in your system.
2026-08-11 17:53:44 [9,054ms] [Warning] [gpu.foundation.plugin] Skipping NVIDIA GPU due CUDA being in bad state: NVIDIA RTX A6000
2026-08-11 17:53:44 [9,054ms] [Warning] [gpu.foundation.plugin] Please restart your system if CUDA is known to work in your system.
2026-08-11 17:53:44 [9,054ms] [Warning] [gpu.foundation.plugin] Skipping NVIDIA GPU due CUDA being in bad state: NVIDIA RTX A6000
2026-08-11 17:53:44 [9,054ms] [Warning] [gpu.foundation.plugin] Please restart your system if CUDA is known to work in your system.
2026-08-11 17:53:44 [9,055ms] [Warning] [gpu.foundation.plugin] Skipping NVIDIA GPU due CUDA being in bad state: NVIDIA RTX A6000
2026-08-11 17:53:44 [9,055ms] [Warning] [gpu.foundation.plugin] Please restart your system if CUDA is known to work in your system.
2026-08-11 17:53:44 [9,056ms] [Warning] [gpu.foundation.plugin] Skipping NVIDIA GPU due CUDA being in bad state: NVIDIA RTX A6000
2026-08-11 17:53:44 [9,056ms] [Warning] [gpu.foundation.plugin] Please restart your system if CUDA is known to work in your system.
2026-08-11 17:53:44 [9,056ms] [Warning] [gpu.foundation.plugin] Skipping NVIDIA GPU due CUDA being in bad state: NVIDIA RTX A6000
2026-08-11 17:53:44 [9,056ms] [Warning] [gpu.foundation.plugin] Please restart your system if CUDA is known to work in your system.
2026-08-11 17:53:44 [9,056ms] [Warning] [gpu.foundation.plugin] Skipping NVIDIA GPU due CUDA being in bad state: NVIDIA RTX A6000
2026-08-11 17:53:44 [9,056ms] [Warning] [gpu.foundation.plugin] Please restart your system if CUDA is known to work in your system.
2026-08-11 17:53:44 [9,056ms] [Warning] [gpu.foundation.plugin] Skipping NVIDIA GPU due CUDA being in bad state: NVIDIA RTX A6000
2026-08-11 17:53:44 [9,056ms] [Warning] [gpu.foundation.plugin] Please restart your system if CUDA is known to work in your system.
2026-08-11 17:53:44 [9,056ms] [Warning] [gpu.foundation.plugin] Skipping NVIDIA GPU due CUDA being in bad state: NVIDIA RTX A6000
2026-08-11 17:53:44 [9,056ms] [Warning] [gpu.foundation.plugin] Please restart your system if CUDA is known to work in your system.
2026-08-11 17:53:44 [9,056ms] [Warning] [gpu.foundation.plugin] Skipping NVIDIA GPU due CUDA being in bad state: NVIDIA RTX A6000
2026-08-11 17:53:44 [9,056ms] [Warning] [gpu.foundation.plugin] Please restart your system if CUDA is known to work in your system.
2026-08-11 17:53:44 [9,056ms] [Warning] [gpu.foundation.plugin] Skipping NVIDIA GPU due CUDA being in bad state: NVIDIA RTX A6000
2026-08-11 17:53:44 [9,056ms] [Warning] [gpu.foundation.plugin] Please restart your system if CUDA is known to work in your system.
2026-08-11 17:53:44 [9,056ms] [Warning] [gpu.foundation.plugin] Skipping NVIDIA GPU due CUDA being in bad state: NVIDIA RTX A6000
2026-08-11 17:53:44 [9,056ms] [Warning] [gpu.foundation.plugin] Please restart your system if CUDA is known to work in your system.
2026-08-11 17:53:44 [9,056ms] [Warning] [gpu.foundation.plugin] Skipping NVIDIA GPU due CUDA being in bad state: NVIDIA RTX A6000
2026-08-11 17:53:44 [9,056ms] [Warning] [gpu.foundation.plugin] Please restart your system if CUDA is known to work in your system.
2026-08-11 17:53:44 [9,056ms] [Warning] [gpu.foundation.plugin] Skipping NVIDIA GPU due CUDA being in bad state: NVIDIA RTX A6000
2026-08-11 17:53:44 [9,056ms] [Warning] [gpu.foundation.plugin] Please restart your system if CUDA is known to work in your system.

|---------------------------------------------------------------------------------------------|
| Driver Version: 550.90.12     | Graphics API: Vulkan
|=============================================================================================|
| GPU | Name                             | Active | LDA | GPU Memory | Vendor-ID | LUID       |
|     |                                  |        |     |            | Device-ID | UUID       |
|     |                                  |        |     |            | Bus-ID    |            |
|---------------------------------------------------------------------------------------------|
| 0   | NVIDIA RTX A6000                 | Yes: 0 |     | 49386   MB | 10de      | 0          |
|     |                                  |        |     |            | 2230      | 37c231e9.. |
|     |                                  |        |     |            | 4f        |            |
|---------------------------------------------------------------------------------------------|
| 1   | NVIDIA RTX A6000                 |        |     | 49386   MB | 10de      | 0          |
|     |                                  |        |     |            | 2230      | e2892e08.. |
|     |                                  |        |     |            | 50        |            |
|---------------------------------------------------------------------------------------------|
| 2   | NVIDIA RTX A6000                 |        |     | 49386   MB | 10de      | 0          |
|     |                                  |        |     |            | 2230      | 8040cd6e.. |
|     |                                  |        |     |            | 53        |            |
|---------------------------------------------------------------------------------------------|
| 3   | NVIDIA RTX A6000                 |        |     | 49386   MB | 10de      | 0          |
|     |                                  |        |     |            | 2230      | 54fe3201.. |
|     |                                  |        |     |            | 57        |            |
|---------------------------------------------------------------------------------------------|
| 4   | NVIDIA RTX A6000                 |        |     | 49386   MB | 10de      | 0          |
|     |                                  |        |     |            | 2230      | 97eb4793.. |
|     |                                  |        |     |            | 9c        |            |
|---------------------------------------------------------------------------------------------|
| 5   | NVIDIA RTX A6000                 |        |     | 49386   MB | 10de      | 0          |
|     |                                  |        |     |            | 2230      | 3b41bb25.. |
|     |                                  |        |     |            | 9d        |            |
|---------------------------------------------------------------------------------------------|
| 6   | NVIDIA RTX A6000                 |        |     | 49386   MB | 10de      | 0          |
|     |                                  |        |     |            | 2230      | 95c55dc8.. |
|     |                                  |        |     |            | a0        |            |
|---------------------------------------------------------------------------------------------|
| 7   | NVIDIA RTX A6000                 |        |     | 49386   MB | 10de      | 0          |
|     |                                  |        |     |            | 2230      | 64bd5306.. |
|     |                                  |        |     |            | a4        |            |
|=============================================================================================|
| OS: 24.04.1 LTS (Noble Numbat) ubuntu, Version: 24.04.1, Kernel: 6.8.0-134-generic
| Processor: Intel(R) Xeon(R) Gold 6326 CPU @ 2.90GHz
| Cores: 32 | Logical Cores: 64
|---------------------------------------------------------------------------------------------|
| Total Memory (MB): 515613 | Free Memory: 440049
| Total Page/Swap (MB): 8191 | Free Page/Swap: 0
|---------------------------------------------------------------------------------------------|
Unidirectional P2P=Enabled Bandwidth (P2P Writes) Matrix (GB/s)
   D\D     0 
     0 672.04 
P2P=Enabled Latency (P2P Writes) Matrix (us)
   GPU     0 
     0   1.74 

   CPU     0 
     0   5.04 
2026-08-11 17:53:45 [10,277ms] [Warning] [gpu.foundation.plugin] IOMMU is enabled.
2026-08-11 17:53:45 [10,278ms] [Warning] [gpu.foundation.plugin] Detected IOMM[FrontRES Runtime Temp] temp_root=/tmp/femr_1009 asset_usd_dir=/tmp/femr_1009/isaaclab_assets/rank0_cp0uir_v rank=0
[INFO] Logging experiment in directory: /hdd0/yuxuancheng/FEMR/g1_flat_frontres_stage3_segment_hrl
Setting seed: 42
[INFO]: Base environment:
	Environment device    : cuda:0
	Environment seed      : 42
	Physics step-size     : 0.005
	Rendering step-size   : 0.02
	Environment step-size : 0.02
[INFO] Generating terrains randomly took : 0.417659 seconds
[INFO]: Time taken for scene creation : 4.680954 seconds
[INFO]: Scene manager:  <class InteractiveScene>
	Number of environments: 64
	Environment spacing   : 2.5
	Source prim name      : /World/envs/env_0
	Global prim paths     : ['/World/ground']
	Replicate physics     : True
[INFO]: Starting the simulation. This may take a few seconds. Please wait...
[INFO]: Time taken for simulation start : 1.347649 seconds
[MultiMotionLoader] Motion group distribution:
  - default: 15291 motions
[MultiMotionLoader] shard_info={'total_motions': 15291, 'selected_motions': 15291, 'shard_across_gpus': False, 'shard_by': 'global', 'shard_seed': 0, 'shard_strategy': 'chunk', 'rank': 0, 'world_size': 1, 'max_motions': -1}
[MultiMotionCommand] Registered motion groups: ['default']
[MultiMotionCommand]   - Group 'default': 15291 motions
[INFO] Command Manager:  <CommandManager> contains 1 active terms.
+-------------------------------------+
|         Active Command Terms        |
+-------+--------+--------------------+
| Index | Name   |        Type        |
+-------+--------+--------------------+
|   0   | motion | MultiMotionCommand |
+-------+--------+--------------------+

[INFO] Event Manager:  <EventManager> contains 0 active terms.

[INFO] Recorder Manager:  <RecorderManager> contains 0 active terms.
+---------------------+
| Active Recorder Terms |
+-----------+---------+
|   Index   | Name    |
+-----------+---------+
+-----------+---------+

[INFO] Action Manager:  <ActionManager> contains 1 active terms.
+------------------------------------+
|  Active Action Terms (shape: 29)   |
+--------+-------------+-------------+
| Index  | Name        |   Dimension |
+--------+-------------+-------------+
|   0    | joint_pos   |          29 |
+--------+-------------+-------------+

[INFO] Observation Manager: <ObservationManager> contains 2 groups.
+-------------------------------------------------------------+
| Active Observation Terms in Group: 'policy' (shape: (870,)) |
+----------+--------------------------------------+-----------+
|  Index   | Name                                 |   Shape   |
+----------+--------------------------------------+-----------+
|    0     | anchor_root_pos_error_w              |   (15,)   |
|    1     | anchor_root_rpy_error_w              |   (15,)   |
|    2     | frontres_balance_context             |   (70,)   |
|    3     | command                              |   (290,)  |
|    4     | motion_anchor_ori_b                  |   (30,)   |
|    5     | base_ang_vel                         |   (15,)   |
|    6     | joint_pos                            |   (145,)  |
|    7     | joint_vel                            |   (145,)  |
|    8     | actions                              |   (145,)  |
+----------+--------------------------------------+-----------+
+-----------------------------------------------------------+
| Active Observation Terms in Group: 'critic' (shape: (289,)) |
+-----------+-----------------------------------+-----------+
|   Index   | Name                              |   Shape   |
+-----------+-----------------------------------+-----------+
|     0     | command                           |   (58,)   |
|     1     | motion_anchor_pos_b               |    (3,)   |
|     2     | motion_anchor_ori_b               |    (6,)   |
|     3     | body_pos                          |   (42,)   |
|     4     | body_ori                          |   (84,)   |
|     5     | base_lin_vel                      |    (3,)   |
|     6     | ref_base_lin_vel                  |    (3,)   |
|     7     | base_ang_vel                      |    (3,)   |
|     8     | joint_pos                         |   (29,)   |
|     9     | joint_vel                         |   (29,)   |
|     10    | actions                           |   (29,)   |
+-----------+-----------------------------------+-----------+

[INFO] Termination Manager:  <TerminationManager> contains 5 active terms.
+--------------------------------+
|    Active Termination Terms    |
+-------+-------------+----------+
| Index | Name        | Time Out |
+-------+-------------+----------+
|   0   | motion_end  |   True   |
|   1   | time_out    |   True   |
|   2   | anchor_pos  |  False   |
|   3   | anchor_ori  |  False   |
|   4   | ee_body_pos |  False   |
+-------+-------------+----------+

[INFO] Reward Manager:  <RewardManager> contains 11 active terms.
+--------------------------------------------+
|            Active Reward Terms             |
+-------+--------------------------+---------+
| Index | Name                     |  Weight |
+-------+--------------------------+---------+
|   0   | contact_feet             |     1.0 |
|   1   | motion_feet_pos          |     1.0 |
|   2   | motion_body_pos          |     0.5 |
|   3   | motion_body_ori          |     0.5 |
|   4   | motion_body_lin_vel      |    0.75 |
|   5   | motion_body_ang_vel      |    0.75 |
|   6   | motion_global_anchor_pos |     0.5 |
|   7   | motion_global_anchor_ori |     0.5 |
|   8   | undesired_contacts       |    -2.0 |
|   9   | joint_limit              |   -20.0 |
|   10  | joint_torque             | -0.0002 |
+-------+--------------------------+---------+

[INFO] Curriculum Manager:  <CurriculumManager> contains 0 active terms.
+----------------------+
| Active Curriculum Terms |
+-----------+----------+
|   Index   | Name     |
+-----------+----------+
+-----------+----------+

[INFO]: Completed setting up the environment...
[Runner] FrontRES specialist mode enabled: rp (local_rp perturbation; full-6D repair)
[FrontRES Segment Live Train Ready] objective=segment_replay_hrl segment_k=8 max_horizon_k=64 update_steps=1 reset_mode=auto live_runner=True runner_learn=True storage=independent ppo_action=delta_se3_6d evaluation=external
[FrontRESUnified] Using 'critic' observations for value estimation.
[Runner] FrontRES v015 future-intent actor layout: version=frontres-v015-future-intent-q29-v1 H=(1, 2) tail=58 raw_obs=870 actor_obs=928 frontres_obs=158 critic_obs=449 gmt_obs=770
[ResidualActorCritic] Loading GMT policy from: /hdd0/yuxuancheng/FEMR/model/model_27000.pt
[ResidualActorCritic] GMT architecture: actor_input=770, critic_input=289, actions=29
Actor MLP: Sequential(
  (0): Linear(in_features=770, out_features=1024, bias=True)
  (1): ELU(alpha=1.0)
  (2): Linear(in_features=1024, out_features=1024, bias=True)
  (3): ELU(alpha=1.0)
  (4): Linear(in_features=1024, out_features=512, bias=True)
  (5): ELU(alpha=1.0)
  (6): Linear(in_features=512, out_features=256, bias=True)
  (7): ELU(alpha=1.0)
  (8): Linear(in_features=256, out_features=29, bias=True)
)
Critic MLP: Sequential(
  (0): Linear(in_features=289, out_features=1024, bias=True)
  (1): ELU(alpha=1.0)
  (2): Linear(in_features=1024, out_features=1024, bias=True)
  (3): ELU(alpha=1.0)
  (4): Linear(in_features=1024, out_features=512, bias=True)
  (5): ELU(alpha=1.0)
  (6): Linear(in_features=512, out_features=256, bias=True)
  (7): ELU(alpha=1.0)
  (8): Linear(in_features=256, out_features=1, bias=True)
)
[ResidualActorCritic] GMT policy frozen (all parameters require_grad=False)
[ResidualActorCritic] GMT observation normalizer loaded (dim=770) and frozen
[ResidualActorCritic] Residual last layer weight norm: 0.034206 (gain=0.01)
[FrontEndResidualActorCritic] FrontRES output: 6 task-space dims [Δpos(3)+Δrpy(3)] — no Δq patching
[FrontEndResidualActorCritic] FrontRES network: Sequential(
  (0): Linear(in_features=158, out_features=512, bias=True)
  (1): ELU(alpha=1.0)
  (2): Linear(in_features=512, out_features=256, bias=True)
  (3): ELU(alpha=1.0)
  (4): Linear(in_features=256, out_features=128, bias=True)
  (5): ELU(alpha=1.0)
  (6): Linear(in_features=128, out_features=6, bias=True)
) (input_dim=158, output_dim=6)
[ResidualActorCritic] Critic MLP: Sequential(
  (0): Linear(in_features=449, out_features=1024, bias=True)
  (1): ELU(alpha=1.0)
  (2): Linear(in_features=1024, out_features=1024, bias=True)
  (3): ELU(alpha=1.0)
  (4): Linear(in_features=1024, out_features=512, bias=True)
  (5): ELU(alpha=1.0)
  (6): Linear(in_features=512, out_features=256, bias=True)
  (7): ELU(alpha=1.0)
  (8): Linear(in_features=256, out_features=1, bias=True)
)
[ResidualActorCritic] Created composed actor for ONNX export
[FrontRESActorCritic] Observation layout: 928D = 158D FrontRES-only prefix + 770D GMT-compatible suffix. GMT consumes the suffix only; no zero padding.
[FrontRESUnified] Optimizer groups actor(lr=3e-07) + critic(lr=1e-05); fixed policy std
[FrontRESUnified] Segment Replay HRL live training initialized; runner will execute 1 PPO optimizer steps per iteration.
================================================================================
  FrontRESUnified ▸ PPO + Supervised ΔSE3
  Objective=segment_replay_hrl
  L = Segment Replay HRL  (dedicated runner loop; legacy update disabled)
================================================================================
  Actor LR=3e-07  Critic LR=1e-05 schedule=fixed  clip=0.2  ent_coef=0.0
  epochs=5  mini_batches=16
  Supervised  λ=0.000 → 0.0  decay=0.995  trigger_cos=0.85  rpy_w=1.0  dir_w=0.03  mag_w=0.5  over_w=0.2  smooth_w=0.05  valid_w=4.0
  MOSAIC teacher/off-policy branches: disabled by construction
================================================================================

--------------------------------------------------------------------------------

[FrontRES Segment Dataset]
  cache_load: mode=index_only loaded_motion_count=8739664 metadata_noisy_count=0 lazy=False index_only=True

--------------------------------------------------------------------------------

[FrontRES Segment Dataset Ready]
  cache.cache_dir: /hdd0/yuxuancheng/AMASS_G1Segment
  cache.num_segments: 8739664
  cache.include_boundary_diagnostic: False
  cache.shard_cache_size: 8
  metadata: {'amass_root': '/hdd1/cyx/AMASS_G1NPZ_Final', 'format': 'frontres_segment_cache_index_v1', 'frame_stride': 1, 'horizon_k': 4, 'motion_count': 15291, 'segment_count': 8739664, 'skipped_short_motions': 0, 'index_only': True, 'loaded_motion_count': 8739664}

--------------------------------------------------------------------------------

[FrontRES Segment Index Reset Hook Ready]
  loader: cache_amass_root=/hdd1/cyx/AMASS_G1NPZ_Final live_amass_root=/hdd0/yuxuancheng/AMASS_G1NPZ_Final loaded_motion_count=15291 all_motion_count=15291 first_loaded_motion=/hdd0/yuxuancheng/AMASS_G1NPZ_Final/BioMotionLab_NTroje/rub001/amass_g1_0004_motorcycle_poses.npz
  index_filter: {'filtered': False, 'source_segments': 8739664, 'kept_segments': 8739664, 'source_motions': 15291, 'kept_motions': 15291, 'missing_motions': 0}

--------------------------------------------------------------------------------

[FrontRES Segment Sampler Ready]
  config: num_segments=8739664 global_frac=0.400 replay_frac=0.500 review_frac=0.100
[Runner] Using GMT's frozen normalizer for FrontRESActorCritic
[Runner] FrontRES task-space obs layout: first 158 FrontRES-only dims use prefix stats or pass-through; last 770 GMT dims normalized
[Runner] Passed obs_normalizer and privileged_obs_normalizer to FrontRESUnified
[Runner] Passed environment's group mapping to FrontRESUnified: {'default': 0}
[FrontRES v017 Stage-3 HSL Init] checkpoint=/hdd0/yuxuancheng/FEMR/g1_flat_frontres_stage1_hsl/2026-08-04_18-14-12_V017_HSL_V2_FULL/model_warmup.pt format=frontres-v017-hsl-proposal-v2 restored=('residual_actor', 'std', 'frontres_prefix_norm_state_dict') critic=False optimizer=False sampler=False transaction=False
[AUDIT-PERTURB-01] occurrence=1 specialist_mode=rp perturbation_channels=rp dr_scale=1.25 max_horizon_k=64
[AUDIT-HSL-LOAD-01] occurrence=1 policy=FrontRESActorCritic actor=Sequential obs_normalizer=EmpiricalNormalization
[AUDIT-B01] occurrence=1 checkpoint=/hdd0/yuxuancheng/FEMR/g1_flat_frontres_stage1_hsl/2026-08-04_18-14-12_V017_HSL_V2_FULL/model_warmup.pt contracts=FRS-METHOD-v023/FRS-GAIN-v008/FRS-PPO-v010/FRS-TRAIN-v022 future_offsets=count=2,head=(1, 2) actor_lr=3e-07 critic_lr=1e-05 critic_value_normalization=ema-target-std-nonamplifying-v1 critic_value_normalizer_decay=0.9 critic_value_normalizer_scale_floor=1.0 critic_value_normalizer_update_count=0 active_k=8 active_m=4 envs=64 iterations=1 alternate_modes=0
[AUDIT-ROUTE-01] objective=segment_replay_hrl live_train=1 alternate_modes=0 iterations=1 current_iter=0 checkpoint=/hdd0/yuxuancheng/FEMR/g1_flat_frontres_stage1_hsl/2026-08-04_18-14-12_V017_HSL_V2_FULL/model_warmup.pt
[FrontRES Segment Live Resume] loaded_checkpoint_path=/hdd0/yuxuancheng/FEMR/g1_flat_frontres_stage1_hsl/2026-08-04_18-14-12_V017_HSL_V2_FULL/model_warmup.pt resumed_iteration=0 runner_learn=True legacy_runner_learn=False
[AUDIT-WARMUP-01] occurrence=1 iteration=0 critic_warmup_iterations=200 actor_warmup_iterations=500 phase=low_dr_joint_init phase_iteration=0 actor_loss_weight=1.0 actor_learning_rate=3e-07
[AUDIT-KPLAN-01] occurrence=1 schedule_fingerprint=392e1802d4681f226ac1d5ddcaa8f34d9bd44bde52d22d587968b6d9f6d869fb stage_index=0 active_k=8 active_m=4 stage_iteration=0 absolute_iteration=0 phase=low_dr_joint_init actor_loss_weight=1.0 actor_learning_rate=3e-07 d_cap=0.5 dr_progress=0.0
[AUDIT-WARMUP-01] occurrence=2 iteration=0 critic_warmup_iterations=200 actor_warmup_iterations=500 phase=low_dr_joint_init phase_iteration=0 actor_loss_weight=1.0 actor_learning_rate=3e-07
[AUDIT-KPLAN-01] occurrence=2 schedule_fingerprint=392e1802d4681f226ac1d5ddcaa8f34d9bd44bde52d22d587968b6d9f6d869fb stage_index=0 active_k=8 active_m=4 stage_iteration=0 absolute_iteration=0 phase=low_dr_joint_init actor_loss_weight=1.0 actor_learning_rate=3e-07 d_cap=0.5 dr_progress=0.0
[AUDIT-SEGDATA-01] occurrence=1 segment_ids=shape=(32,),dtype=torch.int64,device=cuda:0,finite=1,min=703830,max=8.50485e+06,mean=5.1479e+06 cache_horizon_k=shape=(32,),dtype=torch.int64,device=cuda:0,finite=1,min=4,max=4,mean=4 perturbation_family=count=32,head=('index_only', 'index_only', 'index_only', 'index_only', 'index_only', 'index_only', 'index_only', 'index_only') reference_window=shape=(32, 5, 58),dtype=torch.float32,device=cuda:0,finite=1,min=0,max=0,mean=0
[AUDIT-PERTURB-02] occurrence=1 root_pos_before=shape=(1, 3),dtype=torch.float32,device=cuda:0,finite=1,min=-0.79101,max=0.831705,mean=0.0924242 root_pos_after=shape=(1, 3),dtype=torch.float32,device=cuda:0,finite=1,min=-0.79101,max=0.831705,mean=0.0924242 applied_delta=shape=(1, 3),dtype=torch.float32,device=cuda:0,finite=1,min=0,max=0,mean=0 dr_scale=shape=(1,),dtype=torch.float32,device=cuda:0,finite=1,min=0.480075,max=0.480075,mean=0.480075
[AUDIT-PERTURB-02] occurrence=2 root_pos_before=shape=(1, 3),dtype=torch.float32,device=cuda:0,finite=1,min=-1.23954,max=0.876299,mean=-0.0260008 root_pos_after=shape=(1, 3),dtype=torch.float32,device=cuda:0,finite=1,min=-1.23954,max=0.876299,mean=-0.0260008 applied_delta=shape=(1, 3),dtype=torch.float32,device=cuda:0,finite=1,min=0,max=0,mean=0 dr_scale=shape=(1,),dtype=torch.float32,device=cuda:0,finite=1,min=0.497568,max=0.497568,mean=0.497568

--------------------------------------------------------------------------------

[FrontRES Segment Batch]
  batch.update_step: 1
  batch.ids: count=32 id_min=703830 id_max=8504847
  batch.valid_count: 32
  batch.role_counts: {'train': 32}
  batch.trial_role_counts: {'policy': 32}
  batch.strength: strength_count=32 strength_min=0.351095 strength_max=0.497568
  batch.budget_horizon: budget_horizon_count=32 budget_horizon_min=8.000000 budget_horizon_max=8.000000
  batch.strength_nonzero_frac: 100.0%
  batch.dynamic_family_counts: {'local_rp': 32}
[Runner] FrontRES v015 layout mode=two_role repair=32 noisy=32 candidate=0 clean=0

--------------------------------------------------------------------------------

[frontres_stage1_hook trace] index_reset
  segment_ids: {'shape': (32,), 'device': 'cuda:0', 'min': 703830, 'max': 8504847, 'nonzero_frac': 1.0}
  motion_ids: {'count': 32, 'first': 'Eyes_Japan_Dataset/aita/amass_g1_accident-08-damage rightfoot-aita_poses_reflect.npz', 'last': 'KIT/969/amass_g1_Trial_02_poses.npz', 'unique_count': 8}
  motion_indices: {'shape': (32,), 'device': 'cuda:0', 'min': 1632, 'max': 15099, 'nonzero_frac': 1.0}
  start_frames: {'shape': (32,), 'device': 'cuda:0', 'min': 42, 'max': 4919, 'nonzero_frac': 1.0}
  frame_indices: {'shape': (32,), 'device': 'cuda:0', 'min': 42, 'max': 4919, 'nonzero_frac': 1.0}
  env_ids: {'count': 64, 'first': 0, 'last': 63, 'min': 0, 'max': 63}
  role_env_ids: {'repair': {'count': 32, 'first': 0, 'last': 31, 'min': 0, 'max': 31}, 'noisy': {'count': 32, 'first': 32, 'last': 63, 'min': 32, 'max': 63}}
  root_pos: {'shape': (64, 3), 'device': 'cuda:0', 'finite': True, 'min': -37.24491500854492, 'max': 36.002525329589844, 'mean': -0.9906953573226929, 'abs_max': 37.24491500854492, 'nonzero_frac': 1.0, 'requires_grad': False}
  joint_pos: {'shape': (64, 29), 'device': 'cuda:0', 'finite': True, 'min': -1.1244795322418213, 'max': 1.8608732223510742, 'mean': 0.05446739122271538, 'abs_max': 1.8608732223510742, 'nonzero_frac': 1.0, 'requires_grad': False}
  perturbation_strength: None
  perturbation_family: []
  perturbation_family_masks: None
  cached_perturbed_pos: {'shape': (64, 3), 'device': 'cuda:0', 'finite': True, 'min': -1.5981755256652832, 'max': 1.0786081552505493, 'mean': 0.1882861852645874, 'abs_max': 1.5981755256652832, 'nonzero_frac': 1.0, 'requires_grad': False}
  perturber_dr_scale_env: None
  perturber_family_masks: None
  fixed_noisy_hashes: None
  local_scenario_hashes: {'count': 32, 'first': '47d56329102618b7d0d33a14eef64d977742a1f38d1755c0b93f411d747a45d2', 'last': 'e9d7b4e70fe5bca1289e68806987e35e3857cbad1a6034d2fd921b02e2983665', 'unique_count': 8}
  source_state_max_abs_diff: 1.9073486328125e-06

--------------------------------------------------------------------------------

[FrontRES Segment Reset]
  reset.mode: index_only
  reset.ids: count=32 id_min=703830 id_max=8504847
  reset.motion: motion_count=32 unique_motion_count=8 first_motion=Eyes_Japan_Dataset/aita/amass_g1_accident-08-damage rightfoot-aita_poses_reflect.npz
  reset.start: start_count=32 start_min=42 start_max=4919
  reset.horizon: horizon_count=32 horizon_min=8 horizon_max=8
  reset.perturbation_family_counts: {'local_rp': 32}
  reset.request_strength_nonzero_frac: 100.0%
  reset.success_frac: 1.0000

--------------------------------------------------------------------------------

[frontres_stage1_hook trace] index_reset
  segment_ids: {'shape': (32,), 'device': 'cuda:0', 'min': 703830, 'max': 8504847, 'nonzero_frac': 1.0}
  motion_ids: {'count': 32, 'first': 'Eyes_Japan_Dataset/aita/amass_g1_accident-08-damage rightfoot-aita_poses_reflect.npz', 'last': 'KIT/969/amass_g1_Trial_02_poses.npz', 'unique_count': 8}
  motion_indices: {'shape': (32,), 'device': 'cuda:0', 'min': 1632, 'max': 15099, 'nonzero_frac': 1.0}
  start_frames: {'shape': (32,), 'device': 'cuda:0', 'min': 42, 'max': 4919, 'nonzero_frac': 1.0}
  frame_indices: {'shape': (32,), 'device': 'cuda:0', 'min': 42, 'max': 4919, 'nonzero_frac': 1.0}
  env_ids: {'count': 64, 'first': 0, 'last': 63, 'min': 0, 'max': 63}
  role_env_ids: {'repair': {'count': 32, 'first': 0, 'last': 31, 'min': 0, 'max': 31}, 'noisy': {'count': 32, 'first': 32, 'last': 63, 'min': 32, 'max': 63}}
  root_pos: {'shape': (64, 3), 'device': 'cuda:0', 'finite': True, 'min': -37.24491500854492, 'max': 36.002525329589844, 'mean': -0.9906953573226929, 'abs_max': 37.24491500854492, 'nonzero_frac': 1.0, 'requires_grad': False}
  joint_pos: {'shape': (64, 29), 'device': 'cuda:0', 'finite': True, 'min': -1.1244795322418213, 'max': 1.8608732223510742, 'mean': 0.05446739122271538, 'abs_max': 1.8608732223510742, 'nonzero_frac': 1.0, 'requires_grad': False}
  perturbation_strength: None
  perturbation_family: []
  perturbation_family_masks: None
  cached_perturbed_pos: {'shape': (64, 3), 'device': 'cuda:0', 'finite': True, 'min': -1.5981755256652832, 'max': 1.0786081552505493, 'mean': 0.1882861852645874, 'abs_max': 1.5981755256652832, 'nonzero_frac': 1.0, 'requires_grad': False}
  perturber_dr_scale_env: None
  perturber_family_masks: None
  fixed_noisy_hashes: None
  local_scenario_hashes: {'count': 32, 'first': '47d56329102618b7d0d33a14eef64d977742a1f38d1755c0b93f411d747a45d2', 'last': 'e9d7b4e70fe5bca1289e68806987e35e3857cbad1a6034d2fd921b02e2983665', 'unique_count': 8}
  source_state_max_abs_diff: 1.9073486328125e-06

--------------------------------------------------------------------------------

[FrontRES Segment Reset]
  reset.mode: index_only
  reset.ids: count=32 id_min=703830 id_max=8504847
  reset.motion: motion_count=32 unique_motion_count=8 first_motion=Eyes_Japan_Dataset/aita/amass_g1_accident-08-damage rightfoot-aita_poses_reflect.npz
  reset.start: start_count=32 start_min=42 start_max=4919
  reset.horizon: horizon_count=32 horizon_min=8 horizon_max=8
  reset.perturbation_family_counts: {'local_rp': 32}
  reset.request_strength_nonzero_frac: 100.0%
  reset.success_frac: 1.0000

--------------------------------------------------------------------------------

[frontres_stage1_hook trace] index_reset
  segment_ids: {'shape': (32,), 'device': 'cuda:0', 'min': 703830, 'max': 8504847, 'nonzero_frac': 1.0}
  motion_ids: {'count': 32, 'first': 'Eyes_Japan_Dataset/aita/amass_g1_accident-08-damage rightfoot-aita_poses_reflect.npz', 'last': 'KIT/969/amass_g1_Trial_02_poses.npz', 'unique_count': 8}
  motion_indices: {'shape': (32,), 'device': 'cuda:0', 'min': 1632, 'max': 15099, 'nonzero_frac': 1.0}
  start_frames: {'shape': (32,), 'device': 'cuda:0', 'min': 42, 'max': 4919, 'nonzero_frac': 1.0}
  frame_indices: {'shape': (32,), 'device': 'cuda:0', 'min': 42, 'max': 4919, 'nonzero_frac': 1.0}
  env_ids: {'count': 64, 'first': 0, 'last': 63, 'min': 0, 'max': 63}
  role_env_ids: {'repair': {'count': 32, 'first': 0, 'last': 31, 'min': 0, 'max': 31}, 'noisy': {'count': 32, 'first': 32, 'last': 63, 'min': 32, 'max': 63}}
  root_pos: {'shape': (64, 3), 'device': 'cuda:0', 'finite': True, 'min': -37.24491500854492, 'max': 36.002525329589844, 'mean': -0.9906953573226929, 'abs_max': 37.24491500854492, 'nonzero_frac': 1.0, 'requires_grad': False}
  joint_pos: {'shape': (64, 29), 'device': 'cuda:0', 'finite': True, 'min': -1.1244795322418213, 'max': 1.8608732223510742, 'mean': 0.05446739122271538, 'abs_max': 1.8608732223510742, 'nonzero_frac': 1.0, 'requires_grad': False}
  perturbation_strength: None
  perturbation_family: []
  perturbation_family_masks: None
  cached_perturbed_pos: {'shape': (64, 3), 'device': 'cuda:0', 'finite': True, 'min': -1.5981755256652832, 'max': 1.0786081552505493, 'mean': 0.1882861852645874, 'abs_max': 1.5981755256652832, 'nonzero_frac': 1.0, 'requires_grad': False}
  perturber_dr_scale_env: None
  perturber_family_masks: None
  fixed_noisy_hashes: None
  local_scenario_hashes: {'count': 32, 'first': '47d56329102618b7d0d33a14eef64d977742a1f38d1755c0b93f411d747a45d2', 'last': 'e9d7b4e70fe5bca1289e68806987e35e3857cbad1a6034d2fd921b02e2983665', 'unique_count': 8}
  source_state_max_abs_diff: 1.9073486328125e-06

--------------------------------------------------------------------------------

[FrontRES Segment Reset]
  reset.mode: index_only
  reset.ids: count=32 id_min=703830 id_max=8504847
  reset.motion: motion_count=32 unique_motion_count=8 first_motion=Eyes_Japan_Dataset/aita/amass_g1_accident-08-damage rightfoot-aita_poses_reflect.npz
  reset.start: start_count=32 start_min=42 start_max=4919
  reset.horizon: horizon_count=32 horizon_min=8 horizon_max=8
  reset.perturbation_family_counts: {'local_rp': 32}
  reset.request_strength_nonzero_frac: 100.0%
  reset.success_frac: 1.0000
[AUDIT-OBS-01] occurrence=1 raw_obs=shape=(64, 928),dtype=torch.float32,device=cuda:0,finite=1,min=-10.7093,max=11.369,mean=0.0275653 frontres_prefix=shape=(64, 158),dtype=torch.float32,device=cuda:0,finite=1,min=-5.11457,max=4.0176,mean=0.0103469 gmt_suffix=shape=(64, 770),dtype=torch.float32,device=cuda:0,finite=1,min=-10.7093,max=11.369,mean=0.0178973 normalized_obs=shape=(64, 928),dtype=torch.float32,device=cuda:0,finite=1,min=-10.3703,max=11.0414,mean=0.00525822
[AUDIT-ACTION-01] occurrence=1 observations=shape=(64, 928),dtype=torch.float32,device=cuda:0,finite=1,min=-10.3703,max=10.9233,mean=0.00508913 mean=shape=(64, 6),dtype=torch.float32,device=cuda:0,finite=1,min=-0.0595407,max=0.0298104,mean=-0.00439136 sigma=shape=(64, 6),dtype=torch.float32,device=cuda:0,finite=1,min=0.01,max=0.01,mean=0.01 action=shape=(64, 6),dtype=torch.float32,device=cuda:0,finite=1,min=-0.0651044,max=0.0491765,mean=-0.00487234
[AUDIT-APPLY-01] occurrence=1 task_corr=shape=(32, 6),dtype=torch.float32,device=cuda:0,finite=1,min=-0.0651044,max=0.0347197,mean=-0.00523223 position_correction=shape=(32, 3),dtype=torch.float32,device=cuda:0,finite=1,min=-0.0190726,max=0.0259403,mean=-0.00180802 rotation_correction=shape=(32, 4),dtype=torch.float32,device=cuda:0,finite=1,min=-0.033892,max=0.999985,mean=0.249999 n_train=32 n_candidate=0
[AUDIT-OBS-01] occurrence=2 raw_obs=shape=(64, 928),dtype=torch.float32,device=cuda:0,finite=1,min=-10.7093,max=11.369,mean=0.0279155 frontres_prefix=shape=(64, 158),dtype=torch.float32,device=cuda:0,finite=1,min=-5.11456,max=4.0176,mean=0.0105873 gmt_suffix=shape=(64, 770),dtype=torch.float32,device=cuda:0,finite=1,min=-10.7093,max=11.369,mean=0.0183134 normalized_obs=shape=(64, 928),dtype=torch.float32,device=cuda:0,finite=1,min=-10.3703,max=11.0414,mean=0.00560871
[AUDIT-GMT-01] occurrence=1 policy_obs=shape=(64, 158),dtype=torch.float32,device=cuda:0,finite=1,min=-5.11457,max=4.0176,mean=0.0107829 frontres_action=shape=(64, 6),dtype=torch.float32,device=cuda:0,finite=1,min=-0.0651044,max=0.0347197,mean=-0.00261611 robot_actions=shape=(64, 29),dtype=torch.float32,device=cuda:0,finite=1,min=-10.116,max=11.2179,mean=-0.0904969 gmt_training=False
Error executing job with overrides: []

[Train] Uncaught exception in main thread:
Traceback (most recent call last):
  File "/hdd0/yuxuancheng/FEMR/scripts/rsl_rl/train.py", line 1825, in <module>
    main()
  File "/home/yuxuancheng/IsaacLab_mosaic/source/isaaclab_tasks/isaaclab_tasks/utils/hydra.py", line 104, in wrapper
    hydra_main()
  File "/hdd0/yuxuancheng/miniconda3/envs/mosaic/lib/python3.10/site-packages/hydra/main.py", line 94, in decorated_main
    _run_hydra(
  File "/hdd0/yuxuancheng/miniconda3/envs/mosaic/lib/python3.10/site-packages/hydra/_internal/utils.py", line 394, in _run_hydra
    _run_app(
  File "/hdd0/yuxuancheng/miniconda3/envs/mosaic/lib/python3.10/site-packages/hydra/_internal/utils.py", line 457, in _run_app
    run_and_report(
  File "/hdd0/yuxuancheng/miniconda3/envs/mosaic/lib/python3.10/site-packages/hydra/_internal/utils.py", line 223, in run_and_report
    raise ex
  File "/hdd0/yuxuancheng/miniconda3/envs/mosaic/lib/python3.10/site-packages/hydra/_internal/utils.py", line 220, in run_and_report
    return func()
  File "/hdd0/yuxuancheng/miniconda3/envs/mosaic/lib/python3.10/site-packages/hydra/_internal/utils.py", line 458, in <lambda>
    lambda: hydra.run(
  File "/hdd0/yuxuancheng/miniconda3/envs/mosaic/lib/python3.10/site-packages/hydra/_internal/hydra.py", line 132, in run
    _ = ret.return_value
  File "/hdd0/yuxuancheng/miniconda3/envs/mosaic/lib/python3.10/site-packages/hydra/core/utils.py", line 260, in return_value
    raise self._return_value
  File "/hdd0/yuxuancheng/miniconda3/envs/mosaic/lib/python3.10/site-packages/hydra/core/utils.py", line 186, in run_job
    ret.return_value = task_function(task_cfg)
  File "/home/yuxuancheng/IsaacLab_mosaic/source/isaaclab_tasks/isaaclab_tasks/utils/hydra.py", line 101, in hydra_main
    func(env_cfg, agent_cfg, *args, **kwargs)
  File "/hdd0/yuxuancheng/FEMR/scripts/rsl_rl/train.py", line 1809, in main
    runner.learn_frontres_segment_live(
  File "/hdd0/yuxuancheng/FEMR/source/rsl_rl/rsl_rl/runners/on_policy_runner.py", line 743, in learn_frontres_segment_live
    self._dispatch_frontres_startup_once("formal_train", operation)
  File "/hdd0/yuxuancheng/FEMR/source/rsl_rl/rsl_rl/runners/on_policy_runner.py", line 1455, in _dispatch_frontres_startup_once
    return lifecycle.dispatch_once(mode, operation)
  File "/hdd0/yuxuancheng/FEMR/source/rsl_rl/rsl_rl/runners/frontres_segment_runner_boundary.py", line 71, in dispatch_once
    result = operation()
  File "/hdd0/yuxuancheng/FEMR/source/rsl_rl/rsl_rl/runners/on_policy_runner.py", line 738, in <lambda>
    operation = lambda: run_frontres_segment_live_training_loop(
  File "/hdd0/yuxuancheng/FEMR/source/rsl_rl/rsl_rl/runners/frontres_segment_live_training.py", line 544, in run_frontres_segment_live_training_loop
    result = runner.run_frontres_formal_training_transaction(
  File "/hdd0/yuxuancheng/FEMR/source/rsl_rl/rsl_rl/runners/on_policy_runner.py", line 712, in run_frontres_formal_training_transaction
    return run_frontres_formal_training_update_loop_helper(
  File "/hdd0/yuxuancheng/FEMR/source/rsl_rl/rsl_rl/runners/frontres_segment_live_update_loop.py", line 175, in run_frontres_formal_training_update_loop
    return _frontres_stage3_engine(runner).run_training_transaction(
  File "/hdd0/yuxuancheng/FEMR/source/rsl_rl/rsl_rl/runners/frontres_stage3_engine.py", line 388, in run_training_transaction
    return self.run_transaction(
  File "/hdd0/yuxuancheng/FEMR/source/rsl_rl/rsl_rl/runners/frontres_stage3_engine.py", line 337, in run_transaction
    request = provider()
  File "/hdd0/yuxuancheng/FEMR/source/rsl_rl/rsl_rl/runners/frontres_stage3_engine.py", line 389, in <lambda>
    lambda: self.backend.build_training_request(
  File "/hdd0/yuxuancheng/FEMR/source/rsl_rl/rsl_rl/runners/frontres_stage3_engine.py", line 274, in build_training_request
    return self.bindings.build_request(
  File "/hdd0/yuxuancheng/FEMR/source/rsl_rl/rsl_rl/runners/frontres_segment_formal_transaction.py", line 1140, in build_frontres_formal_training_request
    return _build_frontres_v015_local_transaction_request(
  File "/hdd0/yuxuancheng/FEMR/source/rsl_rl/rsl_rl/runners/frontres_segment_formal_transaction.py", line 1036, in _build_frontres_v015_local_transaction_request
    collection = collect_frontres_recovery_aware_evaluation(
  File "/hdd0/yuxuancheng/FEMR/source/rsl_rl/rsl_rl/runners/frontres_segment_formal_transaction.py", line 956, in collect_frontres_recovery_aware_evaluation
    attempts = collect_frontres_v017_repair_attempts(
  File "/hdd0/yuxuancheng/FEMR/source/rsl_rl/rsl_rl/runners/frontres_segment_one_action_k.py", line 695, in collect_frontres_v017_repair_attempts
    print_v017_repair_attempts_audit(
  File "/hdd0/yuxuancheng/FEMR/source/rsl_rl/rsl_rl/runners/frontres_formal_runtime_audit.py", line 721, in print_v017_repair_attempts_audit
    _print_one_action_k_audit_facts(
  File "/hdd0/yuxuancheng/FEMR/source/rsl_rl/rsl_rl/runners/frontres_formal_runtime_audit.py", line 611, in _print_one_action_k_audit_facts
    assert len(roles) == 16 and roles.count("repair") == roles.count("noisy") == 8
AssertionError

[Train] Python stack dump for all live threads:
Thread 0x0000739735ffb6c0 (most recent call first):
  File "/hdd0/yuxuancheng/miniconda3/envs/mosaic/lib/python3.10/concurrent/futures/thread.py", line 81 in _worker
  File "/hdd0/yuxuancheng/miniconda3/envs/mosaic/lib/python3.10/threading.py", line 953 in run
  File "/hdd0/yuxuancheng/miniconda3/envs/mosaic/lib/python3.10/threading.py", line 1016 in _bootstrap_inner
  File "/hdd0/yuxuancheng/miniconda3/envs/mosaic/lib/python3.10/threading.py", line 973 in _bootstrap

Thread 0x00007397657ff6c0 (most recent call first):
  File "/hdd0/yuxuancheng/miniconda3/envs/mosaic/lib/python3.10/concurrent/futures/thread.py", line 81 in _worker
  File "/hdd0/yuxuancheng/miniconda3/envs/mosaic/lib/python3.10/threading.py", line 953 in run
  File "/hdd0/yuxuancheng/miniconda3/envs/mosaic/lib/python3.10/threading.py", line 1016 in _bootstrap_inner
  File "/hdd0/yuxuancheng/miniconda3/envs/mosaic/lib/python3.10/threading.py", line 973 in _bootstrap

Thread 0x00007397663ff6c0 (most recent call first):
  File "/hdd0/yuxuancheng/miniconda3/envs/mosaic/lib/python3.10/concurrent/futures/thread.py", line 81 in _worker
  File "/hdd0/yuxuancheng/miniconda3/envs/mosaic/lib/python3.10/threading.py", line 953 in run
  File "/hdd0/yuxuancheng/miniconda3/envs/mosaic/lib/python3.10/threading.py", line 1016 in _bootstrap_inner
  File "/hdd0/yuxuancheng/miniconda3/envs/mosaic/lib/python3.10/threading.py", line 973 in _bootstrap

Current thread 0x0000739dcd606740 (most recent call first):
  File "/hdd0/yuxuancheng/FEMR/scripts/rsl_rl/train.py", line 498 in _dump_uncaught_exception
U is enabled. Running CUDA peer-to-peer bandwidth and latency validation.
Unidirectional P2P=Enabled Bandwidth (P2P Writes) Matrix (GB/s)
   D\D     0 
     0 672.04 
P2P=Enabled Latency (P2P Writes) Matrix (us)
   GPU     0 
     0   1.66 

   CPU     0 
     0   4.69 
2026-08-11 17:53:46 [10,569ms] [Warning] [carb.windowing-glfw.plugin] GLFW initialization failed.
2026-08-11 17:53:46 [10,569ms] [Warning] [carb] Failed to startup plugin carb.windowing-glfw.plugin (interfaces: [carb::windowing::IGLContext v1.0],[carb::windowing::IWindowing v1.5]) (impl: carb.windowing-glfw.plugin)
2026-08-11 17:53:46 [10,584ms] [Warning] [carb.windowing-glfw.plugin] GLFW initialization failed.
2026-08-11 17:53:46 [10,584ms] [Warning] [carb] Failed to startup plugin carb.windowing-glfw.plugin (interfaces: [carb::windowing::IGLContext v1.0],[carb::windowing::IWindowing v1.5]) (impl: carb.windowing-glfw.plugin)
2026-08-11 17:53:46 [10,592ms] [Warning] [carb.windowing-glfw.plugin] GLFW initialization failed.
2026-08-11 17:53:46 [10,592ms] [Warning] [carb] Failed to startup plugin carb.windowing-glfw.plugin (interfaces: [carb::windowing::IGLContext v1.0],[carb::windowing::IWindowing v1.5]) (impl: carb.windowing-glfw.plugin)
2026-08-11 17:53:46 [10,604ms] [Warning] [carb.windowing-glfw.plugin] GLFW initialization failed.
2026-08-11 17:53:46 [10,604ms] [Warning] [carb] Failed to startup plugin carb.windowing-glfw.plugin (interfaces: [carb::windowing::IGLContext v1.0],[carb::windowing::IWindowing v1.5]) (impl: carb.windowing-glfw.plugin)
2026-08-11 17:53:46 [10,607ms] [Warning] [carb.windowing-glfw.plugin] GLFW initialization failed.
2026-08-11 17:53:46 [10,607ms] [Warning] [carb] Failed to startup plugin carb.windowing-glfw.plugin (interfaces: [carb::windowing::IGLContext v1.0],[carb::windowing::IWindowing v1.5]) (impl: carb.windowing-glfw.plugin)
2026-08-11 17:53:46 [10,608ms] [Warning] [carb.windowing-glfw.plugin] GLFW initialization failed.
2026-08-11 17:53:46 [10,608ms] [Warning] [carb] Failed to startup plugin carb.windowing-glfw.plugin (interfaces: [carb::windowing::IGLContext v1.0],[carb::windowing::IWindowing v1.5]) (impl: carb.windowing-glfw.plugin)
2026-08-11 17:53:46 [11,106ms] [Warning] [omni.graph.visualization.nodes._impl.extension] No Viewport Window to add omni.graph.visualization.nodes-2.1.1 scene to
2026-08-11 17:56:40 [184,448ms] [Warning] [omni.fabric.plugin] gFabricState->gUsdStageToSimStageWithHistoryMap had 1 outstanding SimStageWithHistory(s) at shutdown
2026-08-11 17:56:40 [184,496ms] [Warning] [carb] Recursive unloadAllPlugins() detected!
