[DEBUG] Registered SIGUSR1 stack dump. Use: kill -USR1 <pid>
[Train] Launching Isaac Sim: device=cuda:0, headless=True, enable_cameras=False
[Warning] [simulation_app.simulation_app] Modules: ['omni.kit_app'] were loaded before SimulationApp was started and might not be loaded correctly.
[Warning] [simulation_app.simulation_app] Please check to make sure no extra omniverse or pxr modules are imported before the call to SimulationApp(...)
Loading user config located at: '/hdd1/cyx/miniconda3/envs/mosaic/lib/python3.10/site-packages/omni/data/Kit/Isaac-Sim/4.5/user.config.json'
[Info] [carb] Logging to file: /hdd1/cyx/miniconda3/envs/mosaic/lib/python3.10/site-packages/omni/logs/Kit/Isaac-Sim/4.5/kit_20260723_194333.log
2026-07-23 11:43:33 [0ms] [Warning] [omni.kit.app.plugin] No crash reporter present, dumps uploading isn't available.
2026-07-23 11:43:33 [82ms] [Warning] [omni.ext.plugin] [ext: rendering_modes] Extensions config 'extension.toml' doesn't exist '/hdd1/cyx/IsaacLab_mosaic/apps/rendering_modes' or '/hdd1/cyx/IsaacLab_mosaic/apps/rendering_modes/config'
2026-07-23 11:43:36 [3,681ms] [Warning] [omni.usd_config.extension] Enable omni.materialx.libs extension to use MaterialX
2026-07-23 11:43:38 [5,235ms] [Warning] [omni.platforminfo.plugin] failed to open the default display.  Can't verify X Server version.
2026-07-23 11:43:42 [8,928ms] [Warning] [omni.datastore] OmniHub is inaccessible
2026-07-23 11:43:43 [10,304ms] [Warning] [omni.isaac.dynamic_control] omni.isaac.dynamic_control is deprecated as of Isaac Sim 4.5. No action is needed from end-users.
2026-07-23 11:44:05 [32,733ms] [Warning] [carb.cudainterop.plugin] CUDA_VISIBLE_DEVICES environment variable is set.
2026-07-23 11:44:05 [32,733ms] [Warning] [carb.cudainterop.plugin] Note CUDA device enumeration and Omniverse device enumeration are different.
2026-07-23 11:44:05 [32,733ms] [Warning] [carb.cudainterop.plugin] Setting CUDA_VISIBLE_DEVICES can lead to undesired behavior or crashes.
2026-07-23 11:44:06 [32,767ms] [Warning] [gpu.foundation.plugin] Skipping NVIDIA GPU due CUDA being in bad state: NVIDIA RTX A6000
2026-07-23 11:44:06 [32,767ms] [Warning] [gpu.foundation.plugin] Please restart your system if CUDA is known to work in your system.
2026-07-23 11:44:06 [32,768ms] [Warning] [gpu.foundation.plugin] Skipping NVIDIA GPU due CUDA being in bad state: NVIDIA RTX A6000
2026-07-23 11:44:06 [32,768ms] [Warning] [gpu.foundation.plugin] Please restart your system if CUDA is known to work in your system.
2026-07-23 11:44:06 [32,768ms] [Warning] [gpu.foundation.plugin] Skipping NVIDIA GPU due CUDA being in bad state: NVIDIA RTX A6000
2026-07-23 11:44:06 [32,768ms] [Warning] [gpu.foundation.plugin] Please restart your system if CUDA is known to work in your system.
2026-07-23 11:44:06 [32,769ms] [Warning] [gpu.foundation.plugin] Skipping NVIDIA GPU due CUDA being in bad state: NVIDIA RTX A6000
2026-07-23 11:44:06 [32,769ms] [Warning] [gpu.foundation.plugin] Please restart your system if CUDA is known to work in your system.
2026-07-23 11:44:06 [32,769ms] [Warning] [gpu.foundation.plugin] Skipping NVIDIA GPU due CUDA being in bad state: NVIDIA RTX A6000
2026-07-23 11:44:06 [32,769ms] [Warning] [gpu.foundation.plugin] Please restart your system if CUDA is known to work in your system.
2026-07-23 11:44:06 [32,769ms] [Warning] [gpu.foundation.plugin] Skipping NVIDIA GPU due CUDA being in bad state: NVIDIA RTX A6000
2026-07-23 11:44:06 [32,769ms] [Warning] [gpu.foundation.plugin] Please restart your system if CUDA is known to work in your system.
2026-07-23 11:44:06 [32,770ms] [Warning] [gpu.foundation.plugin] Skipping NVIDIA GPU due CUDA being in bad state: NVIDIA RTX A6000
2026-07-23 11:44:06 [32,770ms] [Warning] [gpu.foundation.plugin] Please restart your system if CUDA is known to work in your system.
2026-07-23 11:44:06 [32,771ms] [Warning] [gpu.foundation.plugin] Skipping NVIDIA GPU due CUDA being in bad state: NVIDIA RTX A6000
2026-07-23 11:44:06 [32,771ms] [Warning] [gpu.foundation.plugin] Please restart your system if CUDA is known to work in your system.
2026-07-23 11:44:06 [32,771ms] [Warning] [gpu.foundation.plugin] Skipping NVIDIA GPU due CUDA being in bad state: NVIDIA RTX A6000
2026-07-23 11:44:06 [32,771ms] [Warning] [gpu.foundation.plugin] Please restart your system if CUDA is known to work in your system.
2026-07-23 11:44:06 [32,771ms] [Warning] [gpu.foundation.plugin] Skipping NVIDIA GPU due CUDA being in bad state: NVIDIA RTX A6000
2026-07-23 11:44:06 [32,771ms] [Warning] [gpu.foundation.plugin] Please restart your system if CUDA is known to work in your system.
2026-07-23 11:44:06 [32,771ms] [Warning] [gpu.foundation.plugin] Skipping NVIDIA GPU due CUDA being in bad state: NVIDIA RTX A6000
2026-07-23 11:44:06 [32,771ms] [Warning] [gpu.foundation.plugin] Please restart your system if CUDA is known to work in your system.
2026-07-23 11:44:06 [32,771ms] [Warning] [gpu.foundation.plugin] Skipping NVIDIA GPU due CUDA being in bad state: NVIDIA RTX A6000
2026-07-23 11:44:06 [32,771ms] [Warning] [gpu.foundation.plugin] Please restart your system if CUDA is known to work in your system.
2026-07-23 11:44:06 [32,771ms] [Warning] [gpu.foundation.plugin] Skipping NVIDIA GPU due CUDA being in bad state: NVIDIA RTX A6000
2026-07-23 11:44:06 [32,771ms] [Warning] [gpu.foundation.plugin] Please restart your system if CUDA is known to work in your system.
2026-07-23 11:44:06 [32,771ms] [Warning] [gpu.foundation.plugin] Skipping NVIDIA GPU due CUDA being in bad state: NVIDIA RTX A6000
2026-07-23 11:44:06 [32,771ms] [Warning] [gpu.foundation.plugin] Please restart your system if CUDA is known to work in your system.
2026-07-23 11:44:06 [32,771ms] [Warning] [gpu.foundation.plugin] Skipping NVIDIA GPU due CUDA being in bad state: NVIDIA RTX A6000
2026-07-23 11:44:06 [32,771ms] [Warning] [gpu.foundation.plugin] Please restart your system if CUDA is known to work in your system.
2026-07-23 11:44:06 [32,771ms] [Warning] [gpu.foundation.plugin] Skipping NVIDIA GPU due CUDA being in bad state: NVIDIA RTX A6000
2026-07-23 11:44:06 [32,771ms] [Warning] [gpu.foundation.plugin] Please restart your system if CUDA is known to work in your system.

|---------------------------------------------------------------------------------------------|
| Driver Version: 550.144.03    | Graphics API: Vulkan
|=============================================================================================|
| GPU | Name                             | Active | LDA | GPU Memory | Vendor-ID | LUID       |
|     |                                  |        |     |            | Device-ID | UUID       |
|     |                                  |        |     |            | Bus-ID    |            |
|---------------------------------------------------------------------------------------------|
| 0   | NVIDIA RTX A6000                 |        |     | 49386   MB | 10de      | 0          |
|     |                                  |        |     |            | 2230      | 1435de0e.. |
|     |                                  |        |     |            | 1a        |            |
|---------------------------------------------------------------------------------------------|
| 1   | NVIDIA RTX A6000                 | Yes: 0 |     | 49386   MB | 10de      | 0          |
|     |                                  |        |     |            | 2230      | 6ae32300.. |
|     |                                  |        |     |            | 1b        |            |
|---------------------------------------------------------------------------------------------|
| 2   | NVIDIA RTX A6000                 |        |     | 49386   MB | 10de      | 0          |
|     |                                  |        |     |            | 2230      | cd988dbb.. |
|     |                                  |        |     |            | 1c        |            |
|---------------------------------------------------------------------------------------------|
| 3   | NVIDIA RTX A6000                 |        |     | 49386   MB | 10de      | 0          |
|     |                                  |        |     |            | 2230      | 8315f75d.. |
|     |                                  |        |     |            | 1d        |            |
|-------------------------------------------------[INFO][AppLauncher]: Using device: cuda:0
[INFO][AppLauncher]: Loading experience file: /hdd1/cyx/IsaacLab_mosaic/apps/isaaclab.python.headless.kit
[Train] Isaac Sim ready.
[INFO]: Parsing configuration from: <class 'whole_body_tracking.tasks.tracking.config.g1.flat_env_cfg.G1FlatFrontRESFinetuneEnvCfg'>
[INFO]: Parsing configuration from: whole_body_tracking.tasks.tracking.config.g1.agents.rsl_rl_mosaic_cfg:G1FlatFrontRESUnifiedRunnerCfg
[AUDIT-PERTURB-01] specialist_mode=rp perturbation_channels=rp dr_scale=1.25 max_horizon_k=64
[FrontRES Stage] Applied preset: stage3_segment_hrl
[FrontRES Stage] experiment=g1_flat_frontres_stage3_segment_hrl, objective=segment_replay_hrl, segment_replay=True, segment_live=True, segment_sentinel=False, v015_local_sentinel=False, segment_probe=False, segment_storage=False, segment_single_update=False, segment_update_loop=False, segment_sequence_eval=False, segment_train=True, segment_update_steps=1, segment_critic_warmup=200, segment_actor_warmup=500, formal_runtime_audit=True, segment_k=8, k_curriculum=((8, 200, 500, 0),), future_offsets=(1, 2), segment_shard_cache_size=8, max_iterations=1, supervised_warmup=0, is_full_resume=False
[FrontRES Stage3 Segment HRL] ppo_schedule_override schedule=adaptive
[FrontRES Stage3 Segment HRL] ppo_lr_override learning_rate=1e-06
[FrontRES Stage3 Segment HRL] motion_loader_cfg has_load_cap=True has_shard_flag=True applied={'motion_dataset_shard_across_gpus': False, 'motion_dataset_load_cap': None, 'motion_dataset_log_shard_info': True}
[INFO] FrontRES perturbation alignment: rp (root_tilt=0.5/0.08, iid_rp=0.4/0.08; xy/yaw/z/joint disabled)
[INFO] PhysX GPU capacities prepared for 8 envs: contact=8388608, patch=1966080, pairs=16777216
--------------------------------------------|
| 4   | NVIDIA RTX A6000                 |        |     | 49386   MB | 10de      | 0          |
|     |                                  |        |     |            | 2230      | 79eacb31.. |
|     |                                  |        |     |            | 1e        |            |
|---------------------------------------------------------------------------------------------|
| 5   | NVIDIA RTX A6000                 |        |     | 49386   MB | 10de      | 0          |
|     |                                  |        |     |            | 2230      | 08b104c6.. |
|     |                                  |        |     |            | 3d        |            |
|---------------------------------------------------------------------------------------------|
| 6   | NVIDIA RTX A6000                 |        |     | 49386   MB | 10de      | 0          |
|     |                                  |        |     |            | 2230      | 90839bb1.. |
|     |                                  |        |     |            | 3f        |            |
|---------------------------------------------------------------------------------------------|
| 7   | NVIDIA RTX A6000                 |        |     | 49386   MB | 10de      | 0          |
|     |                                  |        |     |            | 2230      | 59febcf4.. |
|     |                                  |        |     |            | 40        |            |
|---------------------------------------------------------------------------------------------|
| 8   | NVIDIA RTX A6000                 |        |     | 49386   MB | 10de      | 0          |
|     |                                  |        |     |            | 2230      | 46a2ef14.. |
|     |                                  |        |     |            | 41        |            |
|=============================================================================================|
| OS: 22.04.5 LTS (Jammy Jellyfish) ubuntu, Version: 22.04.5, Kernel: 6.8.0-106-generic
| Processor: Intel(R) Xeon(R) Gold 6240 CPU @ 2.60GHz
| Cores: 36 | Logical Cores: 72
|---------------------------------------------------------------------------------------------|
| Total Memory (MB): 515614 | Free Memory: 319461
| Total Page/Swap (MB): 1951 | Free Page/Swap: 0
|---------------------------------------------------------------------------------------------|
2026-07-23 11:44:06 [33,691ms] [Warning] [gpu.foundation.plugin] IOMMU is enabled.
2026-07-23 11:44:06 [33,692ms] [Warning] [gpu.foundation.plugin] Detected IOMMU is enabled. Running CUDA peer-to-peer bandwidth and latency validation.
Unidirectional P2P=Enabled Bandwidth (P2P Writes) Matrix (GB/s)
   D\D     0 
     0 427.85 
P2P=Enabled Latency (P2P Writes) Matrix (us)
   GPU     0 
     0   1.66 

   CPU     0 
     0   4.01 
2026-07-23 11:44:17 [43,965ms] [Warning] [carb.windowing-glfw.plugin] GLFW initialization failed.
2026-07-23 11:44:17 [43,965ms] [Warning] [carb] Failed to startup plugin carb.windowing-glfw.plugin (interfaces: [carb::windowing::IGLContext v1.0],[carb::windowing::IWindowing v1.5]) (impl: carb.windowing-glfw.plugin)
2026-07-23 11:44:17 [43,991ms] [Error] [gpu.foundation.plugin] DriverShaderCacheManager::init() called without a shutdown()!
2026-07-23 11:44:17 [44,193ms] [Warning] [gpu.foundation.plugin] Skipping NVIDIA GPU due CUDA being in bad state: NVIDIA RTX A6000
2026-07-23 11:44:17 [44,193ms] [Warning] [gpu.foundation.plugin] Please restart your system if CUDA is known to work in your system.
2026-07-23 11:44:17 [44,258ms] [Warning] [gpu.foundation.plugin] Skipping NVIDIA GPU due CUDA being in bad state: NVIDIA RTX A6000
2026-07-23 11:44:17 [44,258ms] [Warning] [gpu.foundation.plugin] Please restart your system if CUDA is known to work in your system.
2026-07-23 11:44:17 [44,288ms] [Warning] [gpu.foundation.plugin] Skipping NVIDIA GPU due CUDA being in bad state: NVIDIA RTX A6000
2026-07-23 11:44:17 [44,288ms] [Warning] [gpu.foundation.plugin] Please restart your system if CUDA is known to work in your system.
2026-07-23 11:44:17 [44,289ms] [Warning] [gpu.foundation.plugin] Skipping NVIDIA GPU due CUDA being in bad state: NVIDIA RTX A6000
2026-07-23 11:44:17 [44,289ms] [Warning] [gpu.foundation.plugin] Please restart your system if CUDA is known to work in your system.
2026-07-23 11:44:17 [44,290ms] [Warning] [gpu.foundation.plugin] Skipping NVIDIA GPU due CUDA being in bad state: NVIDIA RTX A6000
2026-07-23 11:44:17 [44,290ms] [Warning] [gpu.foundation.plugin] Please restart your system if CUDA is known to work in your system.
2026-07-23 11:44:17 [44,291ms] [Warning] [gpu.foundation.plugin] Skipping NVIDIA GPU due CUDA being in bad state: NVIDIA RTX A6000
2026-07-23 11:44:17 [44,291ms] [Warning] [gpu.foundation.plugin] Please restart your system if CUDA is known to work in your system.
2026-07-23 11:44:17 [44,292ms] [Warning] [gpu.foundation.plugin] Skipping NVIDIA GPU due CUDA being in bad state: NVIDIA RTX A6000
2026-07-23 11:44:17 [44,292ms] [Warning] [gpu.foundation.plugin] Please restart your system if CUDA is known to work in your system.
2026-07-23 11:44:17 [44,292ms] [Warning] [gpu.foundation.plugin] Skipping NVIDIA GPU due CUDA being in bad state: NVIDIA RTX A6000
2026-07-23 11:44:17 [44,292ms] [Warning] [gpu.foundation.plugin] Please restart your system if CUDA is known to work in your system.
2026-07-23 11:44:17 [44,292ms] [Warning] [gpu.foundation.plugin] Skipping NVIDIA GPU due CUDA being in bad state: NVIDIA RTX A6000
2026-07-23 11:44:17 [44,292ms] [Warning] [gpu.foundation.plugin] Please restart your system if CUDA is known to work in your system.
2026-07-23 11:44:17 [44,292ms] [Warning] [gpu.foundation.plugin] Skipping NVIDIA GPU due CUDA being in bad state: NVIDIA RTX A6000
2026-07-23 11:44:17 [44,292ms] [Warning] [gpu.foundation.plugin] Please restart your system if CUDA is known to work in your system.
2026-07-23 11:44:17 [44,292ms] [Warning] [gpu.foundation.plugin] Skipping NVIDIA GPU due CUDA being in bad state: NVIDIA RTX A6000
2026-07-23 11:44:17 [44,292ms] [Warning] [gpu.foundation.plugin] Please restart your system if CUDA is known to work in your system.
2026-07-23 11:44:17 [44,292ms] [Warning] [gpu.foundation.plugin] Skipping NVIDIA GPU due CUDA being in bad state: NVIDIA RTX A6000
2026-07-23 11:44:17 [44,292ms] [Warning] [gpu.foundation.plugin] Please restart your system if CUDA is known to work in your system.
2026-07-23 11:44:17 [44,292ms] [Warning] [gpu.foundation.plugin] Skipping NVIDIA GPU due CUDA being in bad state: NVIDIA RTX A6000
2026-07-23 11:44:17 [44,293ms] [Warning] [gpu.foundation.plugin] Please restart your system if CUDA is known to work in your system.
2026-07-23 11:44:17 [44,293ms] [Warning] [gpu.foundation.plugin] Skipping NVIDIA GPU due CUDA being in bad state: NVIDIA RTX A6000
2026-07-23 11:44:17 [44,293ms] [Warning] [gpu.foundation.plugin] Please restart your system if CUDA is known to work in your system.
2026-07-23 11:44:17 [44,293ms] [Warning] [gpu.foundation.plugin] Skipping NVIDIA GPU due CUDA being in bad state: NVIDIA RTX A6000
2026-07-23 11:44:17 [44,293ms] [Warning] [gpu.foundation.plugin] Please restart your system if CUDA is known to work in your system.
2026-07-23 11:44:17 [44,293ms] [Warning] [gpu.foundation.plugin] Skipping NVIDIA GPU due CUDA being in bad state: NVIDIA RTX A6000
2026-07-23 11:44:17 [44,293ms] [Warning] [gpu.foundation.plugin] Please restart your system if CUDA is known to work in your system.

|---------------------------------------------------------------------------------------------|
| Driver Version: 550.144.03    | Graphics API: Vulkan
|=============================================================================================|
| GPU | Name                             | Active | LDA | GPU Memory | Vendor-ID | LUID       |
|     |                                  |        |     |            | Device-ID | UUID       |
|     |                                  |        |     |            | Bus-ID    |            |
|---------------------------------------------------------------------------------------------|
| 0   | NVIDIA RTX A6000                 |        |     | 49386   MB | 10de      | 0          |
|     |                                  |        |     |            | 2230      | 1435de0e.. |
|     |                                  |        |     |            | 1a        |            |
|---------------------------------------------------------------------------------------------|
| 1   | NVIDIA RTX A6000                 | Yes: 0 |     | 49386   MB | 10de      | 0          |
|     |                                  |        |     |            | 2230      | 6ae32300.. |
|     |                                  |        |     |            | 1b        |            |
|---------------------------------------------------------------------------------------------|
| 2   | NVIDIA RTX A6000                 |        |     | 49386   MB | 10de      | 0          |
|     |                                  |        |     |            | 2230      | cd988dbb.. |
|     |                                  |        |     |            | 1c        |            |
|---------------------------------------------------------------------------------------------|
| 3   | NVIDIA RTX A6000                 |        |     | 49386   MB | 10de      | 0          |
|     |                                  |        |     |            | 2230      | 8315f75d.. |
|     |                                  |        |     |            | 1d        |            |
|---------------------------------------------------------------------------------------------|
| 4   | NVIDIA RTX A6000                 |        |     | 49386   MB | 10de      | 0          |
|     |                                  |        |     |            | 2230      | 79eacb31.. |
|     |                                  |        |     |            | 1e        |            |
|---------------------------------------------------------------------------------------------|
| 5   | NVIDIA RTX A6000                 |        |     | 49386   MB | 10de      | 0          |
|     |                                  |        |     |            | 2230      | 08b104c6.. |
|     |                                  |        |     |            | 3d        |            |
|---------------------------------------------------------------------------------------------|
| 6   | NVIDIA RTX A6000                 |        |     | 49386   MB | 10de      | 0          |
|     |                                  |        |     |            | 2230      | 90839bb1.. |
|     |                                  |        |     |            | 3f        |            |
|---------------------------------------------------------------------------------------------|
| 7   | NVIDIA RTX A6000                 |        |     | 49386   MB | 10de      | 0          |
|     |                                  |        |     |            | 2230      | 59febcf4.. |
|     |                                  |        |     |            | 40        |            |
|---------------------------------------------------------------------------------------------|
| 8   | NVIDIA RTX A6000                 |        |     | 49386   MB | 10de      | 0          |
|     |                                  |        |     |            | 2230      | 46a2ef14.. |
|     |                                  |        |     |            | 4[INFO] Logging experiment in directory: /hdd1/cyx/FEMR/g1_flat_frontres_stage3_segment_hrl
Setting seed: 42
[INFO]: Base environment:
	Environment device    : cuda:0
	Environment seed      : 42
	Physics step-size     : 0.005
	Rendering step-size   : 0.02
	Environment step-size : 0.02
[INFO] Generating terrains randomly took : 0.607131 seconds
[INFO]: Time taken for scene creation : 12.755499 seconds
[INFO]: Scene manager:  <class InteractiveScene>
	Number of environments: 8
	Environment spacing   : 2.5
	Source prim name      : /World/envs/env_0
	Global prim paths     : ['/World/ground']
	Replicate physics     : True
[INFO]: Starting the simulation. This may take a few seconds. Please wait...
[INFO]: Time taken for simulation start : 3.387104 seconds
[MultiMotionLoader] Motion group distribution:
  - default: 15291 motions
[MultiMotionLoader] shard_info={'total_motions': 15291, 'selected_motions': 15291, 'shard_across_gpus': False, 'shard_by': 'global', 'shard_seed': 0, 'shard_strategy': 'chunk', 'rank': 0, 'world_size': 1, 'max_motions': -1}
[MultiMotionCommand] Registered motion groups: ['default']
[MultiMotionCommand]   - Group 'default': 15291 motions
[INFO] Command Manager:  <CommandManager> contains 1 active terms.
+-------------------------------------+
|         Active Command Terms        |
+-------+--------+--------------------+
| Index | Name   |        Type        |
+-------+--------+--------------------+
|   0   | motion | MultiMotionCommand |
+-------+--------+--------------------+

[INFO] Event Manager:  <EventManager> contains 0 active terms.

[INFO] Recorder Manager:  <RecorderManager> contains 0 active terms.
+---------------------+
| Active Recorder Terms |
+-----------+---------+
|   Index   | Name    |
+-----------+---------+
+-----------+---------+

[INFO] Action Manager:  <ActionManager> contains 1 active terms.
+------------------------------------+
|  Active Action Terms (shape: 29)   |
+--------+-------------+-------------+
| Index  | Name        |   Dimension |
+--------+-------------+-------------+
|   0    | joint_pos   |          29 |
+--------+-------------+-------------+

[INFO] Observation Manager: <ObservationManager> contains 2 groups.
+-------------------------------------------------------------+
| Active Observation Terms in Group: 'policy' (shape: (870,)) |
+----------+--------------------------------------+-----------+
|  Index   | Name                                 |   Shape   |
+----------+--------------------------------------+-----------+
|    0     | anchor_root_pos_error_w              |   (15,)   |
|    1     | anchor_root_rpy_error_w              |   (15,)   |
|    2     | frontres_balance_context             |   (70,)   |
|    3     | command                              |   (290,)  |
|    4     | motion_anchor_ori_b                  |   (30,)   |
|    5     | base_ang_vel                         |   (15,)   |
|    6     | joint_pos                            |   (145,)  |
|    7     | joint_vel                            |   (145,)  |
|    8     | actions                              |   (145,)  |
+----------+--------------------------------------+-----------+
+-----------------------------------------------------------+
| Active Observation Terms in Group: 'critic' (shape: (289,)) |
+-----------+-----------------------------------+-----------+
|   Index   | Name                              |   Shape   |
+-----------+-----------------------------------+-----------+
|     0     | command                           |   (58,)   |
|     1     | motion_anchor_pos_b               |    (3,)   |
|     2     | motion_anchor_ori_b               |    (6,)   |
|     3     | body_pos                          |   (42,)   |
|     4     | body_ori                          |   (84,)   |
|     5     | base_lin_vel                      |    (3,)   |
|     6     | ref_base_lin_vel                  |    (3,)   |
|     7     | base_ang_vel                      |    (3,)   |
|     8     | joint_pos                         |   (29,)   |
|     9     | joint_vel                         |   (29,)   |
|     10    | actions                           |   (29,)   |
+-----------+-----------------------------------+-----------+

[INFO] Termination Manager:  <TerminationManager> contains 5 active terms.
+--------------------------------+
|    Active Termination Terms    |
+-------+-------------+----------+
| Index | Name        | Time Out |
+-------+-------------+----------+
|   0   | motion_end  |   True   |
|   1   | time_out    |   True   |
|   2   | anchor_pos  |  False   |
|   3   | anchor_ori  |  False   |
|   4   | ee_body_pos |  False   |
+-------+-------------+----------+

[INFO] Reward Manager:  <RewardManager> contains 11 active terms.
+--------------------------------------------+
|            Active Reward Terms             |
+-------+--------------------------+---------+
| Index | Name                     |  Weight |
+-------+--------------------------+---------+
|   0   | contact_feet             |     1.0 |
|   1   | motion_feet_pos          |     1.0 |
|   2   | motion_body_pos          |     0.5 |
|   3   | motion_body_ori          |     0.5 |
|   4   | motion_body_lin_vel      |    0.75 |
|   5   | motion_body_ang_vel      |    0.75 |
|   6   | motion_global_anchor_pos |     0.5 |
|   7   | motion_global_anchor_ori |     0.5 |
|   8   | undesired_contacts       |    -2.0 |
|   9   | joint_limit              |   -20.0 |
|   10  | joint_torque             | -0.0002 |
+-------+--------------------------+---------+

[INFO] Curriculum Manager:  <CurriculumManager> contains 0 active terms.
+----------------------+
| Active Curriculum Terms |
+-----------+----------+
|   Index   | Name     |
+-----------+----------+
+-----------+----------+

[INFO]: Completed setting up the environment...
[Runner] FrontRES specialist mode enabled: rp (local_rp perturbation; full-6D repair)
[FrontRES Segment Live Train Ready] objective=segment_replay_hrl segment_k=8 max_horizon_k=64 update_steps=1 reset_mode=auto live_runner=True runner_learn=True storage=independent ppo_action=delta_se3_6d periodic_eval=False eval_interval=100
[FrontRESUnified] Using 'critic' observations for value estimation.
[Runner] FrontRES v015 future-intent actor layout: version=frontres-v015-future-intent-q29-v1 H=(1, 2) tail=58 raw_obs=870 actor_obs=928 frontres_obs=158 gmt_obs=770
[ResidualActorCritic] Loading GMT policy from: /hdd1/cyx/MOSAIC/model/model_27000.pt
[ResidualActorCritic] GMT architecture: actor_input=770, critic_input=289, actions=29
Actor MLP: Sequential(
  (0): Linear(in_features=770, out_features=1024, bias=True)
  (1): ELU(alpha=1.0)
  (2): Linear(in_features=1024, out_features=1024, bias=True)
  (3): ELU(alpha=1.0)
  (4): Linear(in_features=1024, out_features=512, bias=True)
  (5): ELU(alpha=1.0)
  (6): Linear(in_features=512, out_features=256, bias=True)
  (7): ELU(alpha=1.0)
  (8): Linear(in_features=256, out_features=29, bias=True)
)
Critic MLP: Sequential(
  (0): Linear(in_features=289, out_features=1024, bias=True)
  (1): ELU(alpha=1.0)
  (2): Linear(in_features=1024, out_features=1024, bias=True)
  (3): ELU(alpha=1.0)
  (4): Linear(in_features=1024, out_features=512, bias=True)
  (5): ELU(alpha=1.0)
  (6): Linear(in_features=512, out_features=256, bias=True)
  (7): ELU(alpha=1.0)
  (8): Linear(in_features=256, out_features=1, bias=True)
)
[ResidualActorCritic] GMT policy frozen (all parameters require_grad=False)
[ResidualActorCritic] GMT observation normalizer loaded (dim=770) and frozen
[ResidualActorCritic] Residual last layer weight norm: 0.034206 (gain=0.01)
[FrontEndResidualActorCritic] FrontRES output: 6 task-space dims [Δpos(3)+Δrpy(3)] — no Δq patching
[FrontEndResidualActorCritic] FrontRES network: Sequential(
  (0): Linear(in_features=158, out_features=512, bias=True)
  (1): ELU(alpha=1.0)
  (2): Linear(in_features=512, out_features=256, bias=True)
  (3): ELU(alpha=1.0)
  (4): Linear(in_features=256, out_features=128, bias=True)
  (5): ELU(alpha=1.0)
  (6): Linear(in_features=128, out_features=6, bias=True)
) (input_dim=158, output_dim=6)
[ResidualActorCritic] Critic MLP: Sequential(
  (0): Linear(in_features=289, out_features=1024, bias=True)
  (1): ELU(alpha=1.0)
  (2): Linear(in_features=1024, out_features=1024, bias=True)
  (3): ELU(alpha=1.0)
  (4): Linear(in_features=1024, out_features=512, bias=True)
  (5): ELU(alpha=1.0)
  (6): Linear(in_features=512, out_features=256, bias=True)
  (7): ELU(alpha=1.0)
  (8): Linear(in_features=256, out_features=1, bias=True)
)
[ResidualActorCritic] Created composed actor for ONNX export
[FrontRESActorCritic] Observation layout: 928D = 158D FrontRES-only prefix + 770D GMT-compatible suffix. GMT consumes the suffix only; no zero padding.
[FrontRESUnified] Optimizer updates residual_actor + critic (fixed policy std)
[FrontRESUnified] Segment Replay HRL live training initialized; runner will execute 1 PPO optimizer steps per iteration.
================================================================================
  FrontRESUnified ▸ PPO + Supervised ΔSE3
  Objective=segment_replay_hrl
  L = Segment Replay HRL  (dedicated runner loop; legacy update disabled)
================================================================================
  LR=1e-06  clip=0.2  ent_coef=0.0
  epochs=5  mini_batches=16
  Supervised  λ=0.000 → 0.0  decay=0.995  trigger_cos=0.85  rpy_w=1.0  dir_w=0.03  mag_w=0.5  over_w=0.2  smooth_w=0.05  valid_w=4.0
  MOSAIC teacher/off-policy branches: disabled by construction
================================================================================

--------------------------------------------------------------------------------

[FrontRES Segment Dataset]
  cache_load: mode=index_only loaded_motion_count=8739664 metadata_noisy_count=0 lazy=False index_only=True

--------------------------------------------------------------------------------

[FrontRES Segment Dataset Ready]
  cache.cache_dir: /hdd1/cyx/AMASS_G1Segment
  cache.num_segments: 8739664
  cache.include_boundary_diagnostic: False
  cache.shard_cache_size: 8
  metadata: {'amass_root': '/hdd1/cyx/AMASS_G1NPZ_Final', 'format': 'frontres_segment_cache_index_v1', 'frame_stride': 1, 'horizon_k': 4, 'motion_count': 15291, 'segment_count': 8739664, 'skipped_short_motions': 0, 'index_only': True, 'loaded_motion_count': 8739664}

--------------------------------------------------------------------------------

[FrontRES Segment Index Reset Hook Ready]
  loader: amass_root=/hdd1/cyx/AMASS_G1NPZ_Final loaded_motion_count=15291 all_motion_count=15291 first_loaded_motion=/hdd1/cyx/AMASS_G1NPZ_Final/BioMotionLab_NTroje/rub001/amass_g1_0004_motorcycle_poses.npz
  index_filter: {'filtered': False, 'source_segments': 8739664, 'kept_segments': 8739664, 'source_motions': 15291, 'kept_motions': 15291, 'missing_motions': 0}

--------------------------------------------------------------------------------

[FrontRES Segment Sampler Ready]
  config: num_segments=8739664 global_frac=0.400 replay_frac=0.500 review_frac=0.100
[Runner] Using GMT's frozen normalizer for FrontRESActorCritic
[Runner] FrontRES task-space obs layout: first 158 FrontRES-only dims use prefix stats or pass-through; last 770 GMT dims normalized
[Runner] Passed obs_normalizer and privileged_obs_normalizer to FrontRESUnified
[Runner] Passed environment's group mapping to FrontRESUnified: {'default': 0}
[FrontRES v015 Stage-3 HSL Init] checkpoint=/hdd1/cyx/FEMR/g1_flat_frontres_stage1_hsl/2026-07-21_17-06-12_G2_S4_BOUND_HSL/model_warmup.pt format=frontres-v015-hsl-proposal-v1 restored=('residual_actor', 'std', 'frontres_prefix_norm_state_dict') critic=False optimizer=False sampler=False transaction=False
[AUDIT-PERTURB-01] occurrence=1 specialist_mode=rp perturbation_channels=rp dr_scale=1.25 max_horizon_k=64
[AUDIT-HSL-LOAD-01] occurrence=1 policy=FrontRESActorCritic actor=Sequential obs_normalizer=EmpiricalNormalization
[AUDIT-ROUTE-01] objective=segment_replay_hrl live_train=1 alternate_modes=0 iterations=1 current_iter=0 checkpoint=/hdd1/cyx/FEMR/g1_flat_frontres_stage1_hsl/2026-07-21_17-06-12_G2_S4_BOUND_HSL/model_warmup.pt
[FrontRES Segment Live Resume] loaded_checkpoint_path=/hdd1/cyx/FEMR/g1_flat_frontres_stage1_hsl/2026-07-21_17-06-12_G2_S4_BOUND_HSL/model_warmup.pt resumed_iteration=0 runner_learn=True legacy_runner_learn=False
[AUDIT-WARMUP-01] occurrence=1 iteration=0 critic_warmup_iterations=200 actor_warmup_iterations=500 phase=critic_only phase_iteration=0 actor_loss_weight=0.0
[AUDIT-KPLAN-01] occurrence=1 schedule_fingerprint=0ed39e6b7aa6499b06986eef55d5d4dcf4a1dc86a4ce5e98c1e7fdaa3294ac98 stage_index=0 active_k=8 stage_iteration=0 absolute_iteration=0 phase=critic_only actor_loss_weight=0.0
[AUDIT-WARMUP-01] occurrence=1 iteration=0 critic_warmup_iterations=200 actor_warmup_iterations=500 phase=critic_only phase_iteration=0 actor_loss_weight=0.0
[AUDIT-KPLAN-01] occurrence=1 schedule_fingerprint=0ed39e6b7aa6499b06986eef55d5d4dcf4a1dc86a4ce5e98c1e7fdaa3294ac98 stage_index=0 active_k=8 stage_iteration=0 absolute_iteration=0 phase=critic_only actor_loss_weight=0.0
[AUDIT-KPLAN-01] occurrence=1 segment_ids=shape=(8,),dtype=torch.int64,device=cuda:0,finite=1,min=2.67101e+06,max=8.65595e+06,mean=6.27642e+06 segment_state=shape=(8,),dtype=torch.int64,device=cuda:0,finite=1,min=0,max=0,mean=0 trial_count=shape=(8,),dtype=torch.int64,device=cuda:0,finite=1,min=1,max=1,mean=1 horizon_k=shape=(8,),dtype=torch.int64,device=cuda:0,finite=1,min=8,max=8,mean=8 reason=count=8,head=('unknown_probe', 'unknown_probe', 'unknown_probe', 'unknown_probe', 'unknown_probe', 'unknown_probe', 'unknown_probe', 'unknown_probe')
[AUDIT-KPLAN-01] occurrence=2 segment_ids=shape=(2,),dtype=torch.int64,device=cuda:0,finite=1,min=6.92444e+06,max=8.20891e+06,mean=7.56667e+06 segment_state=shape=(2,),dtype=torch.int64,device=cuda:0,finite=1,min=0,max=0,mean=0 trial_count=shape=(2,),dtype=torch.int64,device=cuda:0,finite=1,min=1,max=1,mean=1 horizon_k=shape=(2,),dtype=torch.int64,device=cuda:0,finite=1,min=8,max=8,mean=8 reason=count=2,head=('unknown_probe', 'unknown_probe')
[AUDIT-SEGDATA-01] occurrence=1 segment_ids=shape=(4,),dtype=torch.int64,device=cuda:0,finite=1,min=6.92444e+06,max=8.20891e+06,mean=7.56667e+06 cache_horizon_k=shape=(4,),dtype=torch.int64,device=cuda:0,finite=1,min=4,max=4,mean=4 perturbation_family=count=4,head=('index_only', 'index_only', 'index_only', 'index_only') reference_window=shape=(4, 5, 58),dtype=torch.float32,device=cuda:0,finite=1,min=0,max=0,mean=0
[AUDIT-PERTURB-02] occurrence=1 root_pos_before=shape=(1, 3),dtype=torch.float32,device=cuda:0,finite=1,min=-1.25538,max=0.786295,mean=0.080716 root_pos_after=shape=(1, 3),dtype=torch.float32,device=cuda:0,finite=1,min=-1.25538,max=0.786295,mean=0.080716 applied_delta=shape=(1, 3),dtype=torch.float32,device=cuda:0,finite=1,min=0,max=0,mean=0 dr_scale=shape=(1,),dtype=torch.float32,device=cuda:0,finite=1,min=0.908408,max=0.908408,mean=0.908408
[AUDIT-PERTURB-02] occurrence=2 root_pos_before=shape=(1, 3),dtype=torch.float32,device=cuda:0,finite=1,min=-0.0214428,max=0.703835,mean=0.239713 root_pos_after=shape=(1, 3),dtype=torch.float32,device=cuda:0,finite=1,min=-0.0214428,max=0.703835,mean=0.239713 applied_delta=shape=(1, 3),dtype=torch.float32,device=cuda:0,finite=1,min=0,max=0,mean=0 dr_scale=shape=(1,),dtype=torch.float32,device=cuda:0,finite=1,min=1.01539,max=1.01539,mean=1.01539

--------------------------------------------------------------------------------

[FrontRES Segment Batch]
  batch.update_step: 1
  batch.ids: count=4 id_min=6924436 id_max=8208908
  batch.valid_count: 4
  batch.role_counts: {'train': 4}
  batch.trial_role_counts: {'policy': 4}
  batch.strength: strength_count=4 strength_min=0.908408 strength_max=1.015390
  batch.budget_horizon: budget_horizon_count=4 budget_horizon_min=8.000000 budget_horizon_max=8.000000
  batch.strength_nonzero_frac: 100.0%
  batch.dynamic_family_counts: {'local_rp': 4}
  batch.segment_ids: [6924436, 6924436, 8208908, 8208908]
  batch.roles: ('train', 'train', 'train', 'train')
  batch.trial_roles: ['policy', 'policy', 'policy', 'policy']
  batch.strength: [0.9084084033966064, 0.9084084033966064, 1.015390396118164, 1.015390396118164]
[Runner] FrontRES v015 layout mode=two_role repair=4 noisy=4 candidate=0 clean=0

--------------------------------------------------------------------------------

[frontres_stage1_hook trace] index_reset
  segment_ids: {'shape': (4,), 'device': 'cuda:0', 'min': 6924436, 'max': 8208908, 'nonzero_frac': 1.0, 'values': [6924436, 6924436, 8208908, 8208908]}
  motion_ids: ['KIT/348/amass_g1_bend_right05_poses.npz', 'KIT/348/amass_g1_bend_right05_poses.npz', 'KIT/883/amass_g1_wipe_back_horizontal04_poses.npz', 'KIT/883/amass_g1_wipe_back_horizontal04_poses.npz']
  motion_indices: {'shape': (4,), 'device': 'cuda:0', 'min': 11192, 'max': 14495, 'nonzero_frac': 1.0, 'values': [11192, 11192, 14495, 14495]}
  start_frames: {'shape': (4,), 'device': 'cuda:0', 'min': 138, 'max': 159, 'nonzero_frac': 1.0, 'values': [159, 159, 138, 138]}
  frame_indices: {'shape': (4,), 'device': 'cuda:0', 'min': 138, 'max': 159, 'nonzero_frac': 1.0, 'values': [159, 159, 138, 138]}
  env_ids: {'count': 8, 'first': 0, 'last': 7, 'min': 0, 'max': 7}
  role_env_ids: {'repair': [0, 1, 2, 3], 'noisy': [4, 5, 6, 7]}
  root_pos: {'shape': (8, 3), 'device': 'cuda:0', 'finite': True, 'min': -35.979637145996094, 'max': 34.744110107421875, 'mean': -0.8440701365470886, 'abs_max': 35.979637145996094, 'nonzero_frac': 1.0, 'requires_grad': False}
  joint_pos: {'shape': (8, 29), 'device': 'cuda:0', 'finite': True, 'min': -1.5700000524520874, 'max': 2.0, 'mean': 0.0634869784116745, 'abs_max': 2.0, 'nonzero_frac': 1.0, 'requires_grad': False}
  perturbation_strength: None
  perturbation_family: []
  perturbation_family_masks: None
  cached_perturbed_pos: {'shape': (8, 3), 'device': 'cuda:0', 'finite': True, 'min': -1.2553832530975342, 'max': 0.7862952947616577, 'mean': 0.160214364528656, 'abs_max': 1.2553832530975342, 'nonzero_frac': 1.0, 'requires_grad': False}
  perturber_dr_scale_env: None
  perturber_family_masks: None
  fixed_noisy_hashes: None
  local_scenario_hashes: ['508d663ff7e5d7e82285d1a3cff67ff05ecc17aab5ca0625cb47441683b1637b', '508d663ff7e5d7e82285d1a3cff67ff05ecc17aab5ca0625cb47441683b1637b', 'abcf2df1665d717deb85498a42c4b51bcda6f1720b209717da32d724fbf2d4a7', 'abcf2df1665d717deb85498a42c4b51bcda6f1720b209717da32d724fbf2d4a7']

--------------------------------------------------------------------------------

[FrontRES Segment Reset]
  reset.mode: index_only
  reset.ids: count=4 id_min=6924436 id_max=8208908
  reset.motion: motion_count=4 unique_motion_count=2 first_motion=KIT/348/amass_g1_bend_right05_poses.npz
  reset.start: start_count=4 start_min=138 start_max=159
  reset.horizon: horizon_count=4 horizon_min=8 horizon_max=8
  reset.perturbation_family_counts: {'local_rp': 4}
  reset.request_strength_nonzero_frac: 100.0%
  reset.success_frac: 1.0000
  reset.segment_ids: [6924436, 6924436, 8208908, 8208908]
  reset.motion_ids: ['KIT/348/amass_g1_bend_right05_poses.npz', 'KIT/348/amass_g1_bend_right05_poses.npz', 'KIT/883/amass_g1_wipe_back_horizontal04_poses.npz', 'KIT/883/amass_g1_wipe_back_horizontal04_poses.npz']
  reset.start_frames: [159, 159, 138, 138]
  reset.horizon_k: [8, 8, 8, 8]
  reset.perturbation_family: ['local_rp', 'local_rp', 'local_rp', 'local_rp']
  reset.perturbation_strength: [0.9084084033966064, 0.9084084033966064, 1.015390396118164, 1.015390396118164]
[AUDIT-OBS-01] occurrence=1 raw_obs=shape=(8, 928),dtype=torch.float32,device=cuda:0,finite=1,min=-5.52735,max=4.19169,mean=0.0296573 frontres_prefix=shape=(8, 158),dtype=torch.float32,device=cuda:0,finite=1,min=-3.54111,max=5.09703,mean=0.0479231 gmt_suffix=shape=(8, 770),dtype=torch.float32,device=cuda:0,finite=1,min=-5.52735,max=4.19169,mean=0.0139113 normalized_obs=shape=(8, 928),dtype=torch.float32,device=cuda:0,finite=1,min=-32.0847,max=6.17926,mean=-0.118042
[AUDIT-ACTION-01] occurrence=1 observations=shape=(8, 928),dtype=torch.float32,device=cuda:0,finite=1,min=-32.0847,max=6.17926,mean=-0.118042 mean=shape=(8, 6),dtype=torch.float32,device=cuda:0,finite=1,min=-0.0214081,max=0.0208485,mean=-0.000126742 sigma=shape=(8, 6),dtype=torch.float32,device=cuda:0,finite=1,min=0.01,max=0.01,mean=0.01 action=shape=(8, 6),dtype=torch.float32,device=cuda:0,finite=1,min=-0.0171989,max=0.0154481,mean=-0.000467347
[AUDIT-APPLY-01] occurrence=1 task_corr=shape=(4, 6),dtype=torch.float32,device=cuda:0,finite=1,min=-0.00797212,max=0.0154481,mean=0.000688661 position_correction=shape=(4, 3),dtype=torch.float32,device=cuda:0,finite=1,min=-0.00648705,max=0.00199192,mean=-0.00157755 rotation_correction=shape=(4, 4),dtype=torch.float32,device=cuda:0,finite=1,min=-0.003986,max=0.999995,mean=0.251 n_train=4 n_candidate=0
[AUDIT-OBS-01] occurrence=2 raw_obs=shape=(8, 928),dtype=torch.float32,device=cuda:0,finite=1,min=-5.52735,max=4.19169,mean=0.0344139 frontres_prefix=shape=(8, 158),dtype=torch.float32,device=cuda:0,finite=1,min=-3.114,max=4.09206,mean=0.0639245 gmt_suffix=shape=(8, 770),dtype=torch.float32,device=cuda:0,finite=1,min=-5.52735,max=4.19169,mean=0.0186489 normalized_obs=shape=(8, 928),dtype=torch.float32,device=cuda:0,finite=1,min=-32.0847,max=6.17926,mean=-0.0863051
[AUDIT-GMT-01] occurrence=1 policy_obs=shape=(8, 158),dtype=torch.float32,device=cuda:0,finite=1,min=-3.54111,max=5.09703,mean=0.0479231 frontres_action=shape=(8, 6),dtype=torch.float32,device=cuda:0,finite=1,min=-0.00797212,max=0.0154481,mean=0.000344331 robot_actions=shape=(8, 29),dtype=torch.float32,device=cuda:0,finite=1,min=-7.08578,max=4.49743,mean=-0.0963758 gmt_training=False
[AUDIT-PAIR-EVIDENCE-01] occurrence=1 zmp_repaired=shape=(4,),dtype=torch.float32,device=cuda:0,finite=1,min=-0.278551,max=-0.0345325,mean=-0.152099 zmp_noisy=shape=(4,),dtype=torch.float32,device=cuda:0,finite=1,min=-0.223534,max=-0.026576,mean=-0.140887 expected_support=shape=(4, 2),dtype=torch.bool,device=cuda:0,finite=1 contact_repaired=shape=(4, 2),dtype=torch.bool,device=cuda:0,finite=1 contact_noisy=shape=(4, 2),dtype=torch.bool,device=cuda:0,finite=1 audit_transaction_id=UNCONFIRMED audit_batch_signature=UNCONFIRMED audit_role_signature=UNCONFIRMED audit_k_signature=UNCONFIRMED audit_segment_signature=UNCONFIRMED audit_row_count=0 audit_identity_state=UNCONFIRMED
[AUDIT-PAIR-EVIDENCE-01] occurrence=2 zmp_repaired=shape=(4,),dtype=torch.float32,device=cuda:0,finite=1,min=-0.219606,max=-0.0362482,mean=-0.124192 zmp_noisy=shape=(4,),dtype=torch.float32,device=cuda:0,finite=1,min=-0.214239,max=-0.0571299,mean=-0.145725 expected_support=shape=(4, 2),dtype=torch.bool,device=cuda:0,finite=1 contact_repaired=shape=(4, 2),dtype=torch.bool,device=cuda:0,finite=1 contact_noisy=shape=(4, 2),dtype=torch.bool,device=cuda:0,finite=1 audit_transaction_id=UNCONFIRMED audit_batch_signature=UNCONFIRMED audit_role_signature=UNCONFIRMED audit_k_signature=UNCONFIRMED audit_segment_signature=UNCONFIRMED audit_row_count=0 audit_identity_state=UNCONFIRMED
[AUDIT-WARMUP-01] occurrence=2 iteration=0 critic_warmup_iterations=200 actor_warmup_iterations=500 phase=critic_only phase_iteration=0 actor_loss_weight=0.0
[AUDIT-KPLAN-01] occurrence=2 schedule_fingerprint=0ed39e6b7aa6499b06986eef55d5d4dcf4a1dc86a4ce5e98c1e7fdaa3294ac98 stage_index=0 active_k=8 stage_iteration=0 absolute_iteration=0 phase=critic_only actor_loss_weight=0.0
[AUDIT-ACTION-01] occurrence=2 observations=shape=(4, 928),dtype=torch.float32,device=cuda:0,finite=1,min=-28.8247,max=5.98553,mean=-0.144276 mean=shape=(4, 6),dtype=torch.float32,device=cuda:0,finite=1,min=-0.0114414,max=0.0208485,mean=0.00189648 sigma=shape=(4, 6),dtype=torch.float32,device=cuda:0,finite=1,min=0.01,max=0.01,mean=0.01 action=shape=(4, 6),dtype=torch.float32,device=cuda:0,finite=1,min=-0.00684783,max=0.0173449,mean=0.0014456
[FrontRES Segment PPO Eval Trace] batch_action_shape=(4, 6) policy_action_mean_shape=(4, 6) eval_mean_shape=(4, 6) log_prob_shape=(4,) actor_obs_shape=(4, 928) critic_obs_shape=(4, 289) semantic=ppo_eval_uses_6d_delta_se_with_separate_critic_obs
[AUDIT-PPO-01] occurrence=1 actions=shape=(4, 6),dtype=torch.float32,device=cuda:0,finite=1,min=-0.00797212,max=0.0154481,mean=0.000688661 old_means=shape=(4, 6),dtype=torch.float32,device=cuda:0,finite=1,min=-0.0114414,max=0.0208485,mean=0.00189648 old_sigmas=shape=(4, 6),dtype=torch.float32,device=cuda:0,finite=1,min=0.01,max=0.01,mean=0.01 advantages=shape=(4,),dtype=torch.float32,device=cuda:0,finite=1,min=-1.35075,max=-0.418911,mean=-0.936697 valid_mask=shape=(4,),dtype=torch.bool,device=cuda:0,finite=1 total_loss=shape=(),dtype=torch.float32,device=cuda:0,finite=1,min=0.0071229,max=0.0071229,mean=0.0071229 ratio=shape=(4,),dtype=torch.float32,device=cuda:0,finite=1,min=0.999998,max=1,mean=1 distribution_kl_mean=6.008148193359375e-05
[FrontRES v015 Formal Transaction] transaction=frontres-v015-local-training:i0:n1 sources=2 attempts=4 valid=4 step_delta=1
[FrontRES v015 Transaction Telemetry] {"action_abs_max":0.015448145568370819,"action_abs_mean":0.004088674630480682,"action_l2_mean":0.0117836782435547,"active_k":8,"actor_loss_weight":0.0,"actor_std_parameter_delta":{"param_delta_changed":0,"param_delta_first_changed":"","param_delta_l2":0.0,"param_delta_max_abs":0.0,"param_delta_total":8},"actual_contact_noisy_steps":[[[1.0,1.0],[1.0,1.0],[1.0,1.0],[1.0,1.0],[1.0,1.0],[1.0,1.0],[1.0,0.0],[1.0,0.0]],[[1.0,1.0],[1.0,1.0],[1.0,1.0],[1.0,1.0],[1.0,1.0],[0.0,1.0],[1.0,1.0],[1.0,1.0]],[[1.0,1.0],[1.0,0.0],[1.0,0.0],[1.0,0.0],[1.0,0.0],[1.0,0.0],[1.0,0.0],[1.0,0.0]],[[1.0,0.0],[1.0,1.0],[1.0,1.0],[1.0,1.0],[1.0,1.0],[1.0,1.0],[0.0,0.0],[1.0,0.0]]],"actual_contact_repaired_steps":[[[1.0,1.0],[1.0,1.0],[1.0,1.0],[1.0,1.0],[1.0,1.0],[1.0,1.0],[1.0,0.0],[1.0,0.0]],[[0.0,1.0],[1.0,1.0],[1.0,1.0],[1.0,1.0],[1.0,1.0],[1.0,1.0],[1.0,1.0],[1.0,1.0]],[[1.0,0.0],[1.0,0.0],[1.0,1.0],[1.0,0.0],[1.0,0.0],[1.0,0.0],[1.0,0.0],[1.0,0.0]],[[1.0,0.0],[1.0,0.0],[1.0,0.0],[1.0,0.0],[1.0,0.0],[1.0,0.0],[1.0,0.0],[1.0,0.0]]],"advantage_abs_max":1.350745439529419,"advantage_abs_mean":0.936697244644165,"advantage_abs_top1_frac":0.3605074764692362,"advantage_max":-0.418911337852478,"advantage_mean":-0.936697244644165,"advantage_min":-1.350745439529419,"advantage_scale":0.11935621500015259,"advantage_sign_flip_count":0,"contact_constraint":[0.0,0.03999999910593033,0.14000000059604645,0.1599999964237213],"critic_parameter_delta":{"param_delta_changed":10,"param_delta_first_changed":"critic.0.weight","param_delta_l2":0.0013972546380001305,"param_delta_max_abs":1.000240445137024e-06,"param_delta_total":10},"curriculum_fingerprint":"0ed39e6b7aa6499b06986eef55d5d4dcf4a1dc86a4ce5e98c1e7fdaa3294ac98","expected_support_steps":[[[1.0,1.0],[1.0,1.0],[1.0,1.0],[1.0,1.0],[1.0,1.0],[1.0,1.0],[1.0,0.0],[1.0,0.0]],[[1.0,1.0],[1.0,1.0],[1.0,1.0],[1.0,1.0],[1.0,1.0],[1.0,1.0],[1.0,0.0],[1.0,0.0]],[[1.0,1.0],[1.0,1.0],[1.0,1.0],[1.0,1.0],[1.0,1.0],[1.0,1.0],[1.0,1.0],[1.0,1.0]],[[1.0,1.0],[1.0,1.0],[1.0,1.0],[1.0,1.0],[1.0,1.0],[1.0,1.0],[1.0,1.0],[1.0,1.0]]],"gain_contract_id":"FRS-GAIN-v005","gain_source":"FRS-GAIN-v005-vector-physics-constraints","gain_total":[-0.1012682095170021,0.01103863026946783,-0.10775482654571533,-0.09457991272211075],"gradient_nonzero_parameter_count":10,"gradient_parameter_count":18,"gradient_post_clip_norm":0.17626178084533076,"gradient_pre_clip_norm":0.1762617826461792,"grouped_attempt_mass_shares":[0.25,0.25,0.25,0.25],"grouped_motion_mass_shares":[0.5,0.5],"grouped_reduction_active":true,"grouped_segment_mass_shares":[0.5,0.5],"grouped_transaction_advantage_rms":0.11935621500015259,"harm_definition":"gain_total<0","harm_fraction":0.75,"horizon_k":[8,8,8,8],"intent_gain":[-0.09365162253379822,0.020966172218322754,-0.08902466297149658,-0.08371949195861816],"intent_q29_provenance":"deployment_noisy_q29","intent_q29_source":"motion_internal_q29","intent_quality_noisy":[0.6831905841827393,0.5654248595237732,0.5856921672821045,0.5500051379203796],"intent_quality_repaired":[0.6221132874488831,0.577404797077179,0.5358046889305115,0.5058338046073914],"k_stage_index":0,"k_stage_iteration":0,"negative_gain_fraction":0.75,"noisy_contact":[1.0,0.9599999785423279,0.8600000143051147,0.9200000166893005],"noisy_segment_hashes":["508d663ff7e5d7e82285d1a3cff67ff05ecc17aab5ca0625cb47441683b1637b","508d663ff7e5d7e82285d1a3cff67ff05ecc17aab5ca0625cb47441683b1637b","abcf2df1665d717deb85498a42c4b51bcda6f1720b209717da32d724fbf2d4a7","abcf2df1665d717deb85498a42c4b51bcda6f1720b209717da32d724fbf2d4a7"],"noisy_success":[1.0,1.0,1.0,1.0],"noisy_survival":[8.0,8.0,8.0,8.0],"noisy_zmp_margin":[-0.10573993623256683,-0.08162790536880493,-0.24529409408569336,-0.20047706365585327],"optimizer_step_delta":1,"physics_admissible_noisy":[0.0,0.0,0.0,0.0],"physics_admissible_repaired":[0.0,0.0,0.0,0.0],"physics_contact_gain":[0.0,0.0,0.0,-0.07999998331069946],"physics_deficit_noisy":[0.29669666290283203,0.21510180830955505,0.7849410772323608,0.6415265798568726],"physics_deficit_repaired":[0.23608356714248657,0.19389036297798157,0.7179924249649048,0.8040717244148254],"physics_gain":[0.004863113164901733,0.001602068543434143,0.005230367183685303,-0.03269883245229721],"physics_success_gain":[0.0,0.0,0.0,0.0],"physics_survival_gain":[0.0,0.0,0.0,0.0],"physics_survival_quality_noisy":[1.0,1.0,1.0,1.0],"physics_survival_quality_repaired":[1.0,1.0,1.0,1.0],"physics_valid_step_count":[8,8,8,8],"physics_zmp_gain":[0.019452452659606934,0.006408274173736572,0.02092146873474121,-0.05079534649848938],"policy_actions":[[0.0007378508453257382,0.0019919215701520443,-0.0028539353515952826,0.004539770539849997,0.0031500421464443207,0.0038500570226460695],[0.00046752739581279457,-0.003758894046768546,-0.0064870500937104225,0.0018591218395158648,-0.005416793283075094,0.0030542477034032345],[0.0018579737516120076,-0.0032681601587682962,-0.00253380392678082,0.005297747440636158,0.015448145568370819,-0.007972115650773048],[3.794348003793857e-06,-0.005087872967123985,0.003348596626892686,0.00633424986153841,0.005386983510106802,-0.0034215354826301336]],"policy_row_count":4,"policy_snapshot_id":"frontres-v015-local-training:i0:n1:pi-9a8fdb221f759755","policy_values":[0.06153092905879021,0.06152808666229248,0.016827978193759918,0.016820307821035385],"positive_gain_fraction":0.25,"ppo_feedback":false,"priority_feedback":false,"raw_advantages":[-0.16279913485050201,-0.050489455461502075,-0.12458280473947525,-0.11140021681785583],"repair_cost":[0.007616583723574877,0.009927541948854923,0.01873016357421875,0.010860422626137733],"repair_penalty":[0.007616583723574877,0.009927541948854923,0.01873016357421875,0.010860422626137733],"repaired_contact":[1.0,0.9599999785423279,0.8600000143051147,0.8400000333786011],"repaired_success":[1.0,1.0,1.0,1.0],"repaired_survival":[8.0,8.0,8.0,8.0],"repaired_zmp_margin":[-0.0862874835729599,-0.07521963119506836,-0.22437262535095215,-0.25127241015434265],"return_abs_mean":0.07866039127111435,"return_feedback":false,"return_max":0.01103863026946783,"return_mean":-0.07314107567071915,"return_min":-0.10775482654571533,"returns":[-0.1012682095170021,0.01103863026946783,-0.10775482654571533,-0.09457991272211075],"scaled_advantages":[-1.350745439529419,-0.418911337852478,-1.0437898635864258,-0.9333423972129822],"scenario_ids":["frontres-v015-local-training:i0:n1:source-0:segment-6924436","frontres-v015-local-training:i0:n1:source-0:segment-6924436","frontres-v015-local-training:i0:n1:source-1:segment-8208908","frontres-v015-local-training:i0:n1:source-1:segment-8208908"],"support_transition_steps":[[false,false,false,false,false,false,true,false],[false,false,false,false,false,false,true,false],[false,false,false,false,false,false,false,false],[false,false,false,false,false,false,false,false]],"survival_constraint":[0.0,0.0,0.0,0.0],"training_contract_id":"FRS-TRAIN-v010","training_iteration":0,"transaction_id":"frontres-v015-local-training:i0:n1","update_count":1,"utility_noisy":[0.6831905841827393,0.5654248595237732,0.5856921672821045,0.5500051379203796],"utility_repaired":[0.6221132874488831,0.577404797077179,0.5358046889305115,0.5058338046073914],"valid_policy_row_count":4,"valid_policy_row_mask":[true,true,true,true],"warmup_phase":"critic_only","warmup_phase_iteration":0,"x_t_identities":["motion=KIT/348/amass_g1_bend_right05_poses.npz|frame=159|segment=6924436","motion=KIT/348/amass_g1_bend_right05_poses.npz|frame=159|segment=6924436","motion=KIT/883/amass_g1_wipe_back_horizontal04_poses.npz|frame=138|segment=8208908","motion=KIT/883/amass_g1_wipe_back_horizontal04_poses.npz|frame=138|segment=8208908"],"zmp_applicable_steps":[[true,true,true,true,true,true,false,true],[true,true,true,true,true,true,false,true],[true,true,true,true,true,true,true,true],[true,true,true,true,true,true,true,true]],"zmp_argmax_frame_noisy":[1,4,7,3],"zmp_argmax_frame_repaired":[5,7,7,7],"zmp_constraint":[0.23608356714248657,0.19389036297798157,0.7179924249649048,0.8040717244148254],"zmp_constraint_applicable":[true,true,true,true],"zmp_margin_noisy_steps":[[-0.11228597164154053,-0.1252889633178711,-0.11309671401977539,-0.0895226001739502,-0.10029757022857666,-0.10706397145986557,-0.10417791455984116,-0.09418579190969467],[-0.02657604217529297,-0.057129859924316406,-0.04528665542602539,-0.0438385009765625,-0.13130569458007812,-0.12437820434570312,-0.11526870727539062,-0.10923957824707031],[-0.20115280151367188,-0.18624114990234375,-0.19085693359375,-0.22571754455566406,-0.27239990234375,-0.27205467224121094,-0.2921600341796875,-0.32176971435546875],[-0.22353363037109375,-0.21423912048339844,-0.23113632202148438,-0.24427413940429688,-0.2129364013671875,-0.20955467224121094,-0.058957576751708984,-0.2091846466064453]],"zmp_margin_repaired_steps":[[-0.0771636962890625,-0.06748008728027344,-0.07064247131347656,-0.08149337768554688,-0.09242057800292969,-0.10500522702932358,-0.10009094327688217,-0.09600349515676498],[-0.03453254699707031,-0.036248207092285156,-0.054297447204589844,-0.06659793853759766,-0.08297157287597656,-0.10103893280029297,-0.11703109741210938,-0.109039306640625],[-0.2785511016845703,-0.2196063995361328,-0.1806354522705078,-0.1688823699951172,-0.17304420471191406,-0.23646163940429688,-0.25157737731933594,-0.2862224578857422],[-0.21814820170402527,-0.17343422770500183,-0.1967611014842987,-0.2003478705883026,-0.2321777045726776,-0.273713082075119,-0.34529969096183777,-0.3702974021434784]],"zmp_max_violation_noisy":[0.1252889633178711,0.13130569458007812,0.32176971435546875,0.24427413940429688],"zmp_max_violation_repaired":[0.10500522702932358,0.109039306640625,0.2862224578857422,0.3702974021434784],"zmp_recovery_trajectory_noisy":[[0.1252889633178711,0.11309671401977539,0.0895226001739502,0.10029757022857666,0.10706397145986557,null,0.09418579190969467],[0.13130569458007812,0.12437820434570312,null,0.10923957824707031],[0.32176971435546875],[0.24427413940429688,0.2129364013671875,0.20955467224121094,0.058957576751708984,0.2091846466064453]],"zmp_recovery_trajectory_repaired":[[0.10500522702932358,null,0.09600349515676498],[0.109039306640625],[0.2862224578857422],[0.3702974021434784]],"zmp_step_violation_noisy":[[0.11228597164154053,0.1252889633178711,0.11309671401977539,0.0895226001739502,0.10029757022857666,0.10706397145986557,null,0.09418579190969467],[0.02657604217529297,0.057129859924316406,0.04528665542602539,0.0438385009765625,0.13130569458007812,0.12437820434570312,null,0.10923957824707031],[0.20115280151367188,0.18624114990234375,0.19085693359375,0.22571754455566406,0.27239990234375,0.27205467224121094,0.2921600341796875,0.32176971435546875],[0.22353363037109375,0.21423912048339844,0.23113632202148438,0.24427413940429688,0.2129364013671875,0.20955467224121094,0.058957576751708984,0.2091846466064453]],"zmp_step_violation_repaired":[[0.0771636962890625,0.06748008728027344,0.07064247131347656,0.08149337768554688,0.09242057800292969,0.10500522702932358,null,0.09600349515676498],[0.03453254699707031,0.036248207092285156,0.054297447204589844,0.06659793853759766,0.08297157287597656,0.10103893280029297,null,0.109039306640625],[0.2785511016845703,0.2196063995361328,0.1806354522705078,0.1688823699951172,0.17304420471191406,0.23646163940429688,0.25157737731933594,0.2862224578857422],[0.21814820170402527,0.17343422770500183,0.1967611014842987,0.2003478705883026,0.2321777045726776,0.273713082075119,0.34529969096183777,0.3702974021434784]]}
[FrontRES v015 Formal Train] absolute_iter=1 local=1/1 transaction=frontres-v015-local-training:i0:n1 segments=2 attempts=4 valid=4 grouped_attempts=4 step_delta=1 committed=1
[AUDIT-WARMUP-01] occurrence=1 iteration=1 critic_warmup_iterations=200 actor_warmup_iterations=500 phase=critic_only phase_iteration=1 actor_loss_weight=0.0
[AUDIT-KPLAN-01] occurrence=1 schedule_fingerprint=0ed39e6b7aa6499b06986eef55d5d4dcf4a1dc86a4ce5e98c1e7fdaa3294ac98 stage_index=0 active_k=8 stage_iteration=1 absolute_iteration=1 phase=critic_only actor_loss_weight=0.0
[AUDIT-WARMUP-01] occurrence=2 iteration=0 critic_warmup_iterations=200 actor_warmup_iterations=500 phase=critic_only phase_iteration=0 actor_loss_weight=0.0
[AUDIT-KPLAN-01] occurrence=2 schedule_fingerprint=0ed39e6b7aa6499b06986eef55d5d4dcf4a1dc86a4ce5e98c1e7fdaa3294ac98 stage_index=0 active_k=8 stage_iteration=0 absolute_iteration=0 phase=critic_only actor_loss_weight=0.0
[AUDIT-PERSIST-01] path=/hdd1/cyx/FEMR/g1_flat_frontres_stage3_segment_hrl/2026-07-23_19-44-16_G5_S4_BOUND_V015/model_1.pt iter=1 model=1 optimizer=1 obs_norm=1 sampler=1 contracts=FRS-METHOD-v016/FRS-GAIN-v005/FRS-PPO-v004/FRS-TRAIN-v010 persistent_dual=0 curriculum=((8, 200, 500, 0),) stage=0 active_k=8 phase=critic_only fingerprint=0ed39e6b7aa6499b06986eef55d5d4dcf4a1dc86a4ce5e98c1e7fdaa3294ac98

--------------------------------------------------------------------------------

[FrontRES Segment Live Checkpoint]
  save.status: OK
  save.path: /hdd1/cyx/FEMR/g1_flat_frontres_stage3_segment_hrl/2026-07-23_19-44-16_G5_S4_BOUND_V015/model_1.pt
  save.in_log_dir: True
  save.iteration: 1
  route.runner_learn: True

1        |            |
|=============================================================================================|
| OS: 22.04.5 LTS (Jammy Jellyfish) ubuntu, Version: 22.04.5, Kernel: 6.8.0-106-generic
| Processor: Intel(R) Xeon(R) Gold 6240 CPU @ 2.60GHz
| Cores: 36 | Logical Cores: 72
|---------------------------------------------------------------------------------------------|
| Total Memory (MB): 515614 | Free Memory: 313942
| Total Page/Swap (MB): 1951 | Free Page/Swap: 0
|---------------------------------------------------------------------------------------------|
Unidirectional P2P=Enabled Bandwidth (P2P Writes) Matrix (GB/s)
   D\D     0 
     0 397.99 
P2P=Enabled Latency (P2P Writes) Matrix (us)
   GPU     0 
     0   1.58 

   CPU     0 
     0   6.56 
2026-07-23 11:44:19 [45,972ms] [Warning] [gpu.foundation.plugin] IOMMU is enabled.
2026-07-23 11:44:19 [45,972ms] [Warning] [gpu.foundation.plugin] Detected IOMMU is enabled. Running CUDA peer-to-peer bandwidth and latency validation.
Unidirectional P2P=Enabled Bandwidth (P2P Writes) Matrix (GB/s)
   D\D     0 
     0 630.29 
P2P=Enabled Latency (P2P Writes) Matrix (us)
   GPU     0 
     0   1.66 

   CPU     0 
     0   5.84 
2026-07-23 11:44:20 [47,284ms] [Warning] [carb.windowing-glfw.plugin] GLFW initialization failed.
2026-07-23 11:44:20 [47,284ms] [Warning] [carb] Failed to startup plugin carb.windowing-glfw.plugin (interfaces: [carb::windowing::IGLContext v1.0],[carb::windowing::IWindowing v1.5]) (impl: carb.windowing-glfw.plugin)
2026-07-23 11:44:20 [47,574ms] [Warning] [carb.windowing-glfw.plugin] GLFW initialization failed.
2026-07-23 11:44:20 [47,574ms] [Warning] [carb] Failed to startup plugin carb.windowing-glfw.plugin (interfaces: [carb::windowing::IGLContext v1.0],[carb::windowing::IWindowing v1.5]) (impl: carb.windowing-glfw.plugin)
2026-07-23 11:44:20 [47,592ms] [Warning] [carb.windowing-glfw.plugin] GLFW initialization failed.
2026-07-23 11:44:20 [47,592ms] [Warning] [carb] Failed to startup plugin carb.windowing-glfw.plugin (interfaces: [carb::windowing::IGLContext v1.0],[carb::windowing::IWindowing v1.5]) (impl: carb.windowing-glfw.plugin)
2026-07-23 11:44:21 [47,870ms] [Warning] [carb.windowing-glfw.plugin] GLFW initialization failed.
2026-07-23 11:44:21 [47,870ms] [Warning] [carb] Failed to startup plugin carb.windowing-glfw.plugin (interfaces: [carb::windowing::IGLContext v1.0],[carb::windowing::IWindowing v1.5]) (impl: carb.windowing-glfw.plugin)
2026-07-23 11:44:21 [47,874ms] [Warning] [carb.windowing-glfw.plugin] GLFW initialization failed.
2026-07-23 11:44:21 [47,874ms] [Warning] [carb] Failed to startup plugin carb.windowing-glfw.plugin (interfaces: [carb::windowing::IGLContext v1.0],[carb::windowing::IWindowing v1.5]) (impl: carb.windowing-glfw.plugin)
2026-07-23 11:44:21 [47,879ms] [Warning] [carb.windowing-glfw.plugin] GLFW initialization failed.
2026-07-23 11:44:21 [47,879ms] [Warning] [carb] Failed to startup plugin carb.windowing-glfw.plugin (interfaces: [carb::windowing::IGLContext v1.0],[carb::windowing::IWindowing v1.5]) (impl: carb.windowing-glfw.plugin)
2026-07-23 11:44:24 [51,228ms] [Warning] [omni.graph.visualization.nodes._impl.extension] No Viewport Window to add omni.graph.visualization.nodes-2.1.1 scene to
