[DEBUG] Registered SIGUSR1 stack dump. Use: kill -USR1 <pid>
[Train] Launching Isaac Sim: device=cuda:0, headless=True, enable_cameras=False
[Warning] [simulation_app.simulation_app] Modules: ['omni.kit_app'] were loaded before SimulationApp was started and might not be loaded correctly.
[Warning] [simulation_app.simulation_app] Please check to make sure no extra omniverse or pxr modules are imported before the call to SimulationApp(...)
Loading user config located at: '/hdd0/yuxuancheng/miniconda3/envs/mosaic/lib/python3.10/site-packages/omni/data/Kit/Isaac-Sim/4.5/user.config.json'
[Info] [carb] Logging to file: /hdd0/yuxuancheng/miniconda3/envs/mosaic/lib/python3.10/site-packages/omni/logs/Kit/Isaac-Sim/4.5/kit_20260807_025701.log
2026-08-07 02:57:01 [0ms] [Warning] [omni.kit.app.plugin] No crash reporter present, dumps uploading isn't available.
2026-08-07 02:57:01 [2ms] [Warning] [omni.ext.plugin] [ext: rendering_modes] Extensions config 'extension.toml' doesn't exist '/home/yuxuancheng/IsaacLab_mosaic/apps/rendering_modes' or '/home/yuxuancheng/IsaacLab_mosaic/apps/rendering_modes/config'
2026-08-07 02:57:01 [149ms] [Warning] [omni.usd_config.extension] Enable omni.materialx.libs extension to use MaterialX
2026-08-07 02:57:01 [293ms] [Warning] [omni.platforminfo.plugin] failed to open the default display.  Can't verify X Server version.
2026-08-07 02:57:02 [569ms] [Warning] [omni.datastore] OmniHub is inaccessible
2026-08-07 02:57:02 [683ms] [Warning] [omni.isaac.dynamic_control] omni.isaac.dynamic_control is deprecated as of Isaac Sim 4.5. No action is needed from end-users.
2026-08-07 02:57:07 [5,480ms] [Warning] [carb.cudainterop.plugin] CUDA_VISIBLE_DEVICES environment variable is set.
2026-08-07 02:57:07 [5,480ms] [Warning] [carb.cudainterop.plugin] Note CUDA device enumeration and Omniverse device enumeration are different.
2026-08-07 02:57:07 [5,480ms] [Warning] [carb.cudainterop.plugin] Setting CUDA_VISIBLE_DEVICES can lead to undesired behavior or crashes.
2026-08-07 02:57:07 [5,482ms] [Warning] [gpu.foundation.plugin] Skipping NVIDIA GPU due CUDA being in bad state: NVIDIA RTX A6000
2026-08-07 02:57:07 [5,482ms] [Warning] [gpu.foundation.plugin] Please restart your system if CUDA is known to work in your system.
2026-08-07 02:57:07 [5,482ms] [Warning] [gpu.foundation.plugin] Skipping NVIDIA GPU due CUDA being in bad state: NVIDIA RTX A6000
2026-08-07 02:57:07 [5,482ms] [Warning] [gpu.foundation.plugin] Please restart your system if CUDA is known to work in your system.
2026-08-07 02:57:07 [5,482ms] [Warning] [gpu.foundation.plugin] Skipping NVIDIA GPU due CUDA being in bad state: NVIDIA RTX A6000
2026-08-07 02:57:07 [5,482ms] [Warning] [gpu.foundation.plugin] Please restart your system if CUDA is known to work in your system.
2026-08-07 02:57:07 [5,482ms] [Warning] [gpu.foundation.plugin] Skipping NVIDIA GPU due CUDA being in bad state: NVIDIA RTX A6000
2026-08-07 02:57:07 [5,482ms] [Warning] [gpu.foundation.plugin] Please restart your system if CUDA is known to work in your system.
2026-08-07 02:57:07 [5,483ms] [Warning] [gpu.foundation.plugin] Skipping NVIDIA GPU due CUDA being in bad state: NVIDIA RTX A6000
2026-08-07 02:57:07 [5,483ms] [Warning] [gpu.foundation.plugin] Please restart your system if CUDA is known to work in your system.
2026-08-07 02:57:07 [5,483ms] [Warning] [gpu.foundation.plugin] Skipping NVIDIA GPU due CUDA being in bad state: NVIDIA RTX A6000
2026-08-07 02:57:07 [5,483ms] [Warning] [gpu.foundation.plugin] Please restart your system if CUDA is known to work in your system.
2026-08-07 02:57:07 [5,483ms] [Warning] [gpu.foundation.plugin] Skipping NVIDIA GPU due CUDA being in bad state: NVIDIA RTX A6000
2026-08-07 02:57:07 [5,483ms] [Warning] [gpu.foundation.plugin] Please restart your system if CUDA is known to work in your system.
2026-08-07 02:57:07 [5,483ms] [Warning] [gpu.foundation.plugin] Skipping NVIDIA GPU due CUDA being in bad state: NVIDIA RTX A6000
2026-08-07 02:57:07 [5,483ms] [Warning] [gpu.foundation.plugin] Please restart your system if CUDA is known to work in your system.
2026-08-07 02:57:07 [5,483ms] [Warning] [gpu.foundation.plugin] Skipping NVIDIA GPU due CUDA being in bad state: NVIDIA RTX A6000
2026-08-07 02:57:07 [5,483ms] [Warning] [gpu.foundation.plugin] Please restart your system if CUDA is known to work in your system.
2026-08-07 02:57:07 [5,483ms] [Warning] [gpu.foundation.plugin] Skipping NVIDIA GPU due CUDA being in bad state: NVIDIA RTX A6000
2026-08-07 02:57:07 [5,483ms] [Warning] [gpu.foundation.plugin] Please restart your system if CUDA is known to work in your system.
2026-08-07 02:57:07 [5,483ms] [Warning] [gpu.foundation.plugin] Skipping NVIDIA GPU due CUDA being in bad state: NVIDIA RTX A6000
2026-08-07 02:57:07 [5,483ms] [Warning] [gpu.foundation.plugin] Please restart your system if CUDA is known to work in your system.
2026-08-07 02:57:07 [5,483ms] [Warning] [gpu.foundation.plugin] Skipping NVIDIA GPU due CUDA being in bad state: NVIDIA RTX A6000
2026-08-07 02:57:07 [5,483ms] [Warning] [gpu.foundation.plugin] Please restart your system if CUDA is known to work in your system.
2026-08-07 02:57:07 [5,483ms] [Warning] [gpu.foundation.plugin] Skipping NVIDIA GPU due CUDA being in bad state: NVIDIA RTX A6000
2026-08-07 02:57:07 [5,483ms] [Warning] [gpu.foundation.plugin] Please restart your system if CUDA is known to work in your system.
2026-08-07 02:57:07 [5,483ms] [Warning] [gpu.foundation.plugin] Skipping NVIDIA GPU due CUDA being in bad state: NVIDIA RTX A6000
2026-08-07 02:57:07 [5,483ms] [Warning] [gpu.foundation.plugin] Please restart your system if CUDA is known to work in your system.

|---------------------------------------------------------------------------------------------|
| Driver Version: 550.90.12     | Graphics API: Vulkan
|=============================================================================================|
| GPU | Name                             | Active | LDA | GPU Memory | Vendor-ID | LUID       |
|     |                                  |        |     |            | Device-ID | UUID       |
|     |                                  |        |     |            | Bus-ID    |            |
|---------------------------------------------------------------------------------------------|
| 0   | NVIDIA RTX A6000                 | Yes: 0 |     | 49386   MB | 10de      | 0          |
|     |                                  |        |     |            | 2230      | 37c231e9.. |
|     |                                  |        |     |            | 4f        |            |
|---------------------------------------------------------------------------------------------|
| 1   | NVIDIA RTX A6000                 |        |     | 49386   MB | 10de      | 0          |
|     |                                  |        |     |            | 2230      | e2892e08.. |
|     |                                  |        |     |            | 50        |            |
|---------------------------------------------------------------------------------------------|
| 2   | NVIDIA RTX A6000                 |        |     | 49386   MB | 10de      | 0          |
|     |                                  |        |     |            | 2230      | 8040cd6e.. |
|     |                                  |        |     |            | 53        |            |
|---------------------------------------------------------------------------------------------|
| 3   | NVIDIA RTX A6000                 |        |     | 49386   MB | 10de      | 0          |
|     |                                  |        |     |            | 2230      | 54fe3201.. |
|     |                                  |        |     |            | 57        |            |
|---------------------------------------------------------------------------------------------|
| 4   | NVIDIA RTX A6000                 |        |     | 49386   MB | 10de      | 0          |
|     |                                  |        |     |            | 2230      | 97eb4793.. |
|     |                                  |        |     |            | 9c        |            |
|---------------------------------------------------------------------------------------------|
| 5   | NVIDIA RTX A6000                 |        |     | 49386   MB | 10de      | 0          |
|     |    [INFO][AppLauncher]: Using device: cuda:0
[INFO][AppLauncher]: Loading experience file: /home/yuxuancheng/IsaacLab_mosaic/apps/isaaclab.python.headless.kit
[Train] Isaac Sim ready.
[INFO]: Parsing configuration from: <class 'whole_body_tracking.tasks.tracking.config.g1.flat_env_cfg.G1FlatFrontRESFinetuneEnvCfg'>
[INFO]: Parsing configuration from: whole_body_tracking.tasks.tracking.config.g1.agents.rsl_rl_mosaic_cfg:G1FlatFrontRESUnifiedRunnerCfg
[FrontRES Stage] Applied preset: stage3_segment_hrl
[FrontRES Stage] experiment=g1_flat_frontres_stage3_segment_hrl, objective=segment_replay_hrl, segment_replay=False, segment_live=False, segment_sentinel=False, v015_local_sentinel=False, segment_probe=False, segment_storage=False, segment_single_update=False, segment_update_loop=False, segment_train=False, segment_update_steps=1, segment_critic_warmup=200, segment_actor_warmup=500, formal_runtime_audit=False, segment_k=8, k_curriculum=((8, 2, 200, 500, 1300, 'lower-k8', 0.5, 'linear-joint-v1', 1300, 2.381), (16, 3, 300, 300, 900, 'lower-k16', 0.6, 'linear-joint-v1', 900, 2.381), (32, 4, 400, 300, 625, 'lower-k32', 0.7, 'linear-joint-v1', 625, 2.381)), future_offsets=(1, 2), segment_shard_cache_size=8, max_iterations=0, supervised_warmup=0, is_full_resume=False
[FrontRES Stage3 Segment HRL] motion_loader_cfg has_load_cap=True has_shard_flag=True applied={'motion_dataset_shard_across_gpus': False, 'motion_dataset_load_cap': None, 'motion_dataset_log_shard_info': True}
[INFO] FrontRES perturbation alignment: rp (root_tilt=0.5/0.08, iid_rp=0.4/0.08; xy/yaw/z/joint disabled)
[INFO] PhysX GPU capacities prepared for 12 envs: contact=8388608, patch=1966080, pairs=16777216
                              |        |     |            | 2230      | 3b41bb25.. |
|     |                                  |        |     |            | 9d        |            |
|---------------------------------------------------------------------------------------------|
| 6   | NVIDIA RTX A6000                 |        |     | 49386   MB | 10de      | 0          |
|     |                                  |        |     |            | 2230      | 95c55dc8.. |
|     |                                  |        |     |            | a0        |            |
|---------------------------------------------------------------------------------------------|
| 7   | NVIDIA RTX A6000                 |        |     | 49386   MB | 10de      | 0          |
|     |                                  |        |     |            | 2230      | 64bd5306.. |
|     |                                  |        |     |            | a4        |            |
|=============================================================================================|
| OS: 24.04.1 LTS (Noble Numbat) ubuntu, Version: 24.04.1, Kernel: 6.8.0-134-generic
| Processor: Intel(R) Xeon(R) Gold 6326 CPU @ 2.90GHz
| Cores: 32 | Logical Cores: 64
|---------------------------------------------------------------------------------------------|
| Total Memory (MB): 515613 | Free Memory: 441640
| Total Page/Swap (MB): 8191 | Free Page/Swap: 0
|---------------------------------------------------------------------------------------------|
2026-08-07 02:57:08 [6,521ms] [Warning] [gpu.foundation.plugin] IOMMU is enabled.
2026-08-07 02:57:08 [6,521ms] [Warning] [gpu.foundation.plugin] Detected IOMMU is enabled. Running CUDA peer-to-peer bandwidth and latency validation.
Unidirectional P2P=Enabled Bandwidth (P2P Writes) Matrix (GB/s)
   D\D     0 
     0 671.47 
P2P=Enabled Latency (P2P Writes) Matrix (us)
   GPU     0 
     0   1.65 

   CPU     0 
     0   2.97 
2026-08-07 02:57:10 [9,063ms] [Warning] [carb.windowing-glfw.plugin] GLFW initialization failed.
2026-08-07 02:57:10 [9,063ms] [Warning] [carb] Failed to startup plugin carb.windowing-glfw.plugin (interfaces: [carb::windowing::IGLContext v1.0],[carb::windowing::IWindowing v1.5]) (impl: carb.windowing-glfw.plugin)
2026-08-07 02:57:10 [9,067ms] [Error] [gpu.foundation.plugin] DriverShaderCacheManager::init() called without a shutdown()!
2026-08-07 02:57:10 [9,275ms] [Warning] [gpu.foundation.plugin] Skipping NVIDIA GPU due CUDA being in bad state: NVIDIA RTX A6000
2026-08-07 02:57:10 [9,275ms] [Warning] [gpu.foundation.plugin] Please restart your system if CUDA is known to work in your system.
2026-08-07 02:57:10 [9,275ms] [Warning] [gpu.foundation.plugin] Skipping NVIDIA GPU due CUDA being in bad state: NVIDIA RTX A6000
2026-08-07 02:57:10 [9,275ms] [Warning] [gpu.foundation.plugin] Please restart your system if CUDA is known to work in your system.
2026-08-07 02:57:10 [9,275ms] [Warning] [gpu.foundation.plugin] Skipping NVIDIA GPU due CUDA being in bad state: NVIDIA RTX A6000
2026-08-07 02:57:10 [9,275ms] [Warning] [gpu.foundation.plugin] Please restart your system if CUDA is known to work in your system.
2026-08-07 02:57:10 [9,276ms] [Warning] [gpu.foundation.plugin] Skipping NVIDIA GPU due CUDA being in bad state: NVIDIA RTX A6000
2026-08-07 02:57:10 [9,276ms] [Warning] [gpu.foundation.plugin] Please restart your system if CUDA is known to work in your system.
2026-08-07 02:57:10 [9,276ms] [Warning] [gpu.foundation.plugin] Skipping NVIDIA GPU due CUDA being in bad state: NVIDIA RTX A6000
2026-08-07 02:57:10 [9,276ms] [Warning] [gpu.foundation.plugin] Please restart your system if CUDA is known to work in your system.
2026-08-07 02:57:10 [9,276ms] [Warning] [gpu.foundation.plugin] Skipping NVIDIA GPU due CUDA being in bad state: NVIDIA RTX A6000
2026-08-07 02:57:10 [9,276ms] [Warning] [gpu.foundation.plugin] Please restart your system if CUDA is known to work in your system.
2026-08-07 02:57:10 [9,277ms] [Warning] [gpu.foundation.plugin] Skipping NVIDIA GPU due CUDA being in bad state: NVIDIA RTX A6000
2026-08-07 02:57:10 [9,277ms] [Warning] [gpu.foundation.plugin] Please restart your system if CUDA is known to work in your system.
2026-08-07 02:57:10 [9,277ms] [Warning] [gpu.foundation.plugin] Skipping NVIDIA GPU due CUDA being in bad state: NVIDIA RTX A6000
2026-08-07 02:57:10 [9,277ms] [Warning] [gpu.foundation.plugin] Please restart your system if CUDA is known to work in your system.
2026-08-07 02:57:10 [9,277ms] [Warning] [gpu.foundation.plugin] Skipping NVIDIA GPU due CUDA being in bad state: NVIDIA RTX A6000
2026-08-07 02:57:10 [9,277ms] [Warning] [gpu.foundation.plugin] Please restart your system if CUDA is known to work in your system.
2026-08-07 02:57:10 [9,277ms] [Warning] [gpu.foundation.plugin] Skipping NVIDIA GPU due CUDA being in bad state: NVIDIA RTX A6000
2026-08-07 02:57:10 [9,277ms] [Warning] [gpu.foundation.plugin] Please restart your system if CUDA is known to work in your system.
2026-08-07 02:57:10 [9,277ms] [Warning] [gpu.foundation.plugin] Skipping NVIDIA GPU due CUDA being in bad state: NVIDIA RTX A6000
2026-08-07 02:57:10 [9,277ms] [Warning] [gpu.foundation.plugin] Please restart your system if CUDA is known to work in your system.
2026-08-07 02:57:10 [9,277ms] [Warning] [gpu.foundation.plugin] Skipping NVIDIA GPU due CUDA being in bad state: NVIDIA RTX A6000
2026-08-07 02:57:10 [9,277ms] [Warning] [gpu.foundation.plugin] Please restart your system if CUDA is known to work in your system.
2026-08-07 02:57:10 [9,277ms] [Warning] [gpu.foundation.plugin] Skipping NVIDIA GPU due CUDA being in bad state: NVIDIA RTX A6000
2026-08-07 02:57:10 [9,277ms] [Warning] [gpu.foundation.plugin] Please restart your system if CUDA is known to work in your system.
2026-08-07 02:57:10 [9,277ms] [Warning] [gpu.foundation.plugin] Skipping NVIDIA GPU due CUDA being in bad state: NVIDIA RTX A6000
2026-08-07 02:57:10 [9,277ms] [Warning] [gpu.foundation.plugin] Please restart your system if CUDA is known to work in your system.

|---------------------------------------------------------------------------------------------|
| Driver Version: 550.90.12     | Graphics API: Vulkan
|=============================================================================================|
| GPU | Name                             | Active | LDA | GPU Memory | Vendor-ID | LUID       |
|     |                                  |        |     |            | Device-ID | UUID       |
|     |                                  |        |     |            | Bus-ID    |            |
|---------------------------------------------------------------------------------------------|
| 0   | NVIDIA RTX A6000                 | Yes: 0 |     | 49386   MB | 10de      | 0          |
|     |                                  |        |     |            | 2230      | 37c231e9.. |
|     |                                  |        |     |            | 4f        |            |
|---------------------------------------------------------------------------------------------|
| 1   | NVIDIA RTX A6000                 |        |     | 49386   MB | 10de      | 0          |
|     |                                  |        |     |            | 2230      | e2892e08.. |
|     |                                  |        |     |            | 50        |            |
|---------------------------------------------------------------------------------------------|
| 2   | NVIDIA RTX A6000                 |        |     | 49386   MB | 10de      | 0          |
|     |                                  |        |     |            | 2230      | 8040cd6e.. |
|     |                                  |        |     |            | 53        |            |
|---------------------------------------------------------------------------------------------|
| 3   | NVIDIA RTX A6000                 |        |     | 49386   MB | 10de      | 0          |
|     |                                  |        |     |            | 2230      | 54fe3201.. |
|     |                                  |        |     |            | 57        |            |
|---------------------------------------------------------------------------------------------|
| 4   | NVIDIA RTX A6000                 |        |     | 49386   MB | 10de      | 0          |
|     |                                  |        |     |            | 2230      | 97eb4793.. |
|     |                                  |        |     |            | 9c        |            |
|---------------------------------------------------------------------------------------------|
| 5   | NVIDIA RTX A6000                 |        |     | 49386   MB | 10de      | 0          |
|     |                                  |        |     |            | 2230      | 3b41bb25.. |
|     |                                  |        |     |            | 9d        |            |
|---------------------------------------------------------------------------------------------|
| 6   | NVIDIA RTX A6000                 |        |     | 49386   MB | 10de      | 0          |
|     |                                  |        |     |            | 2230      | 95c55dc8.. |
|     |                                  |        |     |            | a0        |            |
|---------------------------------------------------------------------------------------------|
| 7   | NVIDIA RTX A6000                 |        |     | 49386   MB | 10de      | 0          |
|     |                                  |        |     |            | 2230      | 64bd5306.. |
|     |                                  |        |     |            | a4        |            |
|=============================================================================================|
| OS: 24.04.1 LTS (Noble Numbat) ubuntu, Version: 24.04.1, Kernel: 6.8.0-134-generic
| Processor: Intel(R) Xeon(R) Gold 6326 CPU @ 2.90GHz
| Cores: 32 | Logical Cores: 64
|---------------------------------------------------------------------------------------------|
| Total Memory (MB): 515613 | Free Memory: 441283
| Total Page/Swap (MB): 8191 | Free Page/Swap: 0
|---------------------------------------------------------------------------------------------|
Unidirectional P2P=Enabled Bandwidth (P2P Writes) Matrix (GB/s)
   D\D     0 
     0 617.59 
P2P=Enabled Latency (P2P Writes) Matrix (us)
   GPU     0 
     0   1.74 

   CPU     0 
     0   2.77 
2026-08-07 02:57:12 [11,073ms] [Warning] [gpu.foundation.plugin] IOMMU is enabled.
2026-08-07 02:57:12 [11,073ms] [Warning] [gpu.foundation.plugin] Detected IOMM[FrontRES Runtime Temp] temp_root=/hdd0/yuxuancheng/FEMR/.runtime_tmp asset_usd_dir=/hdd0/yuxuancheng/FEMR/.runtime_tmp/isaaclab_assets/rank0_6vi5dkbb rank=0
[INFO] Logging experiment in directory: /hdd0/yuxuancheng/FEMR/g1_flat_frontres_stage3_segment_hrl
Setting seed: 42
[INFO]: Base environment:
	Environment device    : cuda:0
	Environment seed      : 42
	Physics step-size     : 0.005
	Rendering step-size   : 0.02
	Environment step-size : 0.02
[INFO] Generating terrains randomly took : 0.365853 seconds
[INFO]: Time taken for scene creation : 5.136827 seconds
[INFO]: Scene manager:  <class InteractiveScene>
	Number of environments: 12
	Environment spacing   : 2.5
	Source prim name      : /World/envs/env_0
	Global prim paths     : ['/World/ground']
	Replicate physics     : True
[INFO]: Starting the simulation. This may take a few seconds. Please wait...
[INFO]: Time taken for simulation start : 1.215143 seconds
[MultiMotionLoader] Motion group distribution:
  - default: 15291 motions
[MultiMotionLoader] shard_info={'total_motions': 15291, 'selected_motions': 15291, 'shard_across_gpus': False, 'shard_by': 'global', 'shard_seed': 0, 'shard_strategy': 'chunk', 'rank': 0, 'world_size': 1, 'max_motions': -1}
[MultiMotionCommand] Registered motion groups: ['default']
[MultiMotionCommand]   - Group 'default': 15291 motions
[INFO] Command Manager:  <CommandManager> contains 1 active terms.
+-------------------------------------+
|         Active Command Terms        |
+-------+--------+--------------------+
| Index | Name   |        Type        |
+-------+--------+--------------------+
|   0   | motion | MultiMotionCommand |
+-------+--------+--------------------+

[INFO] Event Manager:  <EventManager> contains 0 active terms.

[INFO] Recorder Manager:  <RecorderManager> contains 0 active terms.
+---------------------+
| Active Recorder Terms |
+-----------+---------+
|   Index   | Name    |
+-----------+---------+
+-----------+---------+

[INFO] Action Manager:  <ActionManager> contains 1 active terms.
+------------------------------------+
|  Active Action Terms (shape: 29)   |
+--------+-------------+-------------+
| Index  | Name        |   Dimension |
+--------+-------------+-------------+
|   0    | joint_pos   |          29 |
+--------+-------------+-------------+

[INFO] Observation Manager: <ObservationManager> contains 2 groups.
+-------------------------------------------------------------+
| Active Observation Terms in Group: 'policy' (shape: (870,)) |
+----------+--------------------------------------+-----------+
|  Index   | Name                                 |   Shape   |
+----------+--------------------------------------+-----------+
|    0     | anchor_root_pos_error_w              |   (15,)   |
|    1     | anchor_root_rpy_error_w              |   (15,)   |
|    2     | frontres_balance_context             |   (70,)   |
|    3     | command                              |   (290,)  |
|    4     | motion_anchor_ori_b                  |   (30,)   |
|    5     | base_ang_vel                         |   (15,)   |
|    6     | joint_pos                            |   (145,)  |
|    7     | joint_vel                            |   (145,)  |
|    8     | actions                              |   (145,)  |
+----------+--------------------------------------+-----------+
+-----------------------------------------------------------+
| Active Observation Terms in Group: 'critic' (shape: (289,)) |
+-----------+-----------------------------------+-----------+
|   Index   | Name                              |   Shape   |
+-----------+-----------------------------------+-----------+
|     0     | command                           |   (58,)   |
|     1     | motion_anchor_pos_b               |    (3,)   |
|     2     | motion_anchor_ori_b               |    (6,)   |
|     3     | body_pos                          |   (42,)   |
|     4     | body_ori                          |   (84,)   |
|     5     | base_lin_vel                      |    (3,)   |
|     6     | ref_base_lin_vel                  |    (3,)   |
|     7     | base_ang_vel                      |    (3,)   |
|     8     | joint_pos                         |   (29,)   |
|     9     | joint_vel                         |   (29,)   |
|     10    | actions                           |   (29,)   |
+-----------+-----------------------------------+-----------+

[INFO] Termination Manager:  <TerminationManager> contains 5 active terms.
+--------------------------------+
|    Active Termination Terms    |
+-------+-------------+----------+
| Index | Name        | Time Out |
+-------+-------------+----------+
|   0   | motion_end  |   True   |
|   1   | time_out    |   True   |
|   2   | anchor_pos  |  False   |
|   3   | anchor_ori  |  False   |
|   4   | ee_body_pos |  False   |
+-------+-------------+----------+

[INFO] Reward Manager:  <RewardManager> contains 11 active terms.
+--------------------------------------------+
|            Active Reward Terms             |
+-------+--------------------------+---------+
| Index | Name                     |  Weight |
+-------+--------------------------+---------+
|   0   | contact_feet             |     1.0 |
|   1   | motion_feet_pos          |     1.0 |
|   2   | motion_body_pos          |     0.5 |
|   3   | motion_body_ori          |     0.5 |
|   4   | motion_body_lin_vel      |    0.75 |
|   5   | motion_body_ang_vel      |    0.75 |
|   6   | motion_global_anchor_pos |     0.5 |
|   7   | motion_global_anchor_ori |     0.5 |
|   8   | undesired_contacts       |    -2.0 |
|   9   | joint_limit              |   -20.0 |
|   10  | joint_torque             | -0.0002 |
+-------+--------------------------+---------+

[INFO] Curriculum Manager:  <CurriculumManager> contains 0 active terms.
+----------------------+
| Active Curriculum Terms |
+-----------+----------+
|   Index   | Name     |
+-----------+----------+
+-----------+----------+

[INFO]: Completed setting up the environment...
[Runner] FrontRES specialist mode enabled: rp (local_rp perturbation; full-6D repair)
[FrontRESUnified] Using 'critic' observations for value estimation.
[Runner] FrontRES v015 future-intent actor layout: version=frontres-v015-future-intent-q29-v1 H=(1, 2) tail=58 raw_obs=870 actor_obs=928 frontres_obs=158 gmt_obs=770
[ResidualActorCritic] Loading GMT policy from: /hdd0/yuxuancheng/FEMR/model/model_27000.pt
[ResidualActorCritic] GMT architecture: actor_input=770, critic_input=289, actions=29
Actor MLP: Sequential(
  (0): Linear(in_features=770, out_features=1024, bias=True)
  (1): ELU(alpha=1.0)
  (2): Linear(in_features=1024, out_features=1024, bias=True)
  (3): ELU(alpha=1.0)
  (4): Linear(in_features=1024, out_features=512, bias=True)
  (5): ELU(alpha=1.0)
  (6): Linear(in_features=512, out_features=256, bias=True)
  (7): ELU(alpha=1.0)
  (8): Linear(in_features=256, out_features=29, bias=True)
)
Critic MLP: Sequential(
  (0): Linear(in_features=289, out_features=1024, bias=True)
  (1): ELU(alpha=1.0)
  (2): Linear(in_features=1024, out_features=1024, bias=True)
  (3): ELU(alpha=1.0)
  (4): Linear(in_features=1024, out_features=512, bias=True)
  (5): ELU(alpha=1.0)
  (6): Linear(in_features=512, out_features=256, bias=True)
  (7): ELU(alpha=1.0)
  (8): Linear(in_features=256, out_features=1, bias=True)
)
[ResidualActorCritic] GMT policy frozen (all parameters require_grad=False)
[ResidualActorCritic] GMT observation normalizer loaded (dim=770) and frozen
[ResidualActorCritic] Residual last layer weight norm: 0.034206 (gain=0.01)
[FrontEndResidualActorCritic] FrontRES output: 6 task-space dims [Δpos(3)+Δrpy(3)] — no Δq patching
[FrontEndResidualActorCritic] FrontRES network: Sequential(
  (0): Linear(in_features=158, out_features=512, bias=True)
  (1): ELU(alpha=1.0)
  (2): Linear(in_features=512, out_features=256, bias=True)
  (3): ELU(alpha=1.0)
  (4): Linear(in_features=256, out_features=128, bias=True)
  (5): ELU(alpha=1.0)
  (6): Linear(in_features=128, out_features=6, bias=True)
) (input_dim=158, output_dim=6)
[ResidualActorCritic] Critic MLP: Sequential(
  (0): Linear(in_features=289, out_features=1024, bias=True)
  (1): ELU(alpha=1.0)
  (2): Linear(in_features=1024, out_features=1024, bias=True)
  (3): ELU(alpha=1.0)
  (4): Linear(in_features=1024, out_features=512, bias=True)
  (5): ELU(alpha=1.0)
  (6): Linear(in_features=512, out_features=256, bias=True)
  (7): ELU(alpha=1.0)
  (8): Linear(in_features=256, out_features=1, bias=True)
)
[ResidualActorCritic] Created composed actor for ONNX export
[FrontRESActorCritic] Observation layout: 928D = 158D FrontRES-only prefix + 770D GMT-compatible suffix. GMT consumes the suffix only; no zero padding.
[FrontRESUnified] Optimizer updates residual_actor + critic (fixed policy std)
[FrontRESUnified] Read-only policy-quality evaluator initialized; Segment Replay and optimizer dispatch remain disabled.
================================================================================
  FrontRESUnified ▸ PPO + Supervised ΔSE3
  Objective=segment_replay_hrl
  Mode = read-only policy-quality evaluation  (all updates disabled)
================================================================================
  LR=0.0001  clip=0.2  ent_coef=0.0
  epochs=5  mini_batches=16
  Supervised  λ=0.000 → 0.0  decay=0.995  trigger_cos=0.85  rpy_w=1.0  dir_w=0.03  mag_w=0.5  over_w=0.2  smooth_w=0.05  valid_w=4.0
  MOSAIC teacher/off-policy branches: disabled by construction
================================================================================
[Runner] Using GMT's frozen normalizer for FrontRESActorCritic
[Runner] FrontRES task-space obs layout: first 158 FrontRES-only dims use prefix stats or pass-through; last 770 GMT dims normalized
[Runner] Passed obs_normalizer and privileged_obs_normalizer to FrontRESUnified
[Runner] Passed environment's group mapping to FrontRESUnified: {'default': 0}
[FrontRES v015 Stage-3 HSL Init] checkpoint=/hdd0/yuxuancheng/FEMR/g1_flat_frontres_stage1_hsl/2026-08-04_18-14-12_V017_HSL_V2_FULL/model_warmup.pt format=frontres-v017-hsl-proposal-v2 restored=('residual_actor', 'std', 'frontres_prefix_norm_state_dict') critic=False optimizer=False sampler=False transaction=False

--------------------------------------------------------------------------------

[FrontRES Segment Dataset]
  cache_load: mode=index_only loaded_motion_count=8739664 metadata_noisy_count=0 lazy=False index_only=True

--------------------------------------------------------------------------------

[FrontRES Segment Dataset Ready]
  cache.cache_dir: /hdd0/yuxuancheng/AMASS_G1Segment
  cache.num_segments: 8739664
  cache.include_boundary_diagnostic: False
  cache.shard_cache_size: 8
  metadata: {'amass_root': '/hdd1/cyx/AMASS_G1NPZ_Final', 'format': 'frontres_segment_cache_index_v1', 'frame_stride': 1, 'horizon_k': 4, 'motion_count': 15291, 'segment_count': 8739664, 'skipped_short_motions': 0, 'index_only': True, 'loaded_motion_count': 8739664}

--------------------------------------------------------------------------------

[FrontRES Segment Index Reset Hook Ready]
  loader: cache_amass_root=/hdd1/cyx/AMASS_G1NPZ_Final live_amass_root=/hdd0/yuxuancheng/AMASS_G1NPZ_Final loaded_motion_count=15291 all_motion_count=15291 first_loaded_motion=/hdd0/yuxuancheng/AMASS_G1NPZ_Final/BioMotionLab_NTroje/rub001/amass_g1_0004_motorcycle_poses.npz
  index_filter: {'filtered': False, 'source_segments': 8739664, 'kept_segments': 8739664, 'source_motions': 15291, 'kept_motions': 15291, 'missing_motions': 0}
[Runner] FrontRES v015 layout mode=two_role repair=6 noisy=6 candidate=0 clean=0

--------------------------------------------------------------------------------

[frontres_stage1_hook trace] index_reset
  segment_ids: {'shape': (6,), 'device': 'cuda:0', 'min': 19947, 'max': 7604444, 'nonzero_frac': 1.0, 'values': [7604444, 7604444, 7604444, 19947, 19947, 19947]}
  motion_ids: {'count': 6, 'first': 'KIT/572/amass_g1_wave_right02_poses_reflect.npz', 'last': 'BioMotionLab_NTroje/rub003/amass_g1_0017_catching_and_throwing_poses.npz', 'unique_count': 2}
  motion_indices: {'shape': (6,), 'device': 'cuda:0', 'min': 66, 'max': 13560, 'nonzero_frac': 1.0, 'values': [13560, 13560, 13560, 66, 66, 66]}
  start_frames: {'shape': (6,), 'device': 'cuda:0', 'min': 93, 'max': 163, 'nonzero_frac': 1.0, 'values': [163, 163, 163, 93, 93, 93]}
  frame_indices: {'shape': (6,), 'device': 'cuda:0', 'min': 93, 'max': 163, 'nonzero_frac': 1.0, 'values': [163, 163, 163, 93, 93, 93]}
  env_ids: {'count': 12, 'first': 0, 'last': 11, 'min': 0, 'max': 11}
  role_env_ids: {'repair': {'count': 6, 'first': 0, 'last': 5, 'min': 0, 'max': 5}, 'noisy': {'count': 6, 'first': 6, 'last': 11, 'min': 6, 'max': 11}}
  root_pos: {'shape': (12, 3), 'device': 'cuda:0', 'finite': True, 'min': -35.99329376220703, 'max': 36.00007247924805, 'mean': 0.6982143521308899, 'abs_max': 36.00007247924805, 'nonzero_frac': 1.0, 'requires_grad': False}
  joint_pos: {'shape': (12, 29), 'device': 'cuda:0', 'finite': True, 'min': -1.9144964218139648, 'max': 1.1784451007843018, 'mean': -0.03331261873245239, 'abs_max': 1.9144964218139648, 'nonzero_frac': 1.0, 'requires_grad': False}
  perturbation_strength: None
  perturbation_family: []
  perturbation_family_masks: None
  cached_perturbed_pos: {'shape': (12, 3), 'device': 'cuda:0', 'finite': True, 'min': -0.10010065883398056, 'max': 0.8377119898796082, 'mean': 0.2636241614818573, 'abs_max': 0.8377119898796082, 'nonzero_frac': 1.0, 'requires_grad': False}
  perturber_dr_scale_env: None
  perturber_family_masks: None
  fixed_noisy_hashes: None
  local_scenario_hashes: {'count': 6, 'first': '45ad49ea5405cd6004f9b0aec2783ddb6dec45d5ad3bb22b39b5922220e2a639', 'last': '455a4188a656aea466b1c29ee5feb671e2061c165b2c15719432e49043a5160f', 'unique_count': 2}

--------------------------------------------------------------------------------

[FrontRES Segment Reset]
  reset.mode: index_only
  reset.ids: count=6 id_min=19947 id_max=7604444
  reset.motion: motion_count=6 unique_motion_count=2 first_motion=KIT/572/amass_g1_wave_right02_poses_reflect.npz
  reset.start: start_count=6 start_min=93 start_max=163
  reset.horizon: horizon_count=6 horizon_min=16 horizon_max=16
  reset.perturbation_family_counts: {'local_rp': 6}
  reset.request_strength_nonzero_frac: 100.0%
  reset.success_frac: 1.0000
  reset.segment_ids: [7604444, 7604444, 7604444, 19947, 19947, 19947]
  reset.motion_ids: ['KIT/572/amass_g1_wave_right02_poses_reflect.npz', 'KIT/572/amass_g1_wave_right02_poses_reflect.npz', 'KIT/572/amass_g1_wave_right02_poses_reflect.npz', 'BioMotionLab_NTroje/rub003/amass_g1_0017_catching_and_throwing_poses.npz', 'BioMotionLab_NTroje/rub003/amass_g1_0017_catching_and_throwing_poses.npz', 'BioMotionLab_NTroje/rub003/amass_g1_0017_catching_and_throwing_poses.npz']
  reset.start_frames: [163, 163, 163, 93, 93, 93]
  reset.horizon_k: [16, 16, 16, 16, 16, 16]
  reset.perturbation_family: ['local_rp', 'local_rp', 'local_rp', 'local_rp', 'local_rp', 'local_rp']
  reset.perturbation_strength: [1.25, 1.25, 1.25, 1.25, 1.25, 1.25]

--------------------------------------------------------------------------------

[frontres_stage1_hook trace] index_reset
  segment_ids: {'shape': (6,), 'device': 'cuda:0', 'min': 19947, 'max': 7604444, 'nonzero_frac': 1.0, 'values': [7604444, 7604444, 7604444, 19947, 19947, 19947]}
  motion_ids: {'count': 6, 'first': 'KIT/572/amass_g1_wave_right02_poses_reflect.npz', 'last': 'BioMotionLab_NTroje/rub003/amass_g1_0017_catching_and_throwing_poses.npz', 'unique_count': 2}
  motion_indices: {'shape': (6,), 'device': 'cuda:0', 'min': 66, 'max': 13560, 'nonzero_frac': 1.0, 'values': [13560, 13560, 13560, 66, 66, 66]}
  start_frames: {'shape': (6,), 'device': 'cuda:0', 'min': 93, 'max': 163, 'nonzero_frac': 1.0, 'values': [163, 163, 163, 93, 93, 93]}
  frame_indices: {'shape': (6,), 'device': 'cuda:0', 'min': 93, 'max': 163, 'nonzero_frac': 1.0, 'values': [163, 163, 163, 93, 93, 93]}
  env_ids: {'count': 12, 'first': 0, 'last': 11, 'min': 0, 'max': 11}
  role_env_ids: {'repair': {'count': 6, 'first': 0, 'last': 5, 'min': 0, 'max': 5}, 'noisy': {'count': 6, 'first': 6, 'last': 11, 'min': 6, 'max': 11}}
  root_pos: {'shape': (12, 3), 'device': 'cuda:0', 'finite': True, 'min': -35.99329376220703, 'max': 36.00007247924805, 'mean': 0.6982143521308899, 'abs_max': 36.00007247924805, 'nonzero_frac': 1.0, 'requires_grad': False}
  joint_pos: {'shape': (12, 29), 'device': 'cuda:0', 'finite': True, 'min': -1.9144964218139648, 'max': 1.1784451007843018, 'mean': -0.03331261873245239, 'abs_max': 1.9144964218139648, 'nonzero_frac': 1.0, 'requires_grad': False}
  perturbation_strength: None
  perturbation_family: []
  perturbation_family_masks: None
  cached_perturbed_pos: {'shape': (12, 3), 'device': 'cuda:0', 'finite': True, 'min': -0.10010065883398056, 'max': 0.8377119898796082, 'mean': 0.2636241614818573, 'abs_max': 0.8377119898796082, 'nonzero_frac': 1.0, 'requires_grad': False}
  perturber_dr_scale_env: None
  perturber_family_masks: None
  fixed_noisy_hashes: None
  local_scenario_hashes: {'count': 6, 'first': '45ad49ea5405cd6004f9b0aec2783ddb6dec45d5ad3bb22b39b5922220e2a639', 'last': '455a4188a656aea466b1c29ee5feb671e2061c165b2c15719432e49043a5160f', 'unique_count': 2}

--------------------------------------------------------------------------------

[FrontRES Segment Reset]
  reset.mode: index_only
  reset.ids: count=6 id_min=19947 id_max=7604444
  reset.motion: motion_count=6 unique_motion_count=2 first_motion=KIT/572/amass_g1_wave_right02_poses_reflect.npz
  reset.start: start_count=6 start_min=93 start_max=163
  reset.horizon: horizon_count=6 horizon_min=16 horizon_max=16
  reset.perturbation_family_counts: {'local_rp': 6}
  reset.request_strength_nonzero_frac: 100.0%
  reset.success_frac: 1.0000
  reset.segment_ids: [7604444, 7604444, 7604444, 19947, 19947, 19947]
  reset.motion_ids: ['KIT/572/amass_g1_wave_right02_poses_reflect.npz', 'KIT/572/amass_g1_wave_right02_poses_reflect.npz', 'KIT/572/amass_g1_wave_right02_poses_reflect.npz', 'BioMotionLab_NTroje/rub003/amass_g1_0017_catching_and_throwing_poses.npz', 'BioMotionLab_NTroje/rub003/amass_g1_0017_catching_and_throwing_poses.npz', 'BioMotionLab_NTroje/rub003/amass_g1_0017_catching_and_throwing_poses.npz']
  reset.start_frames: [163, 163, 163, 93, 93, 93]
  reset.horizon_k: [16, 16, 16, 16, 16, 16]
  reset.perturbation_family: ['local_rp', 'local_rp', 'local_rp', 'local_rp', 'local_rp', 'local_rp']
  reset.perturbation_strength: [1.25, 1.25, 1.25, 1.25, 1.25, 1.25]

--------------------------------------------------------------------------------

[frontres_stage1_hook trace] index_reset
  segment_ids: {'shape': (6,), 'device': 'cuda:0', 'min': 19947, 'max': 7604444, 'nonzero_frac': 1.0, 'values': [7604444, 7604444, 7604444, 19947, 19947, 19947]}
  motion_ids: {'count': 6, 'first': 'KIT/572/amass_g1_wave_right02_poses_reflect.npz', 'last': 'BioMotionLab_NTroje/rub003/amass_g1_0017_catching_and_throwing_poses.npz', 'unique_count': 2}
  motion_indices: {'shape': (6,), 'device': 'cuda:0', 'min': 66, 'max': 13560, 'nonzero_frac': 1.0, 'values': [13560, 13560, 13560, 66, 66, 66]}
  start_frames: {'shape': (6,), 'device': 'cuda:0', 'min': 93, 'max': 163, 'nonzero_frac': 1.0, 'values': [163, 163, 163, 93, 93, 93]}
  frame_indices: {'shape': (6,), 'device': 'cuda:0', 'min': 93, 'max': 163, 'nonzero_frac': 1.0, 'values': [163, 163, 163, 93, 93, 93]}
  env_ids: {'count': 12, 'first': 0, 'last': 11, 'min': 0, 'max': 11}
  role_env_ids: {'repair': {'count': 6, 'first': 0, 'last': 5, 'min': 0, 'max': 5}, 'noisy': {'count': 6, 'first': 6, 'last': 11, 'min': 6, 'max': 11}}
  root_pos: {'shape': (12, 3), 'device': 'cuda:0', 'finite': True, 'min': -35.99329376220703, 'max': 36.00007247924805, 'mean': 0.6982143521308899, 'abs_max': 36.00007247924805, 'nonzero_frac': 1.0, 'requires_grad': False}
  joint_pos: {'shape': (12, 29), 'device': 'cuda:0', 'finite': True, 'min': -1.9144964218139648, 'max': 1.1784451007843018, 'mean': -0.03331261873245239, 'abs_max': 1.9144964218139648, 'nonzero_frac': 1.0, 'requires_grad': False}
  perturbation_strength: None
  perturbation_family: []
  perturbation_family_masks: None
  cached_perturbed_pos: {'shape': (12, 3), 'device': 'cuda:0', 'finite': True, 'min': -0.10010065883398056, 'max': 0.8377119898796082, 'mean': 0.2636241614818573, 'abs_max': 0.8377119898796082, 'nonzero_frac': 1.0, 'requires_grad': False}
  perturber_dr_scale_env: None
  perturber_family_masks: None
  fixed_noisy_hashes: None
  local_scenario_hashes: {'count': 6, 'first': '45ad49ea5405cd6004f9b0aec2783ddb6dec45d5ad3bb22b39b5922220e2a639', 'last': '455a4188a656aea466b1c29ee5feb671e2061c165b2c15719432e49043a5160f', 'unique_count': 2}

--------------------------------------------------------------------------------

[FrontRES Segment Reset]
  reset.mode: index_only
  reset.ids: count=6 id_min=19947 id_max=7604444
  reset.motion: motion_count=6 unique_motion_count=2 first_motion=KIT/572/amass_g1_wave_right02_poses_reflect.npz
  reset.start: start_count=6 start_min=93 start_max=163
  reset.horizon: horizon_count=6 horizon_min=16 horizon_max=16
  reset.perturbation_family_counts: {'local_rp': 6}
  reset.request_strength_nonzero_frac: 100.0%
  reset.success_frac: 1.0000
  reset.segment_ids: [7604444, 7604444, 7604444, 19947, 19947, 19947]
  reset.motion_ids: ['KIT/572/amass_g1_wave_right02_poses_reflect.npz', 'KIT/572/amass_g1_wave_right02_poses_reflect.npz', 'KIT/572/amass_g1_wave_right02_poses_reflect.npz', 'BioMotionLab_NTroje/rub003/amass_g1_0017_catching_and_throwing_poses.npz', 'BioMotionLab_NTroje/rub003/amass_g1_0017_catching_and_throwing_poses.npz', 'BioMotionLab_NTroje/rub003/amass_g1_0017_catching_and_throwing_poses.npz']
  reset.start_frames: [163, 163, 163, 93, 93, 93]
  reset.horizon_k: [16, 16, 16, 16, 16, 16]
  reset.perturbation_family: ['local_rp', 'local_rp', 'local_rp', 'local_rp', 'local_rp', 'local_rp']
  reset.perturbation_strength: [1.25, 1.25, 1.25, 1.25, 1.25, 1.25]

--------------------------------------------------------------------------------

[frontres_stage1_hook trace] index_reset
  segment_ids: {'shape': (6,), 'device': 'cuda:0', 'min': 4716634, 'max': 7860791, 'nonzero_frac': 1.0, 'values': [4716634, 4716634, 4716634, 7860791, 7860791, 7860791]}
  motion_ids: {'count': 6, 'first': 'Eyes_Japan_Dataset/hamada/amass_g1_walk-28-look up-hamada_poses.npz', 'last': 'KIT/674/amass_g1_wash_head01_poses.npz', 'unique_count': 2}
  motion_indices: {'shape': (6,), 'device': 'cuda:0', 'min': 6946, 'max': 13873, 'nonzero_frac': 1.0, 'values': [6946, 6946, 6946, 13873, 13873, 13873]}
  start_frames: {'shape': (6,), 'device': 'cuda:0', 'min': 385, 'max': 432, 'nonzero_frac': 1.0, 'values': [432, 432, 432, 385, 385, 385]}
  frame_indices: {'shape': (6,), 'device': 'cuda:0', 'min': 385, 'max': 432, 'nonzero_frac': 1.0, 'values': [432, 432, 432, 385, 385, 385]}
  env_ids: {'count': 12, 'first': 0, 'last': 11, 'min': 0, 'max': 11}
  role_env_ids: {'repair': {'count': 6, 'first': 0, 'last': 5, 'min': 0, 'max': 5}, 'noisy': {'count': 6, 'first': 6, 'last': 11, 'min': 6, 'max': 11}}
  root_pos: {'shape': (12, 3), 'device': 'cuda:0', 'finite': True, 'min': -35.965476989746094, 'max': 36.11593246459961, 'mean': 0.787598729133606, 'abs_max': 36.11593246459961, 'nonzero_frac': 1.0, 'requires_grad': False}
  joint_pos: {'shape': (12, 29), 'device': 'cuda:0', 'finite': True, 'min': -1.24655020236969, 'max': 1.13434636592865, 'mean': -0.0032660646829754114, 'abs_max': 1.24655020236969, 'nonzero_frac': 1.0, 'requires_grad': False}
  perturbation_strength: None
  perturbation_family: []
  perturbation_family_masks: None
  cached_perturbed_pos: {'shape': (12, 3), 'device': 'cuda:0', 'finite': True, 'min': -0.001629323698580265, 'max': 0.8338459134101868, 'mean': 0.3528573215007782, 'abs_max': 0.8338459134101868, 'nonzero_frac': 1.0, 'requires_grad': False}
  perturber_dr_scale_env: None
  perturber_family_masks: None
  fixed_noisy_hashes: None
  local_scenario_hashes: {'count': 6, 'first': '94d0e794d3983fab2ad3f5e61af735e10e95ed96197b823dcb585f6cb04d0da9', 'last': 'ea742b31bf90ed4b0936815df4d1b3baa57eb882980a3d8a72876875952ccdf7', 'unique_count': 2}

--------------------------------------------------------------------------------

[FrontRES Segment Reset]
  reset.mode: index_only
  reset.ids: count=6 id_min=4716634 id_max=7860791
  reset.motion: motion_count=6 unique_motion_count=2 first_motion=Eyes_Japan_Dataset/hamada/amass_g1_walk-28-look up-hamada_poses.npz
  reset.start: start_count=6 start_min=385 start_max=432
  reset.horizon: horizon_count=6 horizon_min=16 horizon_max=16
  reset.perturbation_family_counts: {'local_rp': 6}
  reset.request_strength_nonzero_frac: 100.0%
  reset.success_frac: 1.0000
  reset.segment_ids: [4716634, 4716634, 4716634, 7860791, 7860791, 7860791]
  reset.motion_ids: ['Eyes_Japan_Dataset/hamada/amass_g1_walk-28-look up-hamada_poses.npz', 'Eyes_Japan_Dataset/hamada/amass_g1_walk-28-look up-hamada_poses.npz', 'Eyes_Japan_Dataset/hamada/amass_g1_walk-28-look up-hamada_poses.npz', 'KIT/674/amass_g1_wash_head01_poses.npz', 'KIT/674/amass_g1_wash_head01_poses.npz', 'KIT/674/amass_g1_wash_head01_poses.npz']
  reset.start_frames: [432, 432, 432, 385, 385, 385]
  reset.horizon_k: [16, 16, 16, 16, 16, 16]
  reset.perturbation_family: ['local_rp', 'local_rp', 'local_rp', 'local_rp', 'local_rp', 'local_rp']
  reset.perturbation_strength: [1.25, 1.25, 1.25, 1.25, 1.25, 1.25]

--------------------------------------------------------------------------------

[frontres_stage1_hook trace] index_reset
  segment_ids: {'shape': (6,), 'device': 'cuda:0', 'min': 4716634, 'max': 7860791, 'nonzero_frac': 1.0, 'values': [4716634, 4716634, 4716634, 7860791, 7860791, 7860791]}
  motion_ids: {'count': 6, 'first': 'Eyes_Japan_Dataset/hamada/amass_g1_walk-28-look up-hamada_poses.npz', 'last': 'KIT/674/amass_g1_wash_head01_poses.npz', 'unique_count': 2}
  motion_indices: {'shape': (6,), 'device': 'cuda:0', 'min': 6946, 'max': 13873, 'nonzero_frac': 1.0, 'values': [6946, 6946, 6946, 13873, 13873, 13873]}
  start_frames: {'shape': (6,), 'device': 'cuda:0', 'min': 385, 'max': 432, 'nonzero_frac': 1.0, 'values': [432, 432, 432, 385, 385, 385]}
  frame_indices: {'shape': (6,), 'device': 'cuda:0', 'min': 385, 'max': 432, 'nonzero_frac': 1.0, 'values': [432, 432, 432, 385, 385, 385]}
  env_ids: {'count': 12, 'first': 0, 'last': 11, 'min': 0, 'max': 11}
  role_env_ids: {'repair': {'count': 6, 'first': 0, 'last': 5, 'min': 0, 'max': 5}, 'noisy': {'count': 6, 'first': 6, 'last': 11, 'min': 6, 'max': 11}}
  root_pos: {'shape': (12, 3), 'device': 'cuda:0', 'finite': True, 'min': -35.965476989746094, 'max': 36.11593246459961, 'mean': 0.787598729133606, 'abs_max': 36.11593246459961, 'nonzero_frac': 1.0, 'requires_grad': False}
  joint_pos: {'shape': (12, 29), 'device': 'cuda:0', 'finite': True, 'min': -1.24655020236969, 'max': 1.13434636592865, 'mean': -0.0032660646829754114, 'abs_max': 1.24655020236969, 'nonzero_frac': 1.0, 'requires_grad': False}
  perturbation_strength: None
  perturbation_family: []
  perturbation_family_masks: None
  cached_perturbed_pos: {'shape': (12, 3), 'device': 'cuda:0', 'finite': True, 'min': -0.001629323698580265, 'max': 0.8338459134101868, 'mean': 0.3528573215007782, 'abs_max': 0.8338459134101868, 'nonzero_frac': 1.0, 'requires_grad': False}
  perturber_dr_scale_env: None
  perturber_family_masks: None
  fixed_noisy_hashes: None
  local_scenario_hashes: {'count': 6, 'first': '94d0e794d3983fab2ad3f5e61af735e10e95ed96197b823dcb585f6cb04d0da9', 'last': 'ea742b31bf90ed4b0936815df4d1b3baa57eb882980a3d8a72876875952ccdf7', 'unique_count': 2}

--------------------------------------------------------------------------------

[FrontRES Segment Reset]
  reset.mode: index_only
  reset.ids: count=6 id_min=4716634 id_max=7860791
  reset.motion: motion_count=6 unique_motion_count=2 first_motion=Eyes_Japan_Dataset/hamada/amass_g1_walk-28-look up-hamada_poses.npz
  reset.start: start_count=6 start_min=385 start_max=432
  reset.horizon: horizon_count=6 horizon_min=16 horizon_max=16
  reset.perturbation_family_counts: {'local_rp': 6}
  reset.request_strength_nonzero_frac: 100.0%
  reset.success_frac: 1.0000
  reset.segment_ids: [4716634, 4716634, 4716634, 7860791, 7860791, 7860791]
  reset.motion_ids: ['Eyes_Japan_Dataset/hamada/amass_g1_walk-28-look up-hamada_poses.npz', 'Eyes_Japan_Dataset/hamada/amass_g1_walk-28-look up-hamada_poses.npz', 'Eyes_Japan_Dataset/hamada/amass_g1_walk-28-look up-hamada_poses.npz', 'KIT/674/amass_g1_wash_head01_poses.npz', 'KIT/674/amass_g1_wash_head01_poses.npz', 'KIT/674/amass_g1_wash_head01_poses.npz']
  reset.start_frames: [432, 432, 432, 385, 385, 385]
  reset.horizon_k: [16, 16, 16, 16, 16, 16]
  reset.perturbation_family: ['local_rp', 'local_rp', 'local_rp', 'local_rp', 'local_rp', 'local_rp']
  reset.perturbation_strength: [1.25, 1.25, 1.25, 1.25, 1.25, 1.25]

--------------------------------------------------------------------------------

[frontres_stage1_hook trace] index_reset
  segment_ids: {'shape': (6,), 'device': 'cuda:0', 'min': 4716634, 'max': 7860791, 'nonzero_frac': 1.0, 'values': [4716634, 4716634, 4716634, 7860791, 7860791, 7860791]}
  motion_ids: {'count': 6, 'first': 'Eyes_Japan_Dataset/hamada/amass_g1_walk-28-look up-hamada_poses.npz', 'last': 'KIT/674/amass_g1_wash_head01_poses.npz', 'unique_count': 2}
  motion_indices: {'shape': (6,), 'device': 'cuda:0', 'min': 6946, 'max': 13873, 'nonzero_frac': 1.0, 'values': [6946, 6946, 6946, 13873, 13873, 13873]}
  start_frames: {'shape': (6,), 'device': 'cuda:0', 'min': 385, 'max': 432, 'nonzero_frac': 1.0, 'values': [432, 432, 432, 385, 385, 385]}
  frame_indices: {'shape': (6,), 'device': 'cuda:0', 'min': 385, 'max': 432, 'nonzero_frac': 1.0, 'values': [432, 432, 432, 385, 385, 385]}
  env_ids: {'count': 12, 'first': 0, 'last': 11, 'min': 0, 'max': 11}
  role_env_ids: {'repair': {'count': 6, 'first': 0, 'last': 5, 'min': 0, 'max': 5}, 'noisy': {'count': 6, 'first': 6, 'last': 11, 'min': 6, 'max': 11}}
  root_pos: {'shape': (12, 3), 'device': 'cuda:0', 'finite': True, 'min': -35.965476989746094, 'max': 36.11593246459961, 'mean': 0.787598729133606, 'abs_max': 36.11593246459961, 'nonzero_frac': 1.0, 'requires_grad': False}
  joint_pos: {'shape': (12, 29), 'device': 'cuda:0', 'finite': True, 'min': -1.24655020236969, 'max': 1.13434636592865, 'mean': -0.0032660646829754114, 'abs_max': 1.24655020236969, 'nonzero_frac': 1.0, 'requires_grad': False}
  perturbation_strength: None
  perturbation_family: []
  perturbation_family_masks: None
  cached_perturbed_pos: {'shape': (12, 3), 'device': 'cuda:0', 'finite': True, 'min': -0.001629323698580265, 'max': 0.8338459134101868, 'mean': 0.3528573215007782, 'abs_max': 0.8338459134101868, 'nonzero_frac': 1.0, 'requires_grad': False}
  perturber_dr_scale_env: None
  perturber_family_masks: None
  fixed_noisy_hashes: None
  local_scenario_hashes: {'count': 6, 'first': '94d0e794d3983fab2ad3f5e61af735e10e95ed96197b823dcb585f6cb04d0da9', 'last': 'ea742b31bf90ed4b0936815df4d1b3baa57eb882980a3d8a72876875952ccdf7', 'unique_count': 2}

--------------------------------------------------------------------------------

[FrontRES Segment Reset]
  reset.mode: index_only
  reset.ids: count=6 id_min=4716634 id_max=7860791
  reset.motion: motion_count=6 unique_motion_count=2 first_motion=Eyes_Japan_Dataset/hamada/amass_g1_walk-28-look up-hamada_poses.npz
  reset.start: start_count=6 start_min=385 start_max=432
  reset.horizon: horizon_count=6 horizon_min=16 horizon_max=16
  reset.perturbation_family_counts: {'local_rp': 6}
  reset.request_strength_nonzero_frac: 100.0%
  reset.success_frac: 1.0000
  reset.segment_ids: [4716634, 4716634, 4716634, 7860791, 7860791, 7860791]
  reset.motion_ids: ['Eyes_Japan_Dataset/hamada/amass_g1_walk-28-look up-hamada_poses.npz', 'Eyes_Japan_Dataset/hamada/amass_g1_walk-28-look up-hamada_poses.npz', 'Eyes_Japan_Dataset/hamada/amass_g1_walk-28-look up-hamada_poses.npz', 'KIT/674/amass_g1_wash_head01_poses.npz', 'KIT/674/amass_g1_wash_head01_poses.npz', 'KIT/674/amass_g1_wash_head01_poses.npz']
  reset.start_frames: [432, 432, 432, 385, 385, 385]
  reset.horizon_k: [16, 16, 16, 16, 16, 16]
  reset.perturbation_family: ['local_rp', 'local_rp', 'local_rp', 'local_rp', 'local_rp', 'local_rp']
  reset.perturbation_strength: [1.25, 1.25, 1.25, 1.25, 1.25, 1.25]

--------------------------------------------------------------------------------

[frontres_stage1_hook trace] index_reset
  segment_ids: {'shape': (6,), 'device': 'cuda:0', 'min': 355735, 'max': 6503010, 'nonzero_frac': 1.0, 'values': [6503010, 6503010, 6503010, 355735, 355735, 355735]}
  motion_ids: {'count': 6, 'first': 'KIT/3/amass_g1_912_3_07_poses.npz', 'last': 'BioMotionLab_NTroje/rub036/amass_g1_0033_rom_poses.npz', 'unique_count': 2}
  motion_indices: {'shape': (6,), 'device': 'cuda:0', 'min': 940, 'max': 9802, 'nonzero_frac': 1.0, 'values': [9802, 9802, 9802, 940, 940, 940]}
  start_frames: {'shape': (6,), 'device': 'cuda:0', 'min': 26, 'max': 487, 'nonzero_frac': 1.0, 'values': [26, 26, 26, 487, 487, 487]}
  frame_indices: {'shape': (6,), 'device': 'cuda:0', 'min': 26, 'max': 487, 'nonzero_frac': 1.0, 'values': [26, 26, 26, 487, 487, 487]}
  env_ids: {'count': 12, 'first': 0, 'last': 11, 'min': 0, 'max': 11}
  role_env_ids: {'repair': {'count': 6, 'first': 0, 'last': 5, 'min': 0, 'max': 5}, 'noisy': {'count': 6, 'first': 6, 'last': 11, 'min': 6, 'max': 11}}
  root_pos: {'shape': (12, 3), 'device': 'cuda:0', 'finite': True, 'min': -36.28512954711914, 'max': 36.201576232910156, 'mean': 0.7084418535232544, 'abs_max': 36.28512954711914, 'nonzero_frac': 1.0, 'requires_grad': False}
  joint_pos: {'shape': (12, 29), 'device': 'cuda:0', 'finite': True, 'min': -1.6760170459747314, 'max': 1.4013102054595947, 'mean': -0.008866499178111553, 'abs_max': 1.6760170459747314, 'nonzero_frac': 1.0, 'requires_grad': False}
  perturbation_strength: None
  perturbation_family: []
  perturbation_family_masks: None
  cached_perturbed_pos: {'shape': (12, 3), 'device': 'cuda:0', 'finite': True, 'min': -0.2870718836784363, 'max': 0.9302801489830017, 'mean': 0.2749953866004944, 'abs_max': 0.9302801489830017, 'nonzero_frac': 1.0, 'requires_grad': False}
  perturber_dr_scale_env: None
  perturber_family_masks: None
  fixed_noisy_hashes: None
  local_scenario_hashes: {'count': 6, 'first': '66dc4ab7f5251881604c21821e5ccb995e582c05274d9b2777192c16a8b95bcf', 'last': 'f210b418e87ea6214c3ef101451232e9f6cc6e0b2a108df568462d7ce0f5baa8', 'unique_count': 2}

--------------------------------------------------------------------------------

[FrontRES Segment Reset]
  reset.mode: index_only
  reset.ids: count=6 id_min=355735 id_max=6503010
  reset.motion: motion_count=6 unique_motion_count=2 first_motion=KIT/3/amass_g1_912_3_07_poses.npz
  reset.start: start_count=6 start_min=26 start_max=487
  reset.horizon: horizon_count=6 horizon_min=16 horizon_max=16
  reset.perturbation_family_counts: {'local_rp': 6}
  reset.request_strength_nonzero_frac: 100.0%
  reset.success_frac: 1.0000
  reset.segment_ids: [6503010, 6503010, 6503010, 355735, 355735, 355735]
  reset.motion_ids: ['KIT/3/amass_g1_912_3_07_poses.npz', 'KIT/3/amass_g1_912_3_07_poses.npz', 'KIT/3/amass_g1_912_3_07_poses.npz', 'BioMotionLab_NTroje/rub036/amass_g1_0033_rom_poses.npz', 'BioMotionLab_NTroje/rub036/amass_g1_0033_rom_poses.npz', 'BioMotionLab_NTroje/rub036/amass_g1_0033_rom_poses.npz']
  reset.start_frames: [26, 26, 26, 487, 487, 487]
  reset.horizon_k: [16, 16, 16, 16, 16, 16]
  reset.perturbation_family: ['local_rp', 'local_rp', 'local_rp', 'local_rp', 'local_rp', 'local_rp']
  reset.perturbation_strength: [1.25, 1.25, 1.25, 1.25, 1.25, 1.25]

--------------------------------------------------------------------------------

[frontres_stage1_hook trace] index_reset
  segment_ids: {'shape': (6,), 'device': 'cuda:0', 'min': 355735, 'max': 6503010, 'nonzero_frac': 1.0, 'values': [6503010, 6503010, 6503010, 355735, 355735, 355735]}
  motion_ids: {'count': 6, 'first': 'KIT/3/amass_g1_912_3_07_poses.npz', 'last': 'BioMotionLab_NTroje/rub036/amass_g1_0033_rom_poses.npz', 'unique_count': 2}
  motion_indices: {'shape': (6,), 'device': 'cuda:0', 'min': 940, 'max': 9802, 'nonzero_frac': 1.0, 'values': [9802, 9802, 9802, 940, 940, 940]}
  start_frames: {'shape': (6,), 'device': 'cuda:0', 'min': 26, 'max': 487, 'nonzero_frac': 1.0, 'values': [26, 26, 26, 487, 487, 487]}
  frame_indices: {'shape': (6,), 'device': 'cuda:0', 'min': 26, 'max': 487, 'nonzero_frac': 1.0, 'values': [26, 26, 26, 487, 487, 487]}
  env_ids: {'count': 12, 'first': 0, 'last': 11, 'min': 0, 'max': 11}
  role_env_ids: {'repair': {'count': 6, 'first': 0, 'last': 5, 'min': 0, 'max': 5}, 'noisy': {'count': 6, 'first': 6, 'last': 11, 'min': 6, 'max': 11}}
  root_pos: {'shape': (12, 3), 'device': 'cuda:0', 'finite': True, 'min': -36.28512954711914, 'max': 36.201576232910156, 'mean': 0.7084418535232544, 'abs_max': 36.28512954711914, 'nonzero_frac': 1.0, 'requires_grad': False}
  joint_pos: {'shape': (12, 29), 'device': 'cuda:0', 'finite': True, 'min': -1.6760170459747314, 'max': 1.4013102054595947, 'mean': -0.008866499178111553, 'abs_max': 1.6760170459747314, 'nonzero_frac': 1.0, 'requires_grad': False}
  perturbation_strength: None
  perturbation_family: []
  perturbation_family_masks: None
  cached_perturbed_pos: {'shape': (12, 3), 'device': 'cuda:0', 'finite': True, 'min': -0.2870718836784363, 'max': 0.9302801489830017, 'mean': 0.2749953866004944, 'abs_max': 0.9302801489830017, 'nonzero_frac': 1.0, 'requires_grad': False}
  perturber_dr_scale_env: None
  perturber_family_masks: None
  fixed_noisy_hashes: None
  local_scenario_hashes: {'count': 6, 'first': '66dc4ab7f5251881604c21821e5ccb995e582c05274d9b2777192c16a8b95bcf', 'last': 'f210b418e87ea6214c3ef101451232e9f6cc6e0b2a108df568462d7ce0f5baa8', 'unique_count': 2}

--------------------------------------------------------------------------------

[FrontRES Segment Reset]
  reset.mode: index_only
  reset.ids: count=6 id_min=355735 id_max=6503010
  reset.motion: motion_count=6 unique_motion_count=2 first_motion=KIT/3/amass_g1_912_3_07_poses.npz
  reset.start: start_count=6 start_min=26 start_max=487
  reset.horizon: horizon_count=6 horizon_min=16 horizon_max=16
  reset.perturbation_family_counts: {'local_rp': 6}
  reset.request_strength_nonzero_frac: 100.0%
  reset.success_frac: 1.0000
  reset.segment_ids: [6503010, 6503010, 6503010, 355735, 355735, 355735]
  reset.motion_ids: ['KIT/3/amass_g1_912_3_07_poses.npz', 'KIT/3/amass_g1_912_3_07_poses.npz', 'KIT/3/amass_g1_912_3_07_poses.npz', 'BioMotionLab_NTroje/rub036/amass_g1_0033_rom_poses.npz', 'BioMotionLab_NTroje/rub036/amass_g1_0033_rom_poses.npz', 'BioMotionLab_NTroje/rub036/amass_g1_0033_rom_poses.npz']
  reset.start_frames: [26, 26, 26, 487, 487, 487]
  reset.horizon_k: [16, 16, 16, 16, 16, 16]
  reset.perturbation_family: ['local_rp', 'local_rp', 'local_rp', 'local_rp', 'local_rp', 'local_rp']
  reset.perturbation_strength: [1.25, 1.25, 1.25, 1.25, 1.25, 1.25]

--------------------------------------------------------------------------------

[frontres_stage1_hook trace] index_reset
  segment_ids: {'shape': (6,), 'device': 'cuda:0', 'min': 355735, 'max': 6503010, 'nonzero_frac': 1.0, 'values': [6503010, 6503010, 6503010, 355735, 355735, 355735]}
  motion_ids: {'count': 6, 'first': 'KIT/3/amass_g1_912_3_07_poses.npz', 'last': 'BioMotionLab_NTroje/rub036/amass_g1_0033_rom_poses.npz', 'unique_count': 2}
  motion_indices: {'shape': (6,), 'device': 'cuda:0', 'min': 940, 'max': 9802, 'nonzero_frac': 1.0, 'values': [9802, 9802, 9802, 940, 940, 940]}
  start_frames: {'shape': (6,), 'device': 'cuda:0', 'min': 26, 'max': 487, 'nonzero_frac': 1.0, 'values': [26, 26, 26, 487, 487, 487]}
  frame_indices: {'shape': (6,), 'device': 'cuda:0', 'min': 26, 'max': 487, 'nonzero_frac': 1.0, 'values': [26, 26, 26, 487, 487, 487]}
  env_ids: {'count': 12, 'first': 0, 'last': 11, 'min': 0, 'max': 11}
  role_env_ids: {'repair': {'count': 6, 'first': 0, 'last': 5, 'min': 0, 'max': 5}, 'noisy': {'count': 6, 'first': 6, 'last': 11, 'min': 6, 'max': 11}}
  root_pos: {'shape': (12, 3), 'device': 'cuda:0', 'finite': True, 'min': -36.28512954711914, 'max': 36.201576232910156, 'mean': 0.7084418535232544, 'abs_max': 36.28512954711914, 'nonzero_frac': 1.0, 'requires_grad': False}
  joint_pos: {'shape': (12, 29), 'device': 'cuda:0', 'finite': True, 'min': -1.6760170459747314, 'max': 1.4013102054595947, 'mean': -0.008866499178111553, 'abs_max': 1.6760170459747314, 'nonzero_frac': 1.0, 'requires_grad': False}
  perturbation_strength: None
  perturbation_family: []
  perturbation_family_masks: None
  cached_perturbed_pos: {'shape': (12, 3), 'device': 'cuda:0', 'finite': True, 'min': -0.2870718836784363, 'max': 0.9302801489830017, 'mean': 0.2749953866004944, 'abs_max': 0.9302801489830017, 'nonzero_frac': 1.0, 'requires_grad': False}
  perturber_dr_scale_env: None
  perturber_family_masks: None
  fixed_noisy_hashes: None
  local_scenario_hashes: {'count': 6, 'first': '66dc4ab7f5251881604c21821e5ccb995e582c05274d9b2777192c16a8b95bcf', 'last': 'f210b418e87ea6214c3ef101451232e9f6cc6e0b2a108df568462d7ce0f5baa8', 'unique_count': 2}

--------------------------------------------------------------------------------

[FrontRES Segment Reset]
  reset.mode: index_only
  reset.ids: count=6 id_min=355735 id_max=6503010
  reset.motion: motion_count=6 unique_motion_count=2 first_motion=KIT/3/amass_g1_912_3_07_poses.npz
  reset.start: start_count=6 start_min=26 start_max=487
  reset.horizon: horizon_count=6 horizon_min=16 horizon_max=16
  reset.perturbation_family_counts: {'local_rp': 6}
  reset.request_strength_nonzero_frac: 100.0%
  reset.success_frac: 1.0000
  reset.segment_ids: [6503010, 6503010, 6503010, 355735, 355735, 355735]
  reset.motion_ids: ['KIT/3/amass_g1_912_3_07_poses.npz', 'KIT/3/amass_g1_912_3_07_poses.npz', 'KIT/3/amass_g1_912_3_07_poses.npz', 'BioMotionLab_NTroje/rub036/amass_g1_0033_rom_poses.npz', 'BioMotionLab_NTroje/rub036/amass_g1_0033_rom_poses.npz', 'BioMotionLab_NTroje/rub036/amass_g1_0033_rom_poses.npz']
  reset.start_frames: [26, 26, 26, 487, 487, 487]
  reset.horizon_k: [16, 16, 16, 16, 16, 16]
  reset.perturbation_family: ['local_rp', 'local_rp', 'local_rp', 'local_rp', 'local_rp', 'local_rp']
  reset.perturbation_strength: [1.25, 1.25, 1.25, 1.25, 1.25, 1.25]

--------------------------------------------------------------------------------

[frontres_stage1_hook trace] index_reset
  segment_ids: {'shape': (6,), 'device': 'cuda:0', 'min': 6815467, 'max': 7116057, 'nonzero_frac': 1.0, 'values': [6815467, 6815467, 6815467, 7116057, 7116057, 7116057]}
  motion_ids: {'count': 6, 'first': 'KIT/3/amass_g1_walking_run05_poses_reflect.npz', 'last': 'KIT/424/amass_g1_parkour03_poses.npz', 'unique_count': 2}
  motion_indices: {'shape': (6,), 'device': 'cuda:0', 'min': 10697, 'max': 12019, 'nonzero_frac': 1.0, 'values': [10697, 10697, 10697, 12019, 12019, 12019]}
  start_frames: {'shape': (6,), 'device': 'cuda:0', 'min': 69, 'max': 465, 'nonzero_frac': 1.0, 'values': [69, 69, 69, 465, 465, 465]}
  frame_indices: {'shape': (6,), 'device': 'cuda:0', 'min': 69, 'max': 465, 'nonzero_frac': 1.0, 'values': [69, 69, 69, 465, 465, 465]}
  env_ids: {'count': 12, 'first': 0, 'last': 11, 'min': 0, 'max': 11}
  role_env_ids: {'repair': {'count': 6, 'first': 0, 'last': 5, 'min': 0, 'max': 5}, 'noisy': {'count': 6, 'first': 6, 'last': 11, 'min': 6, 'max': 11}}
  root_pos: {'shape': (12, 3), 'device': 'cuda:0', 'finite': True, 'min': -38.846744537353516, 'max': 37.223045349121094, 'mean': 0.531724750995636, 'abs_max': 38.846744537353516, 'nonzero_frac': 1.0, 'requires_grad': False}
  joint_pos: {'shape': (12, 29), 'device': 'cuda:0', 'finite': True, 'min': -0.6256648302078247, 'max': 1.261315941810608, 'mean': 0.007299987133592367, 'abs_max': 1.261315941810608, 'nonzero_frac': 1.0, 'requires_grad': False}
  perturbation_strength: None
  perturbation_family: []
  perturbation_family_masks: None
  cached_perturbed_pos: {'shape': (12, 3), 'device': 'cuda:0', 'finite': True, 'min': -2.8415005207061768, 'max': 1.222261667251587, 'mean': 0.09826978296041489, 'abs_max': 2.8415005207061768, 'nonzero_frac': 1.0, 'requires_grad': False}
  perturber_dr_scale_env: None
  perturber_family_masks: None
  fixed_noisy_hashes: None
  local_scenario_hashes: {'count': 6, 'first': '34635a5a0b1a51118805bf1b6ab49a30d30e829d655613bc8515f3ad5a338f07', 'last': 'af11f76a984470c85f557a2fa405943fe39f526ba7ac415df17af700934c65c7', 'unique_count': 2}

--------------------------------------------------------------------------------

[FrontRES Segment Reset]
  reset.mode: index_only
  reset.ids: count=6 id_min=6815467 id_max=7116057
  reset.motion: motion_count=6 unique_motion_count=2 first_motion=KIT/3/amass_g1_walking_run05_poses_reflect.npz
  reset.start: start_count=6 start_min=69 start_max=465
  reset.horizon: horizon_count=6 horizon_min=16 horizon_max=16
  reset.perturbation_family_counts: {'local_rp': 6}
  reset.request_strength_nonzero_frac: 100.0%
  reset.success_frac: 1.0000
  reset.segment_ids: [6815467, 6815467, 6815467, 7116057, 7116057, 7116057]
  reset.motion_ids: ['KIT/3/amass_g1_walking_run05_poses_reflect.npz', 'KIT/3/amass_g1_walking_run05_poses_reflect.npz', 'KIT/3/amass_g1_walking_run05_poses_reflect.npz', 'KIT/424/amass_g1_parkour03_poses.npz', 'KIT/424/amass_g1_parkour03_poses.npz', 'KIT/424/amass_g1_parkour03_poses.npz']
  reset.start_frames: [69, 69, 69, 465, 465, 465]
  reset.horizon_k: [16, 16, 16, 16, 16, 16]
  reset.perturbation_family: ['local_rp', 'local_rp', 'local_rp', 'local_rp', 'local_rp', 'local_rp']
  reset.perturbation_strength: [1.25, 1.25, 1.25, 1.25, 1.25, 1.25]

--------------------------------------------------------------------------------

[frontres_stage1_hook trace] index_reset
  segment_ids: {'shape': (6,), 'device': 'cuda:0', 'min': 6815467, 'max': 7116057, 'nonzero_frac': 1.0, 'values': [6815467, 6815467, 6815467, 7116057, 7116057, 7116057]}
  motion_ids: {'count': 6, 'first': 'KIT/3/amass_g1_walking_run05_poses_reflect.npz', 'last': 'KIT/424/amass_g1_parkour03_poses.npz', 'unique_count': 2}
  motion_indices: {'shape': (6,), 'device': 'cuda:0', 'min': 10697, 'max': 12019, 'nonzero_frac': 1.0, 'values': [10697, 10697, 10697, 12019, 12019, 12019]}
  start_frames: {'shape': (6,), 'device': 'cuda:0', 'min': 69, 'max': 465, 'nonzero_frac': 1.0, 'values': [69, 69, 69, 465, 465, 465]}
  frame_indices: {'shape': (6,), 'device': 'cuda:0', 'min': 69, 'max': 465, 'nonzero_frac': 1.0, 'values': [69, 69, 69, 465, 465, 465]}
  env_ids: {'count': 12, 'first': 0, 'last': 11, 'min': 0, 'max': 11}
  role_env_ids: {'repair': {'count': 6, 'first': 0, 'last': 5, 'min': 0, 'max': 5}, 'noisy': {'count': 6, 'first': 6, 'last': 11, 'min': 6, 'max': 11}}
  root_pos: {'shape': (12, 3), 'device': 'cuda:0', 'finite': True, 'min': -38.846744537353516, 'max': 37.223045349121094, 'mean': 0.531724750995636, 'abs_max': 38.846744537353516, 'nonzero_frac': 1.0, 'requires_grad': False}
  joint_pos: {'shape': (12, 29), 'device': 'cuda:0', 'finite': True, 'min': -0.6256648302078247, 'max': 1.261315941810608, 'mean': 0.007299987133592367, 'abs_max': 1.261315941810608, 'nonzero_frac': 1.0, 'requires_grad': False}
  perturbation_strength: None
  perturbation_family: []
  perturbation_family_masks: None
  cached_perturbed_pos: {'shape': (12, 3), 'device': 'cuda:0', 'finite': True, 'min': -2.8415005207061768, 'max': 1.222261667251587, 'mean': 0.09826978296041489, 'abs_max': 2.8415005207061768, 'nonzero_frac': 1.0, 'requires_grad': False}
  perturber_dr_scale_env: None
  perturber_family_masks: None
  fixed_noisy_hashes: None
  local_scenario_hashes: {'count': 6, 'first': '34635a5a0b1a51118805bf1b6ab49a30d30e829d655613bc8515f3ad5a338f07', 'last': 'af11f76a984470c85f557a2fa405943fe39f526ba7ac415df17af700934c65c7', 'unique_count': 2}

--------------------------------------------------------------------------------

[FrontRES Segment Reset]
  reset.mode: index_only
  reset.ids: count=6 id_min=6815467 id_max=7116057
  reset.motion: motion_count=6 unique_motion_count=2 first_motion=KIT/3/amass_g1_walking_run05_poses_reflect.npz
  reset.start: start_count=6 start_min=69 start_max=465
  reset.horizon: horizon_count=6 horizon_min=16 horizon_max=16
  reset.perturbation_family_counts: {'local_rp': 6}
  reset.request_strength_nonzero_frac: 100.0%
  reset.success_frac: 1.0000
  reset.segment_ids: [6815467, 6815467, 6815467, 7116057, 7116057, 7116057]
  reset.motion_ids: ['KIT/3/amass_g1_walking_run05_poses_reflect.npz', 'KIT/3/amass_g1_walking_run05_poses_reflect.npz', 'KIT/3/amass_g1_walking_run05_poses_reflect.npz', 'KIT/424/amass_g1_parkour03_poses.npz', 'KIT/424/amass_g1_parkour03_poses.npz', 'KIT/424/amass_g1_parkour03_poses.npz']
  reset.start_frames: [69, 69, 69, 465, 465, 465]
  reset.horizon_k: [16, 16, 16, 16, 16, 16]
  reset.perturbation_family: ['local_rp', 'local_rp', 'local_rp', 'local_rp', 'local_rp', 'local_rp']
  reset.perturbation_strength: [1.25, 1.25, 1.25, 1.25, 1.25, 1.25]

--------------------------------------------------------------------------------

[frontres_stage1_hook trace] index_reset
  segment_ids: {'shape': (6,), 'device': 'cuda:0', 'min': 6815467, 'max': 7116057, 'nonzero_frac': 1.0, 'values': [6815467, 6815467, 6815467, 7116057, 7116057, 7116057]}
  motion_ids: {'count': 6, 'first': 'KIT/3/amass_g1_walking_run05_poses_reflect.npz', 'last': 'KIT/424/amass_g1_parkour03_poses.npz', 'unique_count': 2}
  motion_indices: {'shape': (6,), 'device': 'cuda:0', 'min': 10697, 'max': 12019, 'nonzero_frac': 1.0, 'values': [10697, 10697, 10697, 12019, 12019, 12019]}
  start_frames: {'shape': (6,), 'device': 'cuda:0', 'min': 69, 'max': 465, 'nonzero_frac': 1.0, 'values': [69, 69, 69, 465, 465, 465]}
  frame_indices: {'shape': (6,), 'device': 'cuda:0', 'min': 69, 'max': 465, 'nonzero_frac': 1.0, 'values': [69, 69, 69, 465, 465, 465]}
  env_ids: {'count': 12, 'first': 0, 'last': 11, 'min': 0, 'max': 11}
  role_env_ids: {'repair': {'count': 6, 'first': 0, 'last': 5, 'min': 0, 'max': 5}, 'noisy': {'count': 6, 'first': 6, 'last': 11, 'min': 6, 'max': 11}}
  root_pos: {'shape': (12, 3), 'device': 'cuda:0', 'finite': True, 'min': -38.846744537353516, 'max': 37.223045349121094, 'mean': 0.531724750995636, 'abs_max': 38.846744537353516, 'nonzero_frac': 1.0, 'requires_grad': False}
  joint_pos: {'shape': (12, 29), 'device': 'cuda:0', 'finite': True, 'min': -0.6256648302078247, 'max': 1.261315941810608, 'mean': 0.007299987133592367, 'abs_max': 1.261315941810608, 'nonzero_frac': 1.0, 'requires_grad': False}
  perturbation_strength: None
  perturbation_family: []
  perturbation_family_masks: None
  cached_perturbed_pos: {'shape': (12, 3), 'device': 'cuda:0', 'finite': True, 'min': -2.8415005207061768, 'max': 1.222261667251587, 'mean': 0.09826978296041489, 'abs_max': 2.8415005207061768, 'nonzero_frac': 1.0, 'requires_grad': False}
  perturber_dr_scale_env: None
  perturber_family_masks: None
  fixed_noisy_hashes: None
  local_scenario_hashes: {'count': 6, 'first': '34635a5a0b1a51118805bf1b6ab49a30d30e829d655613bc8515f3ad5a338f07', 'last': 'af11f76a984470c85f557a2fa405943fe39f526ba7ac415df17af700934c65c7', 'unique_count': 2}

--------------------------------------------------------------------------------

[FrontRES Segment Reset]
  reset.mode: index_only
  reset.ids: count=6 id_min=6815467 id_max=7116057
  reset.motion: motion_count=6 unique_motion_count=2 first_motion=KIT/3/amass_g1_walking_run05_poses_reflect.npz
  reset.start: start_count=6 start_min=69 start_max=465
  reset.horizon: horizon_count=6 horizon_min=16 horizon_max=16
  reset.perturbation_family_counts: {'local_rp': 6}
  reset.request_strength_nonzero_frac: 100.0%
  reset.success_frac: 1.0000
  reset.segment_ids: [6815467, 6815467, 6815467, 7116057, 7116057, 7116057]
  reset.motion_ids: ['KIT/3/amass_g1_walking_run05_poses_reflect.npz', 'KIT/3/amass_g1_walking_run05_poses_reflect.npz', 'KIT/3/amass_g1_walking_run05_poses_reflect.npz', 'KIT/424/amass_g1_parkour03_poses.npz', 'KIT/424/amass_g1_parkour03_poses.npz', 'KIT/424/amass_g1_parkour03_poses.npz']
  reset.start_frames: [69, 69, 69, 465, 465, 465]
  reset.horizon_k: [16, 16, 16, 16, 16, 16]
  reset.perturbation_family: ['local_rp', 'local_rp', 'local_rp', 'local_rp', 'local_rp', 'local_rp']
  reset.perturbation_strength: [1.25, 1.25, 1.25, 1.25, 1.25, 1.25]
U is enabled. Running CUDA peer-to-peer bandwidth and latency validation.
Unidirectional P2P=Enabled Bandwidth (P2P Writes) Matrix (GB/s)
   D\D     0 
     0 617.59 
P2P=Enabled Latency (P2P Writes) Matrix (us)
   GPU     0 
     0   1.66 

   CPU     0 
     0   2.76 
2026-08-07 02:57:13 [11,349ms] [Warning] [carb.windowing-glfw.plugin] GLFW initialization failed.
2026-08-07 02:57:13 [11,349ms] [Warning] [carb] Failed to startup plugin carb.windowing-glfw.plugin (interfaces: [carb::windowing::IGLContext v1.0],[carb::windowing::IWindowing v1.5]) (impl: carb.windowing-glfw.plugin)
2026-08-07 02:57:13 [11,365ms] [Warning] [carb.windowing-glfw.plugin] GLFW initialization failed.
2026-08-07 02:57:13 [11,365ms] [Warning] [carb] Failed to startup plugin carb.windowing-glfw.plugin (interfaces: [carb::windowing::IGLContext v1.0],[carb::windowing::IWindowing v1.5]) (impl: carb.windowing-glfw.plugin)
2026-08-07 02:57:13 [11,374ms] [Warning] [carb.windowing-glfw.plugin] GLFW initialization failed.
2026-08-07 02:57:13 [11,374ms] [Warning] [carb] Failed to startup plugin carb.windowing-glfw.plugin (interfaces: [carb::windowing::IGLContext v1.0],[carb::windowing::IWindowing v1.5]) (impl: carb.windowing-glfw.plugin)
2026-08-07 02:57:13 [11,388ms] [Warning] [carb.windowing-glfw.plugin] GLFW initialization failed.
2026-08-07 02:57:13 [11,388ms] [Warning] [carb] Failed to startup plugin carb.windowing-glfw.plugin (interfaces: [carb::windowing::IGLContext v1.0],[carb::windowing::IWindowing v1.5]) (impl: carb.windowing-glfw.plugin)
2026-08-07 02:57:13 [11,391ms] [Warning] [carb.windowing-glfw.plugin] GLFW initialization failed.
2026-08-07 02:57:13 [11,391ms] [Warning] [carb] Failed to startup plugin carb.windowing-glfw.plugin (interfaces: [carb::windowing::IGLContext v1.0],[carb::windowing::IWindowing v1.5]) (impl: carb.windowing-glfw.plugin)
2026-08-07 02:57:13 [11,393ms] [Warning] [carb.windowing-glfw.plugin] GLFW initialization failed.
2026-08-07 02:57:13 [11,393ms] [Warning] [carb] Failed to startup plugin carb.windowing-glfw.plugin (interfaces: [carb::windowing::IGLContext v1.0],[carb::windowing::IWindowing v1.5]) (impl: carb.windowing-glfw.plugin)
2026-08-07 02:57:13 [11,855ms] [Warning] [omni.graph.visualization.nodes._impl.extension] No Viewport Window to add omni.graph.visualization.nodes-2.1.1 scene to
